Archive member included because of file (symbol)

C:\DAVE-3.1\eclipse\/../CMSIS/Lib/GCC\libarm_cortexM4lf_math.a(arm_cfft_radix4_f32.o)
                              arm_convolution_example_f32.o (arm_cfft_radix4_f32)
C:\DAVE-3.1\eclipse\/../CMSIS/Lib/GCC\libarm_cortexM4lf_math.a(arm_cfft_radix4_init_f32.o)
                              arm_convolution_example_f32.o (arm_cfft_radix4_init_f32)
C:\DAVE-3.1\eclipse\/../CMSIS/Lib/GCC\libarm_cortexM4lf_math.a(arm_copy_f32.o)
                              arm_convolution_example_f32.o (arm_copy_f32)
C:\DAVE-3.1\eclipse\/../CMSIS/Lib/GCC\libarm_cortexM4lf_math.a(arm_fill_f32.o)
                              arm_convolution_example_f32.o (arm_fill_f32)
C:\DAVE-3.1\eclipse\/../CMSIS/Lib/GCC\libarm_cortexM4lf_math.a(arm_cmplx_mult_cmplx_f32.o)
                              arm_convolution_example_f32.o (arm_cmplx_mult_cmplx_f32)
C:\DAVE-3.1\eclipse\/../CMSIS/Lib/GCC\libarm_cortexM4lf_math.a(arm_common_tables.o)
                              C:\DAVE-3.1\eclipse\/../CMSIS/Lib/GCC\libarm_cortexM4lf_math.a(arm_cfft_radix4_init_f32.o) (twiddleCoef_4096)
C:\DAVE-3.1\eclipse\/../CMSIS/Lib/GCC\libarm_cortexM4lf_math.a(arm_bitreversal.o)
                              C:\DAVE-3.1\eclipse\/../CMSIS/Lib/GCC\libarm_cortexM4lf_math.a(arm_cfft_radix4_f32.o) (arm_bitreversal_f32)
c:/dave-3.1/arm-gcc/bin/../lib/gcc/arm-none-eabi/4.7.4/../../../../arm-none-eabi/lib/armv7e-m\libm.a(lib_a-w_log10.o)
                              Common/Source/math_helper.o (log10)
c:/dave-3.1/arm-gcc/bin/../lib/gcc/arm-none-eabi/4.7.4/../../../../arm-none-eabi/lib/armv7e-m\libm.a(lib_a-e_log10.o)
                              c:/dave-3.1/arm-gcc/bin/../lib/gcc/arm-none-eabi/4.7.4/../../../../arm-none-eabi/lib/armv7e-m\libm.a(lib_a-w_log10.o) (__ieee754_log10)
c:/dave-3.1/arm-gcc/bin/../lib/gcc/arm-none-eabi/4.7.4/../../../../arm-none-eabi/lib/armv7e-m\libm.a(lib_a-s_fpclassify.o)
                              c:/dave-3.1/arm-gcc/bin/../lib/gcc/arm-none-eabi/4.7.4/../../../../arm-none-eabi/lib/armv7e-m\libm.a(lib_a-w_log10.o) (__fpclassifyd)
c:/dave-3.1/arm-gcc/bin/../lib/gcc/arm-none-eabi/4.7.4/../../../../arm-none-eabi/lib/armv7e-m\libm.a(lib_a-s_lib_ver.o)
                              c:/dave-3.1/arm-gcc/bin/../lib/gcc/arm-none-eabi/4.7.4/../../../../arm-none-eabi/lib/armv7e-m\libm.a(lib_a-w_log10.o) (__fdlib_version)
c:/dave-3.1/arm-gcc/bin/../lib/gcc/arm-none-eabi/4.7.4/../../../../arm-none-eabi/lib/armv7e-m\libm.a(lib_a-s_matherr.o)
                              c:/dave-3.1/arm-gcc/bin/../lib/gcc/arm-none-eabi/4.7.4/../../../../arm-none-eabi/lib/armv7e-m\libm.a(lib_a-w_log10.o) (matherr)
c:/dave-3.1/arm-gcc/bin/../lib/gcc/arm-none-eabi/4.7.4/../../../../arm-none-eabi/lib/armv7e-m\libm.a(lib_a-s_nan.o)
                              c:/dave-3.1/arm-gcc/bin/../lib/gcc/arm-none-eabi/4.7.4/../../../../arm-none-eabi/lib/armv7e-m\libm.a(lib_a-w_log10.o) (nan)
c:/dave-3.1/arm-gcc/bin/../lib/gcc/arm-none-eabi/4.7.4/../../../../arm-none-eabi/lib/armv7e-m\libm.a(lib_a-e_log.o)
                              c:/dave-3.1/arm-gcc/bin/../lib/gcc/arm-none-eabi/4.7.4/../../../../arm-none-eabi/lib/armv7e-m\libm.a(lib_a-e_log10.o) (__ieee754_log)
c:/dave-3.1/arm-gcc/bin/../lib/gcc/arm-none-eabi/4.7.4/armv7e-m\libgcc.a(_arm_addsubdf3.o)
                              c:/dave-3.1/arm-gcc/bin/../lib/gcc/arm-none-eabi/4.7.4/../../../../arm-none-eabi/lib/armv7e-m\libm.a(lib_a-e_log10.o) (__aeabi_dsub)
c:/dave-3.1/arm-gcc/bin/../lib/gcc/arm-none-eabi/4.7.4/armv7e-m\libgcc.a(_arm_muldivdf3.o)
                              Common/Source/math_helper.o (__aeabi_dmul)
c:/dave-3.1/arm-gcc/bin/../lib/gcc/arm-none-eabi/4.7.4/armv7e-m\libgcc.a(_arm_cmpdf2.o)
                              c:/dave-3.1/arm-gcc/bin/../lib/gcc/arm-none-eabi/4.7.4/../../../../arm-none-eabi/lib/armv7e-m\libm.a(lib_a-w_log10.o) (__aeabi_dcmpeq)
c:/dave-3.1/arm-gcc/bin/../lib/gcc/arm-none-eabi/4.7.4/armv7e-m\libgcc.a(_arm_fixdfsi.o)
                              Common/Source/math_helper.o (__aeabi_d2iz)
c:/dave-3.1/arm-gcc/bin/../lib/gcc/arm-none-eabi/4.7.4/armv7e-m\libgcc.a(_arm_truncdfsf2.o)
                              Common/Source/math_helper.o (__aeabi_d2f)
c:/dave-3.1/arm-gcc/bin/../lib/gcc/arm-none-eabi/4.7.4/../../../../arm-none-eabi/lib/armv7e-m\libg.a(lib_a-errno.o)
                              c:/dave-3.1/arm-gcc/bin/../lib/gcc/arm-none-eabi/4.7.4/../../../../arm-none-eabi/lib/armv7e-m\libm.a(lib_a-w_log10.o) (__errno)
c:/dave-3.1/arm-gcc/bin/../lib/gcc/arm-none-eabi/4.7.4/../../../../arm-none-eabi/lib/armv7e-m\libg.a(lib_a-impure.o)
                              c:/dave-3.1/arm-gcc/bin/../lib/gcc/arm-none-eabi/4.7.4/../../../../arm-none-eabi/lib/armv7e-m\libg.a(lib_a-errno.o) (_impure_ptr)
c:/dave-3.1/arm-gcc/bin/../lib/gcc/arm-none-eabi/4.7.4/../../../../arm-none-eabi/lib/armv7e-m\libg.a(lib_a-init.o)
                              Startup/startup_XMC4500.o (__libc_init_array)
[...]
Memory Configuration

Name             Origin             Length             Attributes
FLASH_1_cached   0x08000000         0x00100000         xr
FLASH_1_uncached 0x0c000000         0x00100000         xr
PSRAM_1          0x10000000         0x00010000         !xr
DSRAM_1_system   0x20000000         0x00010000         !xr
DSRAM_2_comm     0x30000000         0x00008000         !xr
*default*        0x00000000         0xffffffff

Linker script and memory map

LOAD arm_convolution_example_f32.o
LOAD Startup/startup_XMC4500.o
LOAD Startup/system_XMC4500.o
LOAD Common/Source/math_helper.o
LOAD C:\DAVE-3.1\eclipse\/../CMSIS/Lib/GCC\libarm_cortexM4lf_math.a
LOAD c:/dave-3.1/arm-gcc/bin/../lib/gcc/arm-none-eabi/4.7.4/../../../../arm-none-eabi/lib/armv7e-m\libm.a
START GROUP
LOAD c:/dave-3.1/arm-gcc/bin/../lib/gcc/arm-none-eabi/4.7.4/armv7e-m\libgcc.a
LOAD c:/dave-3.1/arm-gcc/bin/../lib/gcc/arm-none-eabi/4.7.4/../../../../arm-none-eabi/lib/armv7e-m\libg.a
LOAD c:/dave-3.1/arm-gcc/bin/../lib/gcc/arm-none-eabi/4.7.4/../../../../arm-none-eabi/lib/armv7e-m\libc.a
END GROUP
START GROUP
LOAD C:\DAVE-3.1\eclipse\/../Examples/Lib\libxmclibcstubs.a
END GROUP
                0x00000800                stack_size = 0x800

.text           0x08000000     0x3fa0 load address 0x0c000000
                0x08000000                sText = .
 *(.Xmc4500.reset)
 .Xmc4500.reset
                0x08000000      0x21c Startup/startup_XMC4500.o
                0x08000000                __Xmc4500_interrupt_vector_cortex_m
                0x08000200                __Xmc4500_reset_cortex_m
 *(.Xmc4500.postreset)
 .Xmc4500.postreset
                0x0800021c       0xa8 Startup/startup_XMC4500.o
 *(.XmcStartup)
 .XmcStartup    0x080002c4        0x4 Startup/startup_XMC4500.o
                0x080002c4                SystemInit_DAVE3
 *(.text .text.* .gnu.linkonce.t.*)
 .text          0x080002c8        0x0 arm_convolution_example_f32.o
 .text.main     0x080002c8      0x16c arm_convolution_example_f32.o
                0x080002c8                main
 .text          0x08000434      0x82c Startup/startup_XMC4500.o
                0x08000434                NMI_Handler
                0x08000436                NMI_Handler_Veneer
                0x08000444                HardFault_Handler
                0x08000446                HardFault_Handler_Veneer
                0x08000454                MemManage_Handler
                0x08000456                MemManage_Handler_Veneer
                0x08000464                BusFault_Handler
                0x08000466                BusFault_Handler_Veneer
                0x08000474                UsageFault_Handler
                0x08000476                UsageFault_Handler_Veneer
                0x08000484                SVC_Handler
                0x08000486                SVC_Handler_Veneer
                0x08000494                DebugMon_Handler
                0x08000496                DebugMon_Handler_Veneer
                0x080004a4                PendSV_Handler
                0x080004a6                PendSV_Handler_Veneer
                0x080004b4                SysTick_Handler
                0x080004b6                SysTick_Handler_Veneer
                0x080004c4                SCU_0_IRQHandler
                0x080004c6                SCU_0_IRQHandler_Veneer
                0x080004d4                ERU0_0_IRQHandler
                0x080004d6                ERU0_0_IRQHandler_Veneer
                0x080004e4                ERU0_1_IRQHandler
                0x080004e6                ERU0_1_IRQHandler_Veneer
                0x080004f4                ERU0_2_IRQHandler
                0x080004f6                ERU0_2_IRQHandler_Veneer
                0x08000504                ERU0_3_IRQHandler
                0x08000506                ERU0_3_IRQHandler_Veneer
                0x08000514                ERU1_0_IRQHandler
                0x08000516                ERU1_0_IRQHandler_Veneer
                0x08000524                ERU1_1_IRQHandler
                0x08000526                ERU1_1_IRQHandler_Veneer
                0x08000534                ERU1_2_IRQHandler
                0x08000536                ERU1_2_IRQHandler_Veneer
                0x08000544                ERU1_3_IRQHandler
                0x08000546                ERU1_3_IRQHandler_Veneer
                0x08000554                PMU0_0_IRQHandler
                0x08000556                PMU0_0_IRQHandler_Veneer
                0x08000564                VADC0_C0_0_IRQHandler
                0x08000566                VADC0_C0_0_IRQHandler_Veneer
                0x08000574                VADC0_C0_1_IRQHandler
                0x08000576                VADC0_C0_1_IRQHandler_Veneer
                0x08000584                VADC0_C0_2_IRQHandler
                0x08000586                VADC0_C0_2_IRQHandler_Veneer
                0x08000594                VADC0_C0_3_IRQHandler
                0x08000596                VADC0_C0_3_IRQHandler_Veneer
                0x080005a4                VADC0_G0_0_IRQHandler
                0x080005a6                VADC0_G0_0_IRQHandler_Veneer
                0x080005b4                VADC0_G0_1_IRQHandler
                0x080005b6                VADC0_G0_1_IRQHandler_Veneer
                0x080005c4                VADC0_G0_2_IRQHandler
                0x080005c6                VADC0_G0_2_IRQHandler_Veneer
                0x080005d4                VADC0_G0_3_IRQHandler
                0x080005d6                VADC0_G0_3_IRQHandler_Veneer
                0x080005e4                VADC0_G1_0_IRQHandler
                0x080005e6                VADC0_G1_0_IRQHandler_Veneer
                0x080005f4                VADC0_G1_1_IRQHandler
                0x080005f6                VADC0_G1_1_IRQHandler_Veneer
                0x08000604                VADC0_G1_2_IRQHandler
                0x08000606                VADC0_G1_2_IRQHandler_Veneer
                0x08000614                VADC0_G1_3_IRQHandler
                0x08000616                VADC0_G1_3_IRQHandler_Veneer
                0x08000624                VADC0_G2_0_IRQHandler
                0x08000626                VADC0_G2_0_IRQHandler_Veneer
                0x08000634                VADC0_G2_1_IRQHandler
                0x08000636                VADC0_G2_1_IRQHandler_Veneer
                0x08000644                VADC0_G2_2_IRQHandler
                0x08000646                VADC0_G2_2_IRQHandler_Veneer
                0x08000654                VADC0_G2_3_IRQHandler
                0x08000656                VADC0_G2_3_IRQHandler_Veneer
                0x08000664                VADC0_G3_0_IRQHandler
                0x08000666                VADC0_G3_0_IRQHandler_Veneer
                0x08000674                VADC0_G3_1_IRQHandler
                0x08000676                VADC0_G3_1_IRQHandler_Veneer
                0x08000684                VADC0_G3_2_IRQHandler
                0x08000686                VADC0_G3_2_IRQHandler_Veneer
                0x08000694                VADC0_G3_3_IRQHandler
                0x08000696                VADC0_G3_3_IRQHandler_Veneer
                0x080006a4                DSD0_0_IRQHandler
                0x080006a6                DSD0_0_IRQHandler_Veneer
                0x080006b4                DSD0_1_IRQHandler
                0x080006b6                DSD0_1_IRQHandler_Veneer
                0x080006c4                DSD0_2_IRQHandler
                0x080006c6                DSD0_2_IRQHandler_Veneer
                0x080006d4                DSD0_3_IRQHandler
                0x080006d6                DSD0_3_IRQHandler_Veneer
                0x080006e4                DSD0_4_IRQHandler
                0x080006e6                DSD0_4_IRQHandler_Veneer
                0x080006f4                DSD0_5_IRQHandler
                0x080006f6                DSD0_5_IRQHandler_Veneer
                0x08000704                DSD0_6_IRQHandler
                0x08000706                DSD0_6_IRQHandler_Veneer
                0x08000714                DSD0_7_IRQHandler
                0x08000716                DSD0_7_IRQHandler_Veneer
                0x08000724                DAC0_0_IRQHandler
                0x08000726                DAC0_0_IRQHandler_Veneer
                0x08000734                DAC0_1_IRQHandler
                0x08000736                DAC0_1_IRQHandler_Veneer
                0x08000744                CCU40_0_IRQHandler
                0x08000746                CCU40_0_IRQHandler_Veneer
                0x08000754                CCU40_1_IRQHandler
                0x08000756                CCU40_1_IRQHandler_Veneer
                0x08000764                CCU40_2_IRQHandler
                0x08000766                CCU40_2_IRQHandler_Veneer
                0x08000774                CCU40_3_IRQHandler
                0x08000776                CCU40_3_IRQHandler_Veneer
                0x08000784                CCU41_0_IRQHandler
                0x08000786                CCU41_0_IRQHandler_Veneer
                0x08000792                CCU41_1_IRQHandler
                0x08000794                CCU41_1_IRQHandler_Veneer
                0x080007a0                CCU41_2_IRQHandler
                0x080007a2                CCU41_2_IRQHandler_Veneer
                0x080007ae                CCU41_3_IRQHandler
                0x080007b0                CCU41_3_IRQHandler_Veneer
                0x080007bc                CCU42_0_IRQHandler
                0x080007be                CCU42_0_IRQHandler_Veneer
                0x080007ca                CCU42_1_IRQHandler
                0x080007cc                CCU42_1_IRQHandler_Veneer
                0x080007d8                CCU42_2_IRQHandler
                0x080007da                CCU42_2_IRQHandler_Veneer
                0x080007e6                CCU42_3_IRQHandler
                0x080007e8                CCU42_3_IRQHandler_Veneer
                0x080007f4                CCU43_0_IRQHandler
                0x080007f6                CCU43_0_IRQHandler_Veneer
                0x08000802                CCU43_1_IRQHandler
                0x08000804                CCU43_1_IRQHandler_Veneer
                0x08000810                CCU43_2_IRQHandler
                0x08000812                CCU43_2_IRQHandler_Veneer
                0x0800081e                CCU43_3_IRQHandler
                0x08000820                CCU43_3_IRQHandler_Veneer
                0x0800082c                CCU80_0_IRQHandler
                0x0800082e                CCU80_0_IRQHandler_Veneer
                0x0800083a                CCU80_1_IRQHandler
                0x0800083c                CCU80_1_IRQHandler_Veneer
                0x08000848                CCU80_2_IRQHandler
                0x0800084a                CCU80_2_IRQHandler_Veneer
                0x08000856                CCU80_3_IRQHandler
                0x08000858                CCU80_3_IRQHandler_Veneer
                0x08000864                CCU81_0_IRQHandler
                0x08000866                CCU81_0_IRQHandler_Veneer
                0x08000872                CCU81_1_IRQHandler
                0x08000874                CCU81_1_IRQHandler_Veneer
                0x08000880                CCU81_2_IRQHandler
                0x08000882                CCU81_2_IRQHandler_Veneer
                0x0800088e                CCU81_3_IRQHandler
                0x08000890                CCU81_3_IRQHandler_Veneer
                0x0800089c                POSIF0_0_IRQHandler
                0x0800089e                POSIF0_0_IRQHandler_Veneer
                0x080008aa                POSIF0_1_IRQHandler
                0x080008ac                POSIF0_1_IRQHandler_Veneer
                0x080008b8                POSIF1_0_IRQHandler
                0x080008ba                POSIF1_0_IRQHandler_Veneer
                0x080008c6                POSIF1_1_IRQHandler
                0x080008c8                POSIF1_1_IRQHandler_Veneer
                0x080008d4                CAN0_0_IRQHandler
                0x080008d6                CAN0_0_IRQHandler_Veneer
                0x080008e2                CAN0_1_IRQHandler
                0x080008e4                CAN0_1_IRQHandler_Veneer
                0x080008f0                CAN0_2_IRQHandler
                0x080008f2                CAN0_2_IRQHandler_Veneer
                0x080008fe                CAN0_3_IRQHandler
                0x08000900                CAN0_3_IRQHandler_Veneer
                0x0800090c                CAN0_4_IRQHandler
                0x0800090e                CAN0_4_IRQHandler_Veneer
                0x0800091a                CAN0_5_IRQHandler
                0x0800091c                CAN0_5_IRQHandler_Veneer
                0x08000928                CAN0_6_IRQHandler
                0x0800092a                CAN0_6_IRQHandler_Veneer
                0x08000936                CAN0_7_IRQHandler
                0x08000938                CAN0_7_IRQHandler_Veneer
                0x08000944                USIC0_0_IRQHandler
                0x08000946                USIC0_0_IRQHandler_Veneer
                0x08000952                USIC0_1_IRQHandler
                0x08000954                USIC0_1_IRQHandler_Veneer
                0x08000960                USIC0_2_IRQHandler
                0x08000962                USIC0_2_IRQHandler_Veneer
                0x0800096e                USIC0_3_IRQHandler
                0x08000970                USIC0_3_IRQHandler_Veneer
                0x0800097c                USIC0_4_IRQHandler
                0x0800097e                USIC0_4_IRQHandler_Veneer
                0x0800098a                USIC0_5_IRQHandler
                0x0800098c                USIC0_5_IRQHandler_Veneer
                0x08000998                USIC1_0_IRQHandler
                0x0800099a                USIC1_0_IRQHandler_Veneer
                0x080009a6                USIC1_1_IRQHandler
                0x080009a8                USIC1_1_IRQHandler_Veneer
                0x080009b4                USIC1_2_IRQHandler
                0x080009b6                USIC1_2_IRQHandler_Veneer
                0x080009c2                USIC1_3_IRQHandler
                0x080009c4                USIC1_3_IRQHandler_Veneer
                0x080009d0                USIC1_4_IRQHandler
                0x080009d2                USIC1_4_IRQHandler_Veneer
                0x080009de                USIC1_5_IRQHandler
                0x080009e0                USIC1_5_IRQHandler_Veneer
                0x080009ec                USIC2_0_IRQHandler
                0x080009ee                USIC2_0_IRQHandler_Veneer
                0x080009fa                USIC2_1_IRQHandler
                0x080009fc                USIC2_1_IRQHandler_Veneer
                0x08000a08                USIC2_2_IRQHandler
                0x08000a0a                USIC2_2_IRQHandler_Veneer
                0x08000a16                USIC2_3_IRQHandler
                0x08000a18                USIC2_3_IRQHandler_Veneer
                0x08000a24                USIC2_4_IRQHandler
                0x08000a26                USIC2_4_IRQHandler_Veneer
                0x08000a32                USIC2_5_IRQHandler
                0x08000a34                USIC2_5_IRQHandler_Veneer
                0x08000a40                LEDTS0_0_IRQHandler
                0x08000a42                LEDTS0_0_IRQHandler_Veneer
                0x08000a4e                FCE0_0_IRQHandler
                0x08000a50                FCE0_0_IRQHandler_Veneer
                0x08000a5c                GPDMA0_0_IRQHandler
                0x08000a5e                GPDMA0_0_IRQHandler_Veneer
                0x08000a6a                SDMMC0_0_IRQHandler
                0x08000a6c                SDMMC0_0_IRQHandler_Veneer
                0x08000a78                USB0_0_IRQHandler
                0x08000a7a                USB0_0_IRQHandler_Veneer
                0x08000a86                ETH0_0_IRQHandler
                0x08000a88                ETH0_0_IRQHandler_Veneer
                0x08000a94                GPDMA1_0_IRQHandler
                0x08000a96                GPDMA1_0_IRQHandler_Veneer
                0x08000aa2                AllowPLLInitByStartup
 .text          0x08000c60        0x0 Startup/system_XMC4500.o
 .text.SystemInit
                0x08000c60       0x9c Startup/system_XMC4500.o
                0x08000c60                SystemInit
 .text.SystemCoreClockUpdate
                0x08000cfc      0x148 Startup/system_XMC4500.o
                0x08000cfc                SystemCoreClockUpdate
 .text.SystemClockSetup
                0x08000e44      0x4cc Startup/system_XMC4500.o
 .text          0x08001310        0x0 Common/Source/math_helper.o
 .text.arm_snr_f32
                0x08001310      0x16c Common/Source/math_helper.o
                0x08001310                arm_snr_f32
 .text.arm_provide_guard_bits_q15
                0x0800147c       0x50 Common/Source/math_helper.o
                0x0800147c                arm_provide_guard_bits_q15
 .text.arm_float_to_q12_20
                0x080014cc       0xec Common/Source/math_helper.o
                0x080014cc                arm_float_to_q12_20
 .text.arm_compare_fixed_q15
                0x080015b8       0x74 Common/Source/math_helper.o
                0x080015b8                arm_compare_fixed_q15
 .text.arm_compare_fixed_q31
                0x0800162c       0x70 Common/Source/math_helper.o
                0x0800162c                arm_compare_fixed_q31
 .text.arm_provide_guard_bits_q31
                0x0800169c       0x4c Common/Source/math_helper.o
                0x0800169c                arm_provide_guard_bits_q31
 .text.arm_provide_guard_bits_q7
                0x080016e8       0x48 Common/Source/math_helper.o
                0x080016e8                arm_provide_guard_bits_q7
 .text.arm_calc_guard_bits
                0x08001730       0x48 Common/Source/math_helper.o
                0x08001730                arm_calc_guard_bits
 .text.arm_apply_guard_bits
                0x08001778       0x64 Common/Source/math_helper.o
                0x08001778                arm_apply_guard_bits
 .text.arm_calc_2pow
                0x080017dc       0x3c Common/Source/math_helper.o
                0x080017dc                arm_calc_2pow
 .text.arm_float_to_q14
                0x08001818       0xf0 Common/Source/math_helper.o
                0x08001818                arm_float_to_q14
 .text.arm_float_to_q30
                0x08001908       0xe8 Common/Source/math_helper.o
                0x08001908                arm_float_to_q30
 .text.arm_float_to_q29
                0x080019f0       0xe8 Common/Source/math_helper.o
                0x080019f0                arm_float_to_q29
 .text.arm_float_to_q28
                0x08001ad8       0xe8 Common/Source/math_helper.o
                0x08001ad8                arm_float_to_q28
 .text.arm_clip_f32
                0x08001bc0       0x8c Common/Source/math_helper.o
                0x08001bc0                arm_clip_f32
 .text          0x08001c4c        0x0 C:\DAVE-3.1\eclipse\/../CMSIS/Lib/GCC\libarm_cortexM4lf_math.a(arm_cfft_radix4_f32.o)
 .text.arm_radix4_butterfly_f32
                0x08001c4c      0x50c C:\DAVE-3.1\eclipse\/../CMSIS/Lib/GCC\libarm_cortexM4lf_math.a(arm_cfft_radix4_f32.o)
                0x08001c4c                arm_radix4_butterfly_f32
 .text.arm_radix4_butterfly_inverse_f32
                0x08002158      0x388 C:\DAVE-3.1\eclipse\/../CMSIS/Lib/GCC\libarm_cortexM4lf_math.a(arm_cfft_radix4_f32.o)
                0x08002158                arm_radix4_butterfly_inverse_f32
 .text.arm_cfft_radix4_f32
                0x080024e0       0x4c C:\DAVE-3.1\eclipse\/../CMSIS/Lib/GCC\libarm_cortexM4lf_math.a(arm_cfft_radix4_f32.o)
                0x080024e0                arm_cfft_radix4_f32
 .text          0x0800252c        0x0 C:\DAVE-3.1\eclipse\/../CMSIS/Lib/GCC\libarm_cortexM4lf_math.a(arm_cfft_radix4_init_f32.o)
 .text.arm_cfft_radix4_init_f32
                0x0800252c       0xb4 C:\DAVE-3.1\eclipse\/../CMSIS/Lib/GCC\libarm_cortexM4lf_math.a(arm_cfft_radix4_init_f32.o)
                0x0800252c                arm_cfft_radix4_init_f32
 .text          0x080025e0        0x0 C:\DAVE-3.1\eclipse\/../CMSIS/Lib/GCC\libarm_cortexM4lf_math.a(arm_copy_f32.o)
 .text.arm_copy_f32
                0x080025e0       0xec C:\DAVE-3.1\eclipse\/../CMSIS/Lib/GCC\libarm_cortexM4lf_math.a(arm_copy_f32.o)
                0x080025e0                arm_copy_f32
 .text          0x080026cc        0x0 C:\DAVE-3.1\eclipse\/../CMSIS/Lib/GCC\libarm_cortexM4lf_math.a(arm_fill_f32.o)
 .text.arm_fill_f32
                0x080026cc       0x7c C:\DAVE-3.1\eclipse\/../CMSIS/Lib/GCC\libarm_cortexM4lf_math.a(arm_fill_f32.o)
                0x080026cc                arm_fill_f32
 .text          0x08002748        0x0 C:\DAVE-3.1\eclipse\/../CMSIS/Lib/GCC\libarm_cortexM4lf_math.a(arm_cmplx_mult_cmplx_f32.o)
 .text.arm_cmplx_mult_cmplx_f32
                0x08002748      0x1a4 C:\DAVE-3.1\eclipse\/../CMSIS/Lib/GCC\libarm_cortexM4lf_math.a(arm_cmplx_mult_cmplx_f32.o)
                0x08002748                arm_cmplx_mult_cmplx_f32
 .text          0x080028ec        0x0 C:\DAVE-3.1\eclipse\/../CMSIS/Lib/GCC\libarm_cortexM4lf_math.a(arm_common_tables.o)
 .text          0x080028ec        0x0 C:\DAVE-3.1\eclipse\/../CMSIS/Lib/GCC\libarm_cortexM4lf_math.a(arm_bitreversal.o)
 .text.arm_bitreversal_f32
                0x080028ec       0xf0 C:\DAVE-3.1\eclipse\/../CMSIS/Lib/GCC\libarm_cortexM4lf_math.a(arm_bitreversal.o)
                0x080028ec                arm_bitreversal_f32
 .text.arm_bitreversal_q31
                0x080029dc      0x1d0 C:\DAVE-3.1\eclipse\/../CMSIS/Lib/GCC\libarm_cortexM4lf_math.a(arm_bitreversal.o)
                0x080029dc                arm_bitreversal_q31
 .text.arm_bitreversal_q15
                0x08002bac      0x120 C:\DAVE-3.1\eclipse\/../CMSIS/Lib/GCC\libarm_cortexM4lf_math.a(arm_bitreversal.o)
                0x08002bac                arm_bitreversal_q15
 .text          0x08002ccc        0x0 c:/dave-3.1/arm-gcc/bin/../lib/gcc/arm-none-eabi/4.7.4/../../../../arm-none-eabi/lib/armv7e-m\libm.a(lib_a-w_log10.o)
 .text.log10    0x08002ccc       0xe4 c:/dave-3.1/arm-gcc/bin/../lib/gcc/arm-none-eabi/4.7.4/../../../../arm-none-eabi/lib/armv7e-m\libm.a(lib_a-w_log10.o)
                0x08002ccc                log10
 .text          0x08002db0        0x0 c:/dave-3.1/arm-gcc/bin/../lib/gcc/arm-none-eabi/4.7.4/../../../../arm-none-eabi/lib/armv7e-m\libm.a(lib_a-e_log10.o)
 .text.__ieee754_log10
                0x08002db0      0x128 c:/dave-3.1/arm-gcc/bin/../lib/gcc/arm-none-eabi/4.7.4/../../../../arm-none-eabi/lib/armv7e-m\libm.a(lib_a-e_log10.o)
                0x08002db0                __ieee754_log10
 .text          0x08002ed8        0x0 c:/dave-3.1/arm-gcc/bin/../lib/gcc/arm-none-eabi/4.7.4/../../../../arm-none-eabi/lib/armv7e-m\libm.a(lib_a-s_fpclassify.o)
 .text.__fpclassifyd
                0x08002ed8       0x68 c:/dave-3.1/arm-gcc/bin/../lib/gcc/arm-none-eabi/4.7.4/../../../../arm-none-eabi/lib/armv7e-m\libm.a(lib_a-s_fpclassify.o)
                0x08002ed8                __fpclassifyd
 .text          0x08002f40        0x0 c:/dave-3.1/arm-gcc/bin/../lib/gcc/arm-none-eabi/4.7.4/../../../../arm-none-eabi/lib/armv7e-m\libm.a(lib_a-s_lib_ver.o)
 .text          0x08002f40        0x0 c:/dave-3.1/arm-gcc/bin/../lib/gcc/arm-none-eabi/4.7.4/../../../../arm-none-eabi/lib/armv7e-m\libm.a(lib_a-s_matherr.o)
 .text.matherr  0x08002f40        0x4 c:/dave-3.1/arm-gcc/bin/../lib/gcc/arm-none-eabi/4.7.4/../../../../arm-none-eabi/lib/armv7e-m\libm.a(lib_a-s_matherr.o)
                0x08002f40                matherr
 .text          0x08002f44        0x0 c:/dave-3.1/arm-gcc/bin/../lib/gcc/arm-none-eabi/4.7.4/../../../../arm-none-eabi/lib/armv7e-m\libm.a(lib_a-s_nan.o)
 .text.nan      0x08002f44        0xc c:/dave-3.1/arm-gcc/bin/../lib/gcc/arm-none-eabi/4.7.4/../../../../arm-none-eabi/lib/armv7e-m\libm.a(lib_a-s_nan.o)
                0x08002f44                nan
 .text          0x08002f50        0x0 c:/dave-3.1/arm-gcc/bin/../lib/gcc/arm-none-eabi/4.7.4/../../../../arm-none-eabi/lib/armv7e-m\libm.a(lib_a-e_log.o)
 .text.__ieee754_log
                0x08002f50      0x3f8 c:/dave-3.1/arm-gcc/bin/../lib/gcc/arm-none-eabi/4.7.4/../../../../arm-none-eabi/lib/armv7e-m\libm.a(lib_a-e_log.o)
                0x08002f50                __ieee754_log
 .text          0x08003348      0x370 c:/dave-3.1/arm-gcc/bin/../lib/gcc/arm-none-eabi/4.7.4/armv7e-m\libgcc.a(_arm_addsubdf3.o)
                0x08003348                __aeabi_drsub
                0x08003350                __aeabi_dsub
                0x08003350                __subdf3
                0x08003354                __aeabi_dadd
                0x08003354                __adddf3
                0x080035cc                __floatunsidf
                0x080035cc                __aeabi_ui2d
                0x080035ec                __floatsidf
                0x080035ec                __aeabi_i2d
                0x08003610                __aeabi_f2d
                0x08003610                __extendsfdf2
                0x0800364c                __floatundidf
                0x0800364c                __aeabi_ul2d
                0x0800365c                __floatdidf
                0x0800365c                __aeabi_l2d
 .text          0x080036b8      0x424 c:/dave-3.1/arm-gcc/bin/../lib/gcc/arm-none-eabi/4.7.4/armv7e-m\libgcc.a(_arm_muldivdf3.o)
                0x080036b8                __aeabi_dmul
                0x080036b8                __muldf3
                0x0800390c                __divdf3
                0x0800390c                __aeabi_ddiv
 .text          0x08003adc      0x110 c:/dave-3.1/arm-gcc/bin/../lib/gcc/arm-none-eabi/4.7.4/armv7e-m\libgcc.a(_arm_cmpdf2.o)
                0x08003adc                __gtdf2
                0x08003adc                __gedf2
                0x08003ae4                __ltdf2
                0x08003ae4                __ledf2
                0x08003aec                __nedf2
                0x08003aec                __eqdf2
                0x08003aec                __cmpdf2
                0x08003b68                __aeabi_cdrcmple
                0x08003b78                __aeabi_cdcmpeq
                0x08003b78                __aeabi_cdcmple
                0x08003b88                __aeabi_dcmpeq
                0x08003b9c                __aeabi_dcmplt
                0x08003bb0                __aeabi_dcmple
                0x08003bc4                __aeabi_dcmpge
                0x08003bd8                __aeabi_dcmpgt
 .text          0x08003bec       0x50 c:/dave-3.1/arm-gcc/bin/../lib/gcc/arm-none-eabi/4.7.4/armv7e-m\libgcc.a(_arm_fixdfsi.o)
                0x08003bec                __aeabi_d2iz
                0x08003bec                __fixdfsi
 .text          0x08003c3c       0xa0 c:/dave-3.1/arm-gcc/bin/../lib/gcc/arm-none-eabi/4.7.4/armv7e-m\libgcc.a(_arm_truncdfsf2.o)
                0x08003c3c                __truncdfsf2
                0x08003c3c                __aeabi_d2f
 .text          0x08003cdc        0x0 c:/dave-3.1/arm-gcc/bin/../lib/gcc/arm-none-eabi/4.7.4/../../../../arm-none-eabi/lib/armv7e-m\libg.a(lib_a-errno.o)
 .text.__errno  0x08003cdc        0xc c:/dave-3.1/arm-gcc/bin/../lib/gcc/arm-none-eabi/4.7.4/../../../../arm-none-eabi/lib/armv7e-m\libg.a(lib_a-errno.o)
                0x08003cdc                __errno
 .text          0x08003ce8        0x0 c:/dave-3.1/arm-gcc/bin/../lib/gcc/arm-none-eabi/4.7.4/../../../../arm-none-eabi/lib/armv7e-m\libg.a(lib_a-impure.o)
 .text          0x08003ce8        0x0 c:/dave-3.1/arm-gcc/bin/../lib/gcc/arm-none-eabi/4.7.4/../../../../arm-none-eabi/lib/armv7e-m\libg.a(lib_a-init.o)
 .text.__libc_init_array
                0x08003ce8       0x94 c:/dave-3.1/arm-gcc/bin/../lib/gcc/arm-none-eabi/4.7.4/../../../../arm-none-eabi/lib/armv7e-m\libg.a(lib_a-init.o)
                0x08003ce8                __libc_init_array
 .text          0x08003d7c        0x0 C:\DAVE-3.1\eclipse\/../Examples/Lib\libxmclibcstubs.a(System_LibcStubs.o)
 .text._open    0x08003d7c       0x1c C:\DAVE-3.1\eclipse\/../Examples/Lib\libxmclibcstubs.a(System_LibcStubs.o)
                0x08003d7c                _open
 .text._lseek   0x08003d98       0x1c C:\DAVE-3.1\eclipse\/../Examples/Lib\libxmclibcstubs.a(System_LibcStubs.o)
                0x08003d98                _lseek
 .text._read    0x08003db4       0x1c C:\DAVE-3.1\eclipse\/../Examples/Lib\libxmclibcstubs.a(System_LibcStubs.o)
                0x08003db4                _read
 .text._write   0x08003dd0       0x1c C:\DAVE-3.1\eclipse\/../Examples/Lib\libxmclibcstubs.a(System_LibcStubs.o)
                0x08003dd0                _write
 .text._close   0x08003dec       0x10 C:\DAVE-3.1\eclipse\/../Examples/Lib\libxmclibcstubs.a(System_LibcStubs.o)
                0x08003dec                _close
 .text._fstat   0x08003dfc       0x28 C:\DAVE-3.1\eclipse\/../Examples/Lib\libxmclibcstubs.a(System_LibcStubs.o)
                0x08003dfc                _fstat
 .text._link    0x08003e24       0x28 C:\DAVE-3.1\eclipse\/../Examples/Lib\libxmclibcstubs.a(System_LibcStubs.o)
                0x08003e24                _link
 .text._unlink  0x08003e4c       0x18 C:\DAVE-3.1\eclipse\/../Examples/Lib\libxmclibcstubs.a(System_LibcStubs.o)
                0x08003e4c                _unlink
 .text._sbrk    0x08003e64       0xa0 C:\DAVE-3.1\eclipse\/../Examples/Lib\libxmclibcstubs.a(System_LibcStubs.o)
                0x08003e64                _sbrk
 .text._times   0x08003f04       0x18 C:\DAVE-3.1\eclipse\/../Examples/Lib\libxmclibcstubs.a(System_LibcStubs.o)
                0x08003f04                _times
 .text._wait    0x08003f1c       0x18 C:\DAVE-3.1\eclipse\/../Examples/Lib\libxmclibcstubs.a(System_LibcStubs.o)
                0x08003f1c                _wait
 .text._kill    0x08003f34       0x1c C:\DAVE-3.1\eclipse\/../Examples/Lib\libxmclibcstubs.a(System_LibcStubs.o)
                0x08003f34                _kill
 .text._fork    0x08003f50       0x10 C:\DAVE-3.1\eclipse\/../Examples/Lib\libxmclibcstubs.a(System_LibcStubs.o)
                0x08003f50                _fork
 .text._getpid  0x08003f60       0x10 C:\DAVE-3.1\eclipse\/../Examples/Lib\libxmclibcstubs.a(System_LibcStubs.o)
                0x08003f60                _getpid
 .text._exit    0x08003f70        0xc C:\DAVE-3.1\eclipse\/../Examples/Lib\libxmclibcstubs.a(System_LibcStubs.o)
                0x08003f70                _exit
 .text._init    0x08003f7c        0xc C:\DAVE-3.1\eclipse\/../Examples/Lib\libxmclibcstubs.a(System_LibcStubs.o)
                0x08003f7c                _init
 .text._isatty  0x08003f88       0x18 C:\DAVE-3.1\eclipse\/../Examples/Lib\libxmclibcstubs.a(System_LibcStubs.o)
                0x08003f88                _isatty
 *(.glue*)
 .glue_7        0x00000000        0x0 linker stubs
 .glue_7t       0x00000000        0x0 linker stubs
 *(.v4*)
 .v4_bx         0x00000000        0x0 linker stubs
 *(.vfp11_veneer)
 .vfp11_veneer  0x00000000        0x0 linker stubs
 *(.init)
                0x08003fa0                __preinit_array_start = .
 *(.preinit_array)
                0x08003fa0                __preinit_array_end = .
                0x08003fa0                __init_array_start = .
 *(SORT(.init_array.*))
 *(.init_array)
                0x08003fa0                __init_array_end = .
 *crtbegin.o(.ctors)
 *(EXCLUDE_FILE(*crtend.o) .ctors)
 *(SORT(.ctors.*))
 *crtend.o(.ctors)
 *(.fini)
                0x08003fa0                __fini_array_start = .
 *(.fini_array)
 *(SORT(.fini_array.*))
                0x08003fa0                __fini_array_end = .
 *crtbegin.o(.dtors)
 *(EXCLUDE_FILE(*crtend.o) .dtors)
 *(SORT(.dtors.*))
 *crtend.o(.dtors)
                0x08003fa0                __extab_start = .
 *(.ARM.extab* .gnu.linkonce.armextab.*)
 .ARM.extab.Xmc4500.reset
                0x08003fa0        0x0 Startup/startup_XMC4500.o
 .ARM.extab.Xmc4500.postreset
                0x08003fa0        0x0 Startup/startup_XMC4500.o
                0x08003fa0                . = ALIGN (0x4)
                0x08003fa0                __extab_end = ABSOLUTE (.)

.iplt           0x08003fa0        0x0 load address 0x0c003fa0
 .iplt          0x00000000        0x0 arm_convolution_example_f32.o

.ARM.exidx      0x08003fa0       0x10 load address 0x0c003fa0
                0x08003fa0                __exidx_start = .
 *(.ARM.exidx* .gnu.linkonce.armexidx.*)
 .ARM.exidx.Xmc4500.reset
                0x08003fa0        0x8 Startup/startup_XMC4500.o
 .ARM.exidx.Xmc4500.postreset
                0x08003fa8        0x8 Startup/startup_XMC4500.o
                0x08003fb0                . = ALIGN (0x4)
                0x08003fb0                __exidx_end = ABSOLUTE (.)

.rodata         0x08003fb0    0x26f64 load address 0x0c003fb0
 *(.rodata .rodata.*)
 .rodata        0x08003fb0      0x1f8 arm_convolution_example_f32.o
                0x08003fb0                testRefOutput_f32
 .rodata        0x080041a8    0x26d58 C:\DAVE-3.1\eclipse\/../CMSIS/Lib/GCC\libarm_cortexM4lf_math.a(arm_common_tables.o)
                0x080041a8                twiddleCoef_rfft_4096
                0x080081a8                twiddleCoef_rfft_2048
                0x0800a1a8                twiddleCoef_rfft_1024
                0x0800b1a8                twiddleCoef_rfft_512
                0x0800b9a8                twiddleCoef_rfft_256
                0x0800bda8                twiddleCoef_rfft_128
                0x0800bfa8                twiddleCoef_rfft_64
                0x0800c0a8                twiddleCoef_rfft_32
                0x0800c128                armBitRevIndexTable4096
                0x0800e0a8                armBitRevIndexTable2048
                0x0800fe68                armBitRevIndexTable1024
                0x08010c78                armBitRevIndexTable512
                0x08010ff8                armBitRevIndexTable256
                0x08011368                armBitRevIndexTable128
                0x08011508                armBitRevIndexTable64
                0x08011578                armBitRevIndexTable32
                0x080115d8                armBitRevIndexTable16
                0x08011600                armRecipTableQ31
                0x08011700                armRecipTableQ15
                0x08011780                twiddleCoefQ15
                0x08014780                twiddleCoefQ31
                0x0801a780                twiddleCoef_4096
                0x08022780                twiddleCoef_2048
                0x08026780                twiddleCoef_1024
                0x08028780                twiddleCoef_512
                0x08029780                twiddleCoef_256
                0x08029f80                twiddleCoef_128
                0x0802a380                twiddleCoef_64
                0x0802a580                twiddleCoef_32
                0x0802a680                twiddleCoef_16
                0x0802a700                armBitRevTable
 .rodata.str1.4
                0x0802af00        0x9 c:/dave-3.1/arm-gcc/bin/../lib/gcc/arm-none-eabi/4.7.4/../../../../arm-none-eabi/lib/armv7e-m\libm.a(lib_a-w_log10.o)
                                  0xc (size before relaxing)
 *fill*         0x0802af09        0x3 00
 .rodata.str1.4
                0x0802af0c        0x4 c:/dave-3.1/arm-gcc/bin/../lib/gcc/arm-none-eabi/4.7.4/../../../../arm-none-eabi/lib/armv7e-m\libg.a(lib_a-impure.o)
 .rodata._global_impure_ptr
                0x0802af10        0x4 c:/dave-3.1/arm-gcc/bin/../lib/gcc/arm-none-eabi/4.7.4/../../../../arm-none-eabi/lib/armv7e-m\libg.a(lib_a-impure.o)
                0x0802af10                _global_impure_ptr
 *(.gnu.linkonce.r*)

.rel.dyn        0x0802af14        0x0 load address 0x0c02af14
 .rel.iplt      0x00000000        0x0 arm_convolution_example_f32.o
                0x0802af20                . = ALIGN (0x10)
                0x0c02af20                eROData = (. | 0x4000000)

Stack           0x20000000      0x800
                0x20000800                . = (. + stack_size)
 *fill*         0x20000000      0x800 00
                0x20000800                __Xmc4500_stack = .

Communication_Buffers
 *DMA_Descriptors.o(COMMON)

.bss            0x20000800      0x814
                0x20000800                __Xmc4500_sBSS = .
 *(.bss)
 .bss           0x20000800        0x0 arm_convolution_example_f32.o
 .bss           0x20000800        0x0 Startup/startup_XMC4500.o
 .bss           0x20000800        0x0 Startup/system_XMC4500.o
 .bss           0x20000800        0x0 Common/Source/math_helper.o
 .bss           0x20000800        0x0 C:\DAVE-3.1\eclipse\/../CMSIS/Lib/GCC\libarm_cortexM4lf_math.a(arm_cfft_radix4_f32.o)
 .bss           0x20000800        0x0 C:\DAVE-3.1\eclipse\/../CMSIS/Lib/GCC\libarm_cortexM4lf_math.a(arm_cfft_radix4_init_f32.o)
 .bss           0x20000800        0x0 C:\DAVE-3.1\eclipse\/../CMSIS/Lib/GCC\libarm_cortexM4lf_math.a(arm_copy_f32.o)
 .bss           0x20000800        0x0 C:\DAVE-3.1\eclipse\/../CMSIS/Lib/GCC\libarm_cortexM4lf_math.a(arm_fill_f32.o)
 .bss           0x20000800        0x0 C:\DAVE-3.1\eclipse\/../CMSIS/Lib/GCC\libarm_cortexM4lf_math.a(arm_cmplx_mult_cmplx_f32.o)
 .bss           0x20000800        0x0 C:\DAVE-3.1\eclipse\/../CMSIS/Lib/GCC\libarm_cortexM4lf_math.a(arm_common_tables.o)
 .bss           0x20000800        0x0 C:\DAVE-3.1\eclipse\/../CMSIS/Lib/GCC\libarm_cortexM4lf_math.a(arm_bitreversal.o)
 .bss           0x20000800        0x0 c:/dave-3.1/arm-gcc/bin/../lib/gcc/arm-none-eabi/4.7.4/../../../../arm-none-eabi/lib/armv7e-m\libm.a(lib_a-w_log10.o)
 .bss           0x20000800        0x0 c:/dave-3.1/arm-gcc/bin/../lib/gcc/arm-none-eabi/4.7.4/../../../../arm-none-eabi/lib/armv7e-m\libm.a(lib_a-e_log10.o)
 .bss           0x20000800        0x0 c:/dave-3.1/arm-gcc/bin/../lib/gcc/arm-none-eabi/4.7.4/../../../../arm-none-eabi/lib/armv7e-m\libm.a(lib_a-s_fpclassify.o)
 .bss           0x20000800        0x0 c:/dave-3.1/arm-gcc/bin/../lib/gcc/arm-none-eabi/4.7.4/../../../../arm-none-eabi/lib/armv7e-m\libm.a(lib_a-s_lib_ver.o)
 .bss           0x20000800        0x0 c:/dave-3.1/arm-gcc/bin/../lib/gcc/arm-none-eabi/4.7.4/../../../../arm-none-eabi/lib/armv7e-m\libm.a(lib_a-s_matherr.o)
 .bss           0x20000800        0x0 c:/dave-3.1/arm-gcc/bin/../lib/gcc/arm-none-eabi/4.7.4/../../../../arm-none-eabi/lib/armv7e-m\libm.a(lib_a-s_nan.o)
 .bss           0x20000800        0x0 c:/dave-3.1/arm-gcc/bin/../lib/gcc/arm-none-eabi/4.7.4/../../../../arm-none-eabi/lib/armv7e-m\libm.a(lib_a-e_log.o)
 .bss           0x20000800        0x0 c:/dave-3.1/arm-gcc/bin/../lib/gcc/arm-none-eabi/4.7.4/armv7e-m\libgcc.a(_arm_addsubdf3.o)
 .bss           0x20000800        0x0 c:/dave-3.1/arm-gcc/bin/../lib/gcc/arm-none-eabi/4.7.4/armv7e-m\libgcc.a(_arm_muldivdf3.o)
 .bss           0x20000800        0x0 c:/dave-3.1/arm-gcc/bin/../lib/gcc/arm-none-eabi/4.7.4/armv7e-m\libgcc.a(_arm_cmpdf2.o)
 .bss           0x20000800        0x0 c:/dave-3.1/arm-gcc/bin/../lib/gcc/arm-none-eabi/4.7.4/armv7e-m\libgcc.a(_arm_fixdfsi.o)
 .bss           0x20000800        0x0 c:/dave-3.1/arm-gcc/bin/../lib/gcc/arm-none-eabi/4.7.4/armv7e-m\libgcc.a(_arm_truncdfsf2.o)
 .bss           0x20000800        0x0 c:/dave-3.1/arm-gcc/bin/../lib/gcc/arm-none-eabi/4.7.4/../../../../arm-none-eabi/lib/armv7e-m\libg.a(lib_a-errno.o)
 .bss           0x20000800        0x0 c:/dave-3.1/arm-gcc/bin/../lib/gcc/arm-none-eabi/4.7.4/../../../../arm-none-eabi/lib/armv7e-m\libg.a(lib_a-impure.o)
 .bss           0x20000800        0x0 c:/dave-3.1/arm-gcc/bin/../lib/gcc/arm-none-eabi/4.7.4/../../../../arm-none-eabi/lib/armv7e-m\libg.a(lib_a-init.o)
 .bss           0x20000800        0xc C:\DAVE-3.1\eclipse\/../Examples/Lib\libxmclibcstubs.a(System_LibcStubs.o)
                0x20000800                __dso_handle
 *(.bss*)
 *(EXCLUDE_FILE(*DMA_Descriptors.o) COMMON)
 COMMON         0x2000080c      0x808 arm_convolution_example_f32.o
                0x2000080c                Ak
                0x20000a0c                Bk
                0x20000c0c                outLen
                0x20000c10                AxB
                0x20001010                snr
 *(.gnu.linkonce.b*)
                0x20001014                __Xmc4500_eBSS = ALIGN (0x4)
                0x00000814                __Xmc4500_BSS_Size = (__Xmc4500_eBSS - __Xmc4500_sBSS)

.data           0x20001020      0x63c load address 0x0c02af20
                0x20001020                __Xmc4500_sData = .
 *(.data)
 .data          0x20001020      0x208 arm_convolution_example_f32.o
                0x20001020                testInputA_f32
                0x20001120                testInputB_f32
                0x20001220                srcALen
                0x20001224                srcBLen
 .data          0x20001228        0x0 Startup/startup_XMC4500.o
 .data          0x20001228        0x4 Startup/system_XMC4500.o
                0x20001228                SystemCoreClock
 .data          0x2000122c        0x0 Common/Source/math_helper.o
 .data          0x2000122c        0x0 C:\DAVE-3.1\eclipse\/../CMSIS/Lib/GCC\libarm_cortexM4lf_math.a(arm_cfft_radix4_f32.o)
 .data          0x2000122c        0x0 C:\DAVE-3.1\eclipse\/../CMSIS/Lib/GCC\libarm_cortexM4lf_math.a(arm_cfft_radix4_init_f32.o)
 .data          0x2000122c        0x0 C:\DAVE-3.1\eclipse\/../CMSIS/Lib/GCC\libarm_cortexM4lf_math.a(arm_copy_f32.o)
 .data          0x2000122c        0x0 C:\DAVE-3.1\eclipse\/../CMSIS/Lib/GCC\libarm_cortexM4lf_math.a(arm_fill_f32.o)
 .data          0x2000122c        0x0 C:\DAVE-3.1\eclipse\/../CMSIS/Lib/GCC\libarm_cortexM4lf_math.a(arm_cmplx_mult_cmplx_f32.o)
 .data          0x2000122c        0x0 C:\DAVE-3.1\eclipse\/../CMSIS/Lib/GCC\libarm_cortexM4lf_math.a(arm_common_tables.o)
 .data          0x2000122c        0x0 C:\DAVE-3.1\eclipse\/../CMSIS/Lib/GCC\libarm_cortexM4lf_math.a(arm_bitreversal.o)
 .data          0x2000122c        0x0 c:/dave-3.1/arm-gcc/bin/../lib/gcc/arm-none-eabi/4.7.4/../../../../arm-none-eabi/lib/armv7e-m\libm.a(lib_a-w_log10.o)
 .data          0x2000122c        0x0 c:/dave-3.1/arm-gcc/bin/../lib/gcc/arm-none-eabi/4.7.4/../../../../arm-none-eabi/lib/armv7e-m\libm.a(lib_a-e_log10.o)
 .data          0x2000122c        0x0 c:/dave-3.1/arm-gcc/bin/../lib/gcc/arm-none-eabi/4.7.4/../../../../arm-none-eabi/lib/armv7e-m\libm.a(lib_a-s_fpclassify.o)
 .data          0x2000122c        0x0 c:/dave-3.1/arm-gcc/bin/../lib/gcc/arm-none-eabi/4.7.4/../../../../arm-none-eabi/lib/armv7e-m\libm.a(lib_a-s_lib_ver.o)
 .data          0x2000122c        0x0 c:/dave-3.1/arm-gcc/bin/../lib/gcc/arm-none-eabi/4.7.4/../../../../arm-none-eabi/lib/armv7e-m\libm.a(lib_a-s_matherr.o)
 .data          0x2000122c        0x0 c:/dave-3.1/arm-gcc/bin/../lib/gcc/arm-none-eabi/4.7.4/../../../../arm-none-eabi/lib/armv7e-m\libm.a(lib_a-s_nan.o)
 .data          0x2000122c        0x0 c:/dave-3.1/arm-gcc/bin/../lib/gcc/arm-none-eabi/4.7.4/../../../../arm-none-eabi/lib/armv7e-m\libm.a(lib_a-e_log.o)
 .data          0x2000122c        0x0 c:/dave-3.1/arm-gcc/bin/../lib/gcc/arm-none-eabi/4.7.4/armv7e-m\libgcc.a(_arm_addsubdf3.o)
 .data          0x2000122c        0x0 c:/dave-3.1/arm-gcc/bin/../lib/gcc/arm-none-eabi/4.7.4/armv7e-m\libgcc.a(_arm_muldivdf3.o)
 .data          0x2000122c        0x0 c:/dave-3.1/arm-gcc/bin/../lib/gcc/arm-none-eabi/4.7.4/armv7e-m\libgcc.a(_arm_cmpdf2.o)
 .data          0x2000122c        0x0 c:/dave-3.1/arm-gcc/bin/../lib/gcc/arm-none-eabi/4.7.4/armv7e-m\libgcc.a(_arm_fixdfsi.o)
 .data          0x2000122c        0x0 c:/dave-3.1/arm-gcc/bin/../lib/gcc/arm-none-eabi/4.7.4/armv7e-m\libgcc.a(_arm_truncdfsf2.o)
 .data          0x2000122c        0x0 c:/dave-3.1/arm-gcc/bin/../lib/gcc/arm-none-eabi/4.7.4/../../../../arm-none-eabi/lib/armv7e-m\libg.a(lib_a-errno.o)
 .data          0x2000122c        0x0 c:/dave-3.1/arm-gcc/bin/../lib/gcc/arm-none-eabi/4.7.4/../../../../arm-none-eabi/lib/armv7e-m\libg.a(lib_a-impure.o)
 .data          0x2000122c        0x0 c:/dave-3.1/arm-gcc/bin/../lib/gcc/arm-none-eabi/4.7.4/../../../../arm-none-eabi/lib/armv7e-m\libg.a(lib_a-init.o)
 .data          0x2000122c        0x0 C:\DAVE-3.1\eclipse\/../Examples/Lib\libxmclibcstubs.a(System_LibcStubs.o)
 *(.data*)
 .data.__fdlib_version
                0x2000122c        0x1 c:/dave-3.1/arm-gcc/bin/../lib/gcc/arm-none-eabi/4.7.4/../../../../arm-none-eabi/lib/armv7e-m\libm.a(lib_a-s_lib_ver.o)
                0x2000122c                __fdlib_version
 *fill*         0x2000122d        0x3 00
 .data.impure_data
                0x20001230      0x428 c:/dave-3.1/arm-gcc/bin/../lib/gcc/arm-none-eabi/4.7.4/../../../../arm-none-eabi/lib/armv7e-m\libg.a(lib_a-impure.o)
 .data._impure_ptr
                0x20001658        0x4 c:/dave-3.1/arm-gcc/bin/../lib/gcc/arm-none-eabi/4.7.4/../../../../arm-none-eabi/lib/armv7e-m\libg.a(lib_a-impure.o)
                0x20001658                _impure_ptr
 *(*.data)
 *(.gnu.linkonce.d*)
                0x2000165c                __Xmc4500_eData = ALIGN (0x4)
                0x0000063c                __Xmc4500_Data_Size = (__Xmc4500_eData - __Xmc4500_sData)
                0x20001660                __Xmc4500_heap_start = ALIGN (0x8)
                0x20010000                __Xmc4500_heap_end = (ORIGIN (DSRAM_1_system) + 0x10000)
                0x20001660                Heap_Bank1_Start = __Xmc4500_heap_start
                0x0000e9a0                Heap_Bank1_Size = (__Xmc4500_heap_end - __Xmc4500_heap_start)
                0x20010000                Heap_Bank1_End = ABSOLUTE (__Xmc4500_heap_end)

.igot.plt       0x2000165c        0x0 load address 0x0c02b55c
 .igot.plt      0x00000000        0x0 arm_convolution_example_f32.o

DSRAM2_Heap     0x30000000        0x0
                0x30000000                Heap_Bank2_Start = .
                0x00008000                Heap_Bank2_Size = (0x8000 - (Heap_Bank2_Start - ORIGIN (DSRAM_2_comm)))

PSRAM_Heap      0x10000000        0x0
                0x10000000                Heap_Bank3_Start = .
                0x00010000                Heap_Bank3_Size = (0x10000 - (Heap_Bank3_Start - ORIGIN (PSRAM_1)))

/DISCARD/
 *(.comment)

.stab
 *(.stab)

.stabstr
 *(.stabstr)

.debug
 *(.debug)

.line
 *(.line)

.debug_srcinfo
 *(.debug_srcinfo)

.debug_sfnames
 *(.debug_sfnames)

.debug_aranges  0x00000000      0x2b0
 *(.debug_aranges)
 .debug_aranges
                0x00000000       0x20 arm_convolution_example_f32.o
 .debug_aranges
                0x00000020       0x38 Startup/startup_XMC4500.o
 .debug_aranges
                0x00000058       0x30 Startup/system_XMC4500.o
 .debug_aranges
                0x00000088       0x90 Common/Source/math_helper.o
 .debug_aranges
                0x00000118       0x30 C:\DAVE-3.1\eclipse\/../CMSIS/Lib/GCC\libarm_cortexM4lf_math.a(arm_cfft_radix4_f32.o)
 .debug_aranges
                0x00000148       0x20 C:\DAVE-3.1\eclipse\/../CMSIS/Lib/GCC\libarm_cortexM4lf_math.a(arm_cfft_radix4_init_f32.o)
 .debug_aranges
                0x00000168       0x20 C:\DAVE-3.1\eclipse\/../CMSIS/Lib/GCC\libarm_cortexM4lf_math.a(arm_copy_f32.o)
 .debug_aranges
                0x00000188       0x20 C:\DAVE-3.1\eclipse\/../CMSIS/Lib/GCC\libarm_cortexM4lf_math.a(arm_fill_f32.o)
 .debug_aranges
                0x000001a8       0x20 C:\DAVE-3.1\eclipse\/../CMSIS/Lib/GCC\libarm_cortexM4lf_math.a(arm_cmplx_mult_cmplx_f32.o)
 .debug_aranges
                0x000001c8       0x18 C:\DAVE-3.1\eclipse\/../CMSIS/Lib/GCC\libarm_cortexM4lf_math.a(arm_common_tables.o)
 .debug_aranges
                0x000001e0       0x30 C:\DAVE-3.1\eclipse\/../CMSIS/Lib/GCC\libarm_cortexM4lf_math.a(arm_bitreversal.o)
 .debug_aranges
                0x00000210       0xa0 C:\DAVE-3.1\eclipse\/../Examples/Lib\libxmclibcstubs.a(System_LibcStubs.o)

.debug_pubnames
 *(.debug_pubnames)

.debug_pubtypes
 *(.debug_pubtypes)

.debug_info     0x00000000     0x3376
 *(.debug_info .gnu.linkonce.wi.*)
 .debug_info    0x00000000      0x2ef arm_convolution_example_f32.o
 .debug_info    0x000002ef       0x85 Startup/startup_XMC4500.o
 .debug_info    0x00000374      0xaf0 Startup/system_XMC4500.o
 .debug_info    0x00000e64      0x677 Common/Source/math_helper.o
 .debug_info    0x000014db      0x9c7 C:\DAVE-3.1\eclipse\/../CMSIS/Lib/GCC\libarm_cortexM4lf_math.a(arm_cfft_radix4_f32.o)
 .debug_info    0x00001ea2      0x246 C:\DAVE-3.1\eclipse\/../CMSIS/Lib/GCC\libarm_cortexM4lf_math.a(arm_cfft_radix4_init_f32.o)
 .debug_info    0x000020e8      0x143 C:\DAVE-3.1\eclipse\/../CMSIS/Lib/GCC\libarm_cortexM4lf_math.a(arm_copy_f32.o)
 .debug_info    0x0000222b      0x139 C:\DAVE-3.1\eclipse\/../CMSIS/Lib/GCC\libarm_cortexM4lf_math.a(arm_fill_f32.o)
 .debug_info    0x00002364      0x1c2 C:\DAVE-3.1\eclipse\/../CMSIS/Lib/GCC\libarm_cortexM4lf_math.a(arm_cmplx_mult_cmplx_f32.o)
 .debug_info    0x00002526      0x533 C:\DAVE-3.1\eclipse\/../CMSIS/Lib/GCC\libarm_cortexM4lf_math.a(arm_common_tables.o)
 .debug_info    0x00002a59      0x2d6 C:\DAVE-3.1\eclipse\/../CMSIS/Lib/GCC\libarm_cortexM4lf_math.a(arm_bitreversal.o)
 .debug_info    0x00002d2f      0x647 C:\DAVE-3.1\eclipse\/../Examples/Lib\libxmclibcstubs.a(System_LibcStubs.o)

.debug_abbrev   0x00000000      0xab6
 *(.debug_abbrev)
 .debug_abbrev  0x00000000       0xea arm_convolution_example_f32.o
 .debug_abbrev  0x000000ea       0x12 Startup/startup_XMC4500.o
 .debug_abbrev  0x000000fc      0x154 Startup/system_XMC4500.o
 .debug_abbrev  0x00000250      0x175 Common/Source/math_helper.o
 .debug_abbrev  0x000003c5      0x194 C:\DAVE-3.1\eclipse\/../CMSIS/Lib/GCC\libarm_cortexM4lf_math.a(arm_cfft_radix4_f32.o)
 .debug_abbrev  0x00000559       0xf7 C:\DAVE-3.1\eclipse\/../CMSIS/Lib/GCC\libarm_cortexM4lf_math.a(arm_cfft_radix4_init_f32.o)
 .debug_abbrev  0x00000650       0x97 C:\DAVE-3.1\eclipse\/../CMSIS/Lib/GCC\libarm_cortexM4lf_math.a(arm_copy_f32.o)
 .debug_abbrev  0x000006e7       0xa6 C:\DAVE-3.1\eclipse\/../CMSIS/Lib/GCC\libarm_cortexM4lf_math.a(arm_fill_f32.o)
 .debug_abbrev  0x0000078d       0x97 C:\DAVE-3.1\eclipse\/../CMSIS/Lib/GCC\libarm_cortexM4lf_math.a(arm_cmplx_mult_cmplx_f32.o)
 .debug_abbrev  0x00000824       0x87 C:\DAVE-3.1\eclipse\/../CMSIS/Lib/GCC\libarm_cortexM4lf_math.a(arm_common_tables.o)
 .debug_abbrev  0x000008ab       0xcf C:\DAVE-3.1\eclipse\/../CMSIS/Lib/GCC\libarm_cortexM4lf_math.a(arm_bitreversal.o)
 .debug_abbrev  0x0000097a      0x13c C:\DAVE-3.1\eclipse\/../Examples/Lib\libxmclibcstubs.a(System_LibcStubs.o)

.debug_line     0x00000000     0x3393
 *(.debug_line)
 .debug_line    0x00000000      0x35d arm_convolution_example_f32.o
 .debug_line    0x0000035d      0x1a4 Startup/startup_XMC4500.o
 .debug_line    0x00000501      0x3a5 Startup/system_XMC4500.o
 .debug_line    0x000008a6      0x5b9 Common/Source/math_helper.o
 .debug_line    0x00000e5f      0xb40 C:\DAVE-3.1\eclipse\/../CMSIS/Lib/GCC\libarm_cortexM4lf_math.a(arm_cfft_radix4_f32.o)
 .debug_line    0x0000199f      0x375 C:\DAVE-3.1\eclipse\/../CMSIS/Lib/GCC\libarm_cortexM4lf_math.a(arm_cfft_radix4_init_f32.o)
 .debug_line    0x00001d14      0x34e C:\DAVE-3.1\eclipse\/../CMSIS/Lib/GCC\libarm_cortexM4lf_math.a(arm_copy_f32.o)
 .debug_line    0x00002062      0x322 C:\DAVE-3.1\eclipse\/../CMSIS/Lib/GCC\libarm_cortexM4lf_math.a(arm_fill_f32.o)
 .debug_line    0x00002384      0x3a4 C:\DAVE-3.1\eclipse\/../CMSIS/Lib/GCC\libarm_cortexM4lf_math.a(arm_cmplx_mult_cmplx_f32.o)
 .debug_line    0x00002728      0x2f4 C:\DAVE-3.1\eclipse\/../CMSIS/Lib/GCC\libarm_cortexM4lf_math.a(arm_common_tables.o)
 .debug_line    0x00002a1c      0x4eb C:\DAVE-3.1\eclipse\/../CMSIS/Lib/GCC\libarm_cortexM4lf_math.a(arm_bitreversal.o)
 .debug_line    0x00002f07      0x48c C:\DAVE-3.1\eclipse\/../Examples/Lib\libxmclibcstubs.a(System_LibcStubs.o)

.debug_frame    0x00000000      0x7d4
 *(.debug_frame)
 .debug_frame   0x00000000       0x30 arm_convolution_example_f32.o
 .debug_frame   0x00000030       0x6c Startup/system_XMC4500.o
 .debug_frame   0x0000009c      0x1f0 Common/Source/math_helper.o
 .debug_frame   0x0000028c       0xb8 C:\DAVE-3.1\eclipse\/../CMSIS/Lib/GCC\libarm_cortexM4lf_math.a(arm_cfft_radix4_f32.o)
 .debug_frame   0x00000344       0x20 C:\DAVE-3.1\eclipse\/../CMSIS/Lib/GCC\libarm_cortexM4lf_math.a(arm_cfft_radix4_init_f32.o)
 .debug_frame   0x00000364       0x38 C:\DAVE-3.1\eclipse\/../CMSIS/Lib/GCC\libarm_cortexM4lf_math.a(arm_copy_f32.o)
 .debug_frame   0x0000039c       0x2c C:\DAVE-3.1\eclipse\/../CMSIS/Lib/GCC\libarm_cortexM4lf_math.a(arm_fill_f32.o)
 .debug_frame   0x000003c8       0x30 C:\DAVE-3.1\eclipse\/../CMSIS/Lib/GCC\libarm_cortexM4lf_math.a(arm_cmplx_mult_cmplx_f32.o)
 .debug_frame   0x000003f8       0xa0 C:\DAVE-3.1\eclipse\/../CMSIS/Lib/GCC\libarm_cortexM4lf_math.a(arm_bitreversal.o)
 .debug_frame   0x00000498       0x34 c:/dave-3.1/arm-gcc/bin/../lib/gcc/arm-none-eabi/4.7.4/../../../../arm-none-eabi/lib/armv7e-m\libm.a(lib_a-w_log10.o)
 .debug_frame   0x000004cc       0x34 c:/dave-3.1/arm-gcc/bin/../lib/gcc/arm-none-eabi/4.7.4/../../../../arm-none-eabi/lib/armv7e-m\libm.a(lib_a-e_log10.o)
 .debug_frame   0x00000500       0x20 c:/dave-3.1/arm-gcc/bin/../lib/gcc/arm-none-eabi/4.7.4/../../../../arm-none-eabi/lib/armv7e-m\libm.a(lib_a-s_fpclassify.o)
 .debug_frame   0x00000520       0x20 c:/dave-3.1/arm-gcc/bin/../lib/gcc/arm-none-eabi/4.7.4/../../../../arm-none-eabi/lib/armv7e-m\libm.a(lib_a-s_matherr.o)
 .debug_frame   0x00000540       0x20 c:/dave-3.1/arm-gcc/bin/../lib/gcc/arm-none-eabi/4.7.4/../../../../arm-none-eabi/lib/armv7e-m\libm.a(lib_a-s_nan.o)
 .debug_frame   0x00000560       0x38 c:/dave-3.1/arm-gcc/bin/../lib/gcc/arm-none-eabi/4.7.4/../../../../arm-none-eabi/lib/armv7e-m\libm.a(lib_a-e_log.o)
 .debug_frame   0x00000598       0x20 c:/dave-3.1/arm-gcc/bin/../lib/gcc/arm-none-eabi/4.7.4/../../../../arm-none-eabi/lib/armv7e-m\libg.a(lib_a-errno.o)
 .debug_frame   0x000005b8       0x30 c:/dave-3.1/arm-gcc/bin/../lib/gcc/arm-none-eabi/4.7.4/../../../../arm-none-eabi/lib/armv7e-m\libg.a(lib_a-init.o)
 .debug_frame   0x000005e8      0x1ec C:\DAVE-3.1\eclipse\/../Examples/Lib\libxmclibcstubs.a(System_LibcStubs.o)

.debug_str      0x00000000    0x93529
 *(.debug_str)
 .debug_str     0x00000000     0x6016 arm_convolution_example_f32.o
                               0x61b2 (size before relaxing)
 .debug_str     0x00006016    0x8c83c Startup/system_XMC4500.o
                              0x90484 (size before relaxing)
 .debug_str     0x00092852      0x1d3 Common/Source/math_helper.o
                               0x61b5 (size before relaxing)
 .debug_str     0x00092a25      0x202 C:\DAVE-3.1\eclipse\/../CMSIS/Lib/GCC\libarm_cortexM4lf_math.a(arm_cfft_radix4_f32.o)
                               0x61dc (size before relaxing)
 .debug_str     0x00092c27      0x276 C:\DAVE-3.1\eclipse\/../CMSIS/Lib/GCC\libarm_cortexM4lf_math.a(arm_cfft_radix4_init_f32.o)
                               0x6377 (size before relaxing)
 .debug_str     0x00092e9d       0x43 C:\DAVE-3.1\eclipse\/../CMSIS/Lib/GCC\libarm_cortexM4lf_math.a(arm_copy_f32.o)
                               0x601e (size before relaxing)
 .debug_str     0x00092ee0       0x3d C:\DAVE-3.1\eclipse\/../CMSIS/Lib/GCC\libarm_cortexM4lf_math.a(arm_fill_f32.o)
                               0x601f (size before relaxing)
 .debug_str     0x00092f1d       0x73 C:\DAVE-3.1\eclipse\/../CMSIS/Lib/GCC\libarm_cortexM4lf_math.a(arm_cmplx_mult_cmplx_f32.o)
                               0x6056 (size before relaxing)
 .debug_str     0x00092f90      0x262 C:\DAVE-3.1\eclipse\/../CMSIS/Lib/GCC\libarm_cortexM4lf_math.a(arm_common_tables.o)
                               0x6480 (size before relaxing)
 .debug_str     0x000931f2       0x87 C:\DAVE-3.1\eclipse\/../CMSIS/Lib/GCC\libarm_cortexM4lf_math.a(arm_bitreversal.o)
                               0x62c8 (size before relaxing)
 .debug_str     0x00093279      0x2b0 C:\DAVE-3.1\eclipse\/../Examples/Lib\libxmclibcstubs.a(System_LibcStubs.o)
                                0x362 (size before relaxing)

.debug_loc      0x00000000     0x3cd7
 *(.debug_loc)
 .debug_loc     0x00000000       0x38 arm_convolution_example_f32.o
 .debug_loc     0x00000038       0xa8 Startup/system_XMC4500.o
 .debug_loc     0x000000e0      0x354 Common/Source/math_helper.o
 .debug_loc     0x00000434     0x25e3 C:\DAVE-3.1\eclipse\/../CMSIS/Lib/GCC\libarm_cortexM4lf_math.a(arm_cfft_radix4_f32.o)
 .debug_loc     0x00002a17      0x380 C:\DAVE-3.1\eclipse\/../CMSIS/Lib/GCC\libarm_cortexM4lf_math.a(arm_cfft_radix4_init_f32.o)
 .debug_loc     0x00002d97      0x19d C:\DAVE-3.1\eclipse\/../CMSIS/Lib/GCC\libarm_cortexM4lf_math.a(arm_copy_f32.o)
 .debug_loc     0x00002f34      0x101 C:\DAVE-3.1\eclipse\/../CMSIS/Lib/GCC\libarm_cortexM4lf_math.a(arm_fill_f32.o)
 .debug_loc     0x00003035      0x470 C:\DAVE-3.1\eclipse\/../CMSIS/Lib/GCC\libarm_cortexM4lf_math.a(arm_cmplx_mult_cmplx_f32.o)
 .debug_loc     0x000034a5      0x4aa C:\DAVE-3.1\eclipse\/../CMSIS/Lib/GCC\libarm_cortexM4lf_math.a(arm_bitreversal.o)
 .debug_loc     0x0000394f      0x388 C:\DAVE-3.1\eclipse\/../Examples/Lib\libxmclibcstubs.a(System_LibcStubs.o)

.debug_macinfo  0x00000000     0x5ad0
 *(.debug_macinfo)
 .debug_macinfo
                0x00000000     0x5ad0 C:\DAVE-3.1\eclipse\/../Examples/Lib\libxmclibcstubs.a(System_LibcStubs.o)

.debug_ranges   0x00000000      0x1f0
 *(.debug_ranges)
 .debug_ranges  0x00000000       0x10 arm_convolution_example_f32.o
 .debug_ranges  0x00000010       0x30 Startup/startup_XMC4500.o
 .debug_ranges  0x00000040       0x20 Startup/system_XMC4500.o
 .debug_ranges  0x00000060       0x80 Common/Source/math_helper.o
 .debug_ranges  0x000000e0       0x20 C:\DAVE-3.1\eclipse\/../CMSIS/Lib/GCC\libarm_cortexM4lf_math.a(arm_cfft_radix4_f32.o)
 .debug_ranges  0x00000100       0x10 C:\DAVE-3.1\eclipse\/../CMSIS/Lib/GCC\libarm_cortexM4lf_math.a(arm_cfft_radix4_init_f32.o)
 .debug_ranges  0x00000110       0x10 C:\DAVE-3.1\eclipse\/../CMSIS/Lib/GCC\libarm_cortexM4lf_math.a(arm_copy_f32.o)
 .debug_ranges  0x00000120       0x10 C:\DAVE-3.1\eclipse\/../CMSIS/Lib/GCC\libarm_cortexM4lf_math.a(arm_fill_f32.o)
 .debug_ranges  0x00000130       0x10 C:\DAVE-3.1\eclipse\/../CMSIS/Lib/GCC\libarm_cortexM4lf_math.a(arm_cmplx_mult_cmplx_f32.o)
 .debug_ranges  0x00000140       0x20 C:\DAVE-3.1\eclipse\/../CMSIS/Lib/GCC\libarm_cortexM4lf_math.a(arm_bitreversal.o)
 .debug_ranges  0x00000160       0x90 C:\DAVE-3.1\eclipse\/../Examples/Lib\libxmclibcstubs.a(System_LibcStubs.o)

.debug_weaknames
 *(.debug_weaknames)

.debug_funcnames
 *(.debug_funcnames)

.debug_typenames
 *(.debug_typenames)

.debug_varnames
 *(.debug_varnames)

.build_attributes
                0x00000000      0x4fc
 *(.ARM.attributes)
 .ARM.attributes
                0x00000000       0x39 arm_convolution_example_f32.o
 .ARM.attributes
                0x00000039       0x27 Startup/startup_XMC4500.o
 .ARM.attributes
                0x00000060       0x39 Startup/system_XMC4500.o
 .ARM.attributes
                0x00000099       0x39 Common/Source/math_helper.o
 .ARM.attributes
                0x000000d2       0x39 C:\DAVE-3.1\eclipse\/../CMSIS/Lib/GCC\libarm_cortexM4lf_math.a(arm_cfft_radix4_f32.o)
 .ARM.attributes
                0x0000010b       0x39 C:\DAVE-3.1\eclipse\/../CMSIS/Lib/GCC\libarm_cortexM4lf_math.a(arm_cfft_radix4_init_f32.o)
 .ARM.attributes
                0x00000144       0x39 C:\DAVE-3.1\eclipse\/../CMSIS/Lib/GCC\libarm_cortexM4lf_math.a(arm_copy_f32.o)
 .ARM.attributes
                0x0000017d       0x39 C:\DAVE-3.1\eclipse\/../CMSIS/Lib/GCC\libarm_cortexM4lf_math.a(arm_fill_f32.o)
 .ARM.attributes
                0x000001b6       0x39 C:\DAVE-3.1\eclipse\/../CMSIS/Lib/GCC\libarm_cortexM4lf_math.a(arm_cmplx_mult_cmplx_f32.o)
 .ARM.attributes
                0x000001ef       0x39 C:\DAVE-3.1\eclipse\/../CMSIS/Lib/GCC\libarm_cortexM4lf_math.a(arm_common_tables.o)
 .ARM.attributes
                0x00000228       0x39 C:\DAVE-3.1\eclipse\/../CMSIS/Lib/GCC\libarm_cortexM4lf_math.a(arm_bitreversal.o)
 .ARM.attributes
                0x00000261       0x2e c:/dave-3.1/arm-gcc/bin/../lib/gcc/arm-none-eabi/4.7.4/../../../../arm-none-eabi/lib/armv7e-m\libm.a(lib_a-w_log10.o)
 .ARM.attributes
                0x0000028f       0x2e c:/dave-3.1/arm-gcc/bin/../lib/gcc/arm-none-eabi/4.7.4/../../../../arm-none-eabi/lib/armv7e-m\libm.a(lib_a-e_log10.o)
 .ARM.attributes
                0x000002bd       0x2e c:/dave-3.1/arm-gcc/bin/../lib/gcc/arm-none-eabi/4.7.4/../../../../arm-none-eabi/lib/armv7e-m\libm.a(lib_a-s_fpclassify.o)
 .ARM.attributes
                0x000002eb       0x2e c:/dave-3.1/arm-gcc/bin/../lib/gcc/arm-none-eabi/4.7.4/../../../../arm-none-eabi/lib/armv7e-m\libm.a(lib_a-s_lib_ver.o)
 .ARM.attributes
                0x00000319       0x2e c:/dave-3.1/arm-gcc/bin/../lib/gcc/arm-none-eabi/4.7.4/../../../../arm-none-eabi/lib/armv7e-m\libm.a(lib_a-s_matherr.o)
 .ARM.attributes
                0x00000347       0x2e c:/dave-3.1/arm-gcc/bin/../lib/gcc/arm-none-eabi/4.7.4/../../../../arm-none-eabi/lib/armv7e-m\libm.a(lib_a-s_nan.o)
 .ARM.attributes
                0x00000375       0x2e c:/dave-3.1/arm-gcc/bin/../lib/gcc/arm-none-eabi/4.7.4/../../../../arm-none-eabi/lib/armv7e-m\libm.a(lib_a-e_log.o)
 .ARM.attributes
                0x000003a3       0x1e c:/dave-3.1/arm-gcc/bin/../lib/gcc/arm-none-eabi/4.7.4/armv7e-m\libgcc.a(_arm_addsubdf3.o)
 .ARM.attributes
                0x000003c1       0x1e c:/dave-3.1/arm-gcc/bin/../lib/gcc/arm-none-eabi/4.7.4/armv7e-m\libgcc.a(_arm_muldivdf3.o)
 .ARM.attributes
                0x000003df       0x1e c:/dave-3.1/arm-gcc/bin/../lib/gcc/arm-none-eabi/4.7.4/armv7e-m\libgcc.a(_arm_cmpdf2.o)
 .ARM.attributes
                0x000003fd       0x1e c:/dave-3.1/arm-gcc/bin/../lib/gcc/arm-none-eabi/4.7.4/armv7e-m\libgcc.a(_arm_fixdfsi.o)
 .ARM.attributes
                0x0000041b       0x1e c:/dave-3.1/arm-gcc/bin/../lib/gcc/arm-none-eabi/4.7.4/armv7e-m\libgcc.a(_arm_truncdfsf2.o)
 .ARM.attributes
                0x00000439       0x2e c:/dave-3.1/arm-gcc/bin/../lib/gcc/arm-none-eabi/4.7.4/../../../../arm-none-eabi/lib/armv7e-m\libg.a(lib_a-errno.o)
 .ARM.attributes
                0x00000467       0x2e c:/dave-3.1/arm-gcc/bin/../lib/gcc/arm-none-eabi/4.7.4/../../../../arm-none-eabi/lib/armv7e-m\libg.a(lib_a-impure.o)
 .ARM.attributes
                0x00000495       0x2e c:/dave-3.1/arm-gcc/bin/../lib/gcc/arm-none-eabi/4.7.4/../../../../arm-none-eabi/lib/armv7e-m\libg.a(lib_a-init.o)
 .ARM.attributes
                0x000004c3       0x39 C:\DAVE-3.1\eclipse\/../Examples/Lib\libxmclibcstubs.a(System_LibcStubs.o)
OUTPUT(Convolution.elf elf32-littlearm)

.debug_macro    0x00000000    0x186ba
 .debug_macro   0x00000000      0x13e arm_convolution_example_f32.o
 .debug_macro   0x0000013e      0x814 arm_convolution_example_f32.o
 .debug_macro   0x00000952       0x12 arm_convolution_example_f32.o
 .debug_macro   0x00000964       0x3b arm_convolution_example_f32.o
 .debug_macro   0x0000099f       0x3a arm_convolution_example_f32.o
 .debug_macro   0x000009d9       0x10 arm_convolution_example_f32.o
 .debug_macro   0x000009e9       0x2e arm_convolution_example_f32.o
 .debug_macro   0x00000a17       0xa3 arm_convolution_example_f32.o
 .debug_macro   0x00000aba      0x20e arm_convolution_example_f32.o
 .debug_macro   0x00000cc8       0x2d arm_convolution_example_f32.o
 .debug_macro   0x00000cf5       0x42 arm_convolution_example_f32.o
 .debug_macro   0x00000d37       0x3a arm_convolution_example_f32.o
 .debug_macro   0x00000d71       0x52 arm_convolution_example_f32.o
 .debug_macro   0x00000dc3       0x19 arm_convolution_example_f32.o
 .debug_macro   0x00000ddc      0x16d arm_convolution_example_f32.o
 .debug_macro   0x00000f49       0x89 arm_convolution_example_f32.o
 .debug_macro   0x00000fd2       0x22 arm_convolution_example_f32.o
 .debug_macro   0x00000ff4      0x1da arm_convolution_example_f32.o
 .debug_macro   0x000011ce       0xa5 arm_convolution_example_f32.o
 .debug_macro   0x00001273      0x17e Startup/system_XMC4500.o
 .debug_macro   0x000013f1       0x6a Startup/system_XMC4500.o
 .debug_macro   0x0000145b       0x2d Startup/system_XMC4500.o
 .debug_macro   0x00001488       0x3b Startup/system_XMC4500.o
 .debug_macro   0x000014c3      0xd39 Startup/system_XMC4500.o
 .debug_macro   0x000021fc    0x150f5 Startup/system_XMC4500.o
 .debug_macro   0x000172f1      0x11e Common/Source/math_helper.o
 .debug_macro   0x0001740f      0x214 Common/Source/math_helper.o
 .debug_macro   0x00017623       0x10 Common/Source/math_helper.o
 .debug_macro   0x00017633      0x122 C:\DAVE-3.1\eclipse\/../CMSIS/Lib/GCC\libarm_cortexM4lf_math.a(arm_cfft_radix4_f32.o)
 .debug_macro   0x00017755      0x820 C:\DAVE-3.1\eclipse\/../CMSIS/Lib/GCC\libarm_cortexM4lf_math.a(arm_cfft_radix4_f32.o)
 .debug_macro   0x00017f75      0x135 C:\DAVE-3.1\eclipse\/../CMSIS/Lib/GCC\libarm_cortexM4lf_math.a(arm_cfft_radix4_init_f32.o)
 .debug_macro   0x000180aa       0x40 C:\DAVE-3.1\eclipse\/../CMSIS/Lib/GCC\libarm_cortexM4lf_math.a(arm_cfft_radix4_init_f32.o)
 .debug_macro   0x000180ea      0x122 C:\DAVE-3.1\eclipse\/../CMSIS/Lib/GCC\libarm_cortexM4lf_math.a(arm_copy_f32.o)
 .debug_macro   0x0001820c      0x122 C:\DAVE-3.1\eclipse\/../CMSIS/Lib/GCC\libarm_cortexM4lf_math.a(arm_fill_f32.o)
 .debug_macro   0x0001832e      0x122 C:\DAVE-3.1\eclipse\/../CMSIS/Lib/GCC\libarm_cortexM4lf_math.a(arm_cmplx_mult_cmplx_f32.o)
 .debug_macro   0x00018450      0x135 C:\DAVE-3.1\eclipse\/../CMSIS/Lib/GCC\libarm_cortexM4lf_math.a(arm_common_tables.o)
 .debug_macro   0x00018585      0x135 C:\DAVE-3.1\eclipse\/../CMSIS/Lib/GCC\libarm_cortexM4lf_math.a(arm_bitreversal.o)
