Archive member included because of file (symbol)

C:\DAVE-3.1\eclipse\/../CMSIS/Lib/GCC\libarm_cortexM0l_math.a(arm_cfft_radix4_f32.o)
                              arm_convolution_example_f32.o (arm_cfft_radix4_f32)
C:\DAVE-3.1\eclipse\/../CMSIS/Lib/GCC\libarm_cortexM0l_math.a(arm_cfft_radix4_init_f32.o)
                              arm_convolution_example_f32.o (arm_cfft_radix4_init_f32)
C:\DAVE-3.1\eclipse\/../CMSIS/Lib/GCC\libarm_cortexM0l_math.a(arm_copy_f32.o)
                              arm_convolution_example_f32.o (arm_copy_f32)
C:\DAVE-3.1\eclipse\/../CMSIS/Lib/GCC\libarm_cortexM0l_math.a(arm_fill_f32.o)
                              arm_convolution_example_f32.o (arm_fill_f32)
C:\DAVE-3.1\eclipse\/../CMSIS/Lib/GCC\libarm_cortexM0l_math.a(arm_cmplx_mult_cmplx_f32.o)
                              arm_convolution_example_f32.o (arm_cmplx_mult_cmplx_f32)
C:\DAVE-3.1\eclipse\/../CMSIS/Lib/GCC\libarm_cortexM0l_math.a(arm_common_tables.o)
                              C:\DAVE-3.1\eclipse\/../CMSIS/Lib/GCC\libarm_cortexM0l_math.a(arm_cfft_radix4_init_f32.o) (twiddleCoef_4096)
C:\DAVE-3.1\eclipse\/../CMSIS/Lib/GCC\libarm_cortexM0l_math.a(arm_bitreversal.o)
                              C:\DAVE-3.1\eclipse\/../CMSIS/Lib/GCC\libarm_cortexM0l_math.a(arm_cfft_radix4_f32.o) (arm_bitreversal_f32)
c:/dave-3.1/arm-gcc/bin/../lib/gcc/arm-none-eabi/4.7.4/../../../../arm-none-eabi/lib/armv6-m\libm.a(lib_a-w_log10.o)
                              Common/Source/math_helper.o (log10)
c:/dave-3.1/arm-gcc/bin/../lib/gcc/arm-none-eabi/4.7.4/../../../../arm-none-eabi/lib/armv6-m\libm.a(lib_a-e_log10.o)
                              c:/dave-3.1/arm-gcc/bin/../lib/gcc/arm-none-eabi/4.7.4/../../../../arm-none-eabi/lib/armv6-m\libm.a(lib_a-w_log10.o) (__ieee754_log10)
c:/dave-3.1/arm-gcc/bin/../lib/gcc/arm-none-eabi/4.7.4/../../../../arm-none-eabi/lib/armv6-m\libm.a(lib_a-s_fpclassify.o)
                              c:/dave-3.1/arm-gcc/bin/../lib/gcc/arm-none-eabi/4.7.4/../../../../arm-none-eabi/lib/armv6-m\libm.a(lib_a-w_log10.o) (__fpclassifyd)
c:/dave-3.1/arm-gcc/bin/../lib/gcc/arm-none-eabi/4.7.4/../../../../arm-none-eabi/lib/armv6-m\libm.a(lib_a-s_lib_ver.o)
                              c:/dave-3.1/arm-gcc/bin/../lib/gcc/arm-none-eabi/4.7.4/../../../../arm-none-eabi/lib/armv6-m\libm.a(lib_a-w_log10.o) (__fdlib_version)
c:/dave-3.1/arm-gcc/bin/../lib/gcc/arm-none-eabi/4.7.4/../../../../arm-none-eabi/lib/armv6-m\libm.a(lib_a-s_matherr.o)
                              c:/dave-3.1/arm-gcc/bin/../lib/gcc/arm-none-eabi/4.7.4/../../../../arm-none-eabi/lib/armv6-m\libm.a(lib_a-w_log10.o) (matherr)
c:/dave-3.1/arm-gcc/bin/../lib/gcc/arm-none-eabi/4.7.4/../../../../arm-none-eabi/lib/armv6-m\libm.a(lib_a-s_nan.o)
                              c:/dave-3.1/arm-gcc/bin/../lib/gcc/arm-none-eabi/4.7.4/../../../../arm-none-eabi/lib/armv6-m\libm.a(lib_a-w_log10.o) (nan)
c:/dave-3.1/arm-gcc/bin/../lib/gcc/arm-none-eabi/4.7.4/../../../../arm-none-eabi/lib/armv6-m\libm.a(lib_a-e_log.o)
                              c:/dave-3.1/arm-gcc/bin/../lib/gcc/arm-none-eabi/4.7.4/../../../../arm-none-eabi/lib/armv6-m\libm.a(lib_a-e_log10.o) (__ieee754_log)
c:/dave-3.1/arm-gcc/bin/../lib/gcc/arm-none-eabi/4.7.4/armv6-m\libgcc.a(_udivsi3.o)
                              Startup/system_XMC1300.o (__aeabi_uidiv)
c:/dave-3.1/arm-gcc/bin/../lib/gcc/arm-none-eabi/4.7.4/armv6-m\libgcc.a(_dvmd_tls.o)
                              c:/dave-3.1/arm-gcc/bin/../lib/gcc/arm-none-eabi/4.7.4/armv6-m\libgcc.a(_udivsi3.o) (__aeabi_idiv0)
c:/dave-3.1/arm-gcc/bin/../lib/gcc/arm-none-eabi/4.7.4/armv6-m\libgcc.a(_arm_cmpdf2.o)
                              c:/dave-3.1/arm-gcc/bin/../lib/gcc/arm-none-eabi/4.7.4/../../../../arm-none-eabi/lib/armv6-m\libm.a(lib_a-w_log10.o) (__aeabi_dcmpeq)
c:/dave-3.1/arm-gcc/bin/../lib/gcc/arm-none-eabi/4.7.4/armv6-m\libgcc.a(_arm_cmpsf2.o)
                              Common/Source/math_helper.o (__aeabi_fcmpeq)
c:/dave-3.1/arm-gcc/bin/../lib/gcc/arm-none-eabi/4.7.4/armv6-m\libgcc.a(addsf3.o)
                              Common/Source/math_helper.o (__aeabi_fadd)
c:/dave-3.1/arm-gcc/bin/../lib/gcc/arm-none-eabi/4.7.4/armv6-m\libgcc.a(divsf3.o)
                              Common/Source/math_helper.o (__aeabi_fdiv)
c:/dave-3.1/arm-gcc/bin/../lib/gcc/arm-none-eabi/4.7.4/armv6-m\libgcc.a(eqsf2.o)
                              c:/dave-3.1/arm-gcc/bin/../lib/gcc/arm-none-eabi/4.7.4/armv6-m\libgcc.a(_arm_cmpsf2.o) (__eqsf2)
c:/dave-3.1/arm-gcc/bin/../lib/gcc/arm-none-eabi/4.7.4/armv6-m\libgcc.a(gesf2.o)
                              c:/dave-3.1/arm-gcc/bin/../lib/gcc/arm-none-eabi/4.7.4/armv6-m\libgcc.a(_arm_cmpsf2.o) (__gesf2)
c:/dave-3.1/arm-gcc/bin/../lib/gcc/arm-none-eabi/4.7.4/armv6-m\libgcc.a(lesf2.o)
                              c:/dave-3.1/arm-gcc/bin/../lib/gcc/arm-none-eabi/4.7.4/armv6-m\libgcc.a(_arm_cmpsf2.o) (__lesf2)
[...]
Memory Configuration

Name             Origin             Length             Attributes
FLASH            0x10001000         0x00032000         xr
SRAM             0x20000000         0x00004000         !xr
*default*        0x00000000         0xffffffff

Linker script and memory map

LOAD arm_convolution_example_f32.o
LOAD Startup/startup_XMC1300.o
LOAD Startup/system_XMC1300.o
LOAD Common/Source/math_helper.o
LOAD C:\DAVE-3.1\eclipse\/../CMSIS/Lib/GCC\libarm_cortexM0l_math.a
LOAD c:/dave-3.1/arm-gcc/bin/../lib/gcc/arm-none-eabi/4.7.4/../../../../arm-none-eabi/lib/armv6-m\libm.a
START GROUP
LOAD c:/dave-3.1/arm-gcc/bin/../lib/gcc/arm-none-eabi/4.7.4/armv6-m\libgcc.a
LOAD c:/dave-3.1/arm-gcc/bin/../lib/gcc/arm-none-eabi/4.7.4/../../../../arm-none-eabi/lib/armv6-m\libg.a
LOAD c:/dave-3.1/arm-gcc/bin/../lib/gcc/arm-none-eabi/4.7.4/../../../../arm-none-eabi/lib/armv6-m\libc.a
END GROUP
START GROUP
LOAD C:\DAVE-3.1\eclipse\/../CMSIS/Infineon/Lib\libxmclibcstubs.a
END GROUP
                0x00000800                stack_size = 0x800

.text           0x10001000     0x5308
                0x10001000                sText = .
 *(.Xmc1300.reset)
 .Xmc1300.reset
                0x10001000       0x34 Startup/startup_XMC1300.o
                0x10001000                __Xmc1300_interrupt_vector_cortex_m
                0x10001018                __Xmc1300_reset_cortex_m
 *(.Xmc1300.postreset)
 .Xmc1300.postreset
                0x10001034       0x90 Startup/startup_XMC1300.o
 *(.XmcStartup)
 .XmcStartup    0x100010c4        0x8 Startup/startup_XMC1300.o
                0x100010c4                AllowClkInitByStartup
                0x100010c8                SystemInit_DAVE3
 *(.text .text.* .gnu.linkonce.t.*)
 .text          0x100010cc        0x0 arm_convolution_example_f32.o
 .text.main     0x100010cc      0x12c arm_convolution_example_f32.o
                0x100010cc                main
 .text          0x100011f8       0x44 Startup/startup_XMC1300.o
                0x100011f8                NMI_Handler
                0x100011fa                HardFault_Handler
                0x100011fc                SVC_Handler
                0x100011fe                PendSV_Handler
                0x10001200                SysTick_Handler
                0x10001202                SCU_0_IRQHandler
                0x10001204                SCU_1_IRQHandler
                0x10001206                SCU_2_IRQHandler
                0x10001208                ERU0_0_IRQHandler
                0x1000120a                ERU0_1_IRQHandler
                0x1000120c                ERU0_2_IRQHandler
                0x1000120e                ERU0_3_IRQHandler
                0x10001210                MATH0_0_IRQHandler
                0x10001212                VADC0_C0_0_IRQHandler
                0x10001214                VADC0_C0_1_IRQHandler
                0x10001216                VADC0_G0_0_IRQHandler
                0x10001218                VADC0_G0_1_IRQHandler
                0x1000121a                VADC0_G1_0_IRQHandler
                0x1000121c                VADC0_G1_1_IRQHandler
                0x1000121e                CCU40_0_IRQHandler
                0x10001220                CCU40_1_IRQHandler
                0x10001222                CCU40_2_IRQHandler
                0x10001224                CCU40_3_IRQHandler
                0x10001226                CCU80_0_IRQHandler
                0x10001228                CCU80_1_IRQHandler
                0x1000122a                POSIF0_0_IRQHandler
                0x1000122c                POSIF0_1_IRQHandler
                0x1000122e                USIC0_0_IRQHandler
                0x10001230                USIC0_1_IRQHandler
                0x10001232                USIC0_2_IRQHandler
                0x10001234                USIC0_3_IRQHandler
                0x10001236                USIC0_4_IRQHandler
                0x10001238                USIC0_5_IRQHandler
                0x1000123a                BCCU0_0_IRQHandler
 .text          0x1000123c        0x0 Startup/system_XMC1300.o
 .text.SystemInit
                0x1000123c        0xc Startup/system_XMC1300.o
                0x1000123c                SystemInit
 .text.SystemCoreClockUpdate
                0x10001248       0x84 Startup/system_XMC1300.o
                0x10001248                SystemCoreClockUpdate
 .text          0x100012cc        0x0 Common/Source/math_helper.o
 *fill*         0x100012cc        0x4 00
 .text.arm_snr_f32
                0x100012d0      0x158 Common/Source/math_helper.o
                0x100012d0                arm_snr_f32
 .text.arm_provide_guard_bits_q15
                0x10001428       0x48 Common/Source/math_helper.o
                0x10001428                arm_provide_guard_bits_q15
 .text.arm_float_to_q12_20
                0x10001470       0xf8 Common/Source/math_helper.o
                0x10001470                arm_float_to_q12_20
 .text.arm_compare_fixed_q15
                0x10001568       0x64 Common/Source/math_helper.o
                0x10001568                arm_compare_fixed_q15
 .text.arm_compare_fixed_q31
                0x100015cc       0x60 Common/Source/math_helper.o
                0x100015cc                arm_compare_fixed_q31
 .text.arm_provide_guard_bits_q31
                0x1000162c       0x44 Common/Source/math_helper.o
                0x1000162c                arm_provide_guard_bits_q31
 .text.arm_provide_guard_bits_q7
                0x10001670       0x44 Common/Source/math_helper.o
                0x10001670                arm_provide_guard_bits_q7
 .text.arm_calc_guard_bits
                0x100016b4       0x38 Common/Source/math_helper.o
                0x100016b4                arm_calc_guard_bits
 .text.arm_apply_guard_bits
                0x100016ec       0x58 Common/Source/math_helper.o
                0x100016ec                arm_apply_guard_bits
 .text.arm_calc_2pow
                0x10001744       0x30 Common/Source/math_helper.o
                0x10001744                arm_calc_2pow
 *fill*         0x10001774        0x4 00
 .text.arm_float_to_q14
                0x10001778       0xf8 Common/Source/math_helper.o
                0x10001778                arm_float_to_q14
 .text.arm_float_to_q30
                0x10001870       0xf8 Common/Source/math_helper.o
                0x10001870                arm_float_to_q30
 .text.arm_float_to_q29
                0x10001968       0xf8 Common/Source/math_helper.o
                0x10001968                arm_float_to_q29
 .text.arm_float_to_q28
                0x10001a60       0xf8 Common/Source/math_helper.o
                0x10001a60                arm_float_to_q28
 .text.arm_clip_f32
                0x10001b58       0x78 Common/Source/math_helper.o
                0x10001b58                arm_clip_f32
 .text          0x10001bd0        0x0 C:\DAVE-3.1\eclipse\/../CMSIS/Lib/GCC\libarm_cortexM0l_math.a(arm_cfft_radix4_f32.o)
 .text.arm_radix4_butterfly_f32
                0x10001bd0      0x558 C:\DAVE-3.1\eclipse\/../CMSIS/Lib/GCC\libarm_cortexM0l_math.a(arm_cfft_radix4_f32.o)
                0x10001bd0                arm_radix4_butterfly_f32
 .text.arm_radix4_butterfly_inverse_f32
                0x10002128      0x590 C:\DAVE-3.1\eclipse\/../CMSIS/Lib/GCC\libarm_cortexM0l_math.a(arm_cfft_radix4_f32.o)
                0x10002128                arm_radix4_butterfly_inverse_f32
 .text.arm_cfft_radix4_f32
                0x100026b8       0x48 C:\DAVE-3.1\eclipse\/../CMSIS/Lib/GCC\libarm_cortexM0l_math.a(arm_cfft_radix4_f32.o)
                0x100026b8                arm_cfft_radix4_f32
 .text          0x10002700        0x0 C:\DAVE-3.1\eclipse\/../CMSIS/Lib/GCC\libarm_cortexM0l_math.a(arm_cfft_radix4_init_f32.o)
 .text.arm_cfft_radix4_init_f32
                0x10002700       0xbc C:\DAVE-3.1\eclipse\/../CMSIS/Lib/GCC\libarm_cortexM0l_math.a(arm_cfft_radix4_init_f32.o)
                0x10002700                arm_cfft_radix4_init_f32
 .text          0x100027bc        0x0 C:\DAVE-3.1\eclipse\/../CMSIS/Lib/GCC\libarm_cortexM0l_math.a(arm_copy_f32.o)
 .text.arm_copy_f32
                0x100027bc       0x3c C:\DAVE-3.1\eclipse\/../CMSIS/Lib/GCC\libarm_cortexM0l_math.a(arm_copy_f32.o)
                0x100027bc                arm_copy_f32
 .text          0x100027f8        0x0 C:\DAVE-3.1\eclipse\/../CMSIS/Lib/GCC\libarm_cortexM0l_math.a(arm_fill_f32.o)
 .text.arm_fill_f32
                0x100027f8       0x30 C:\DAVE-3.1\eclipse\/../CMSIS/Lib/GCC\libarm_cortexM0l_math.a(arm_fill_f32.o)
                0x100027f8                arm_fill_f32
 .text          0x10002828        0x0 C:\DAVE-3.1\eclipse\/../CMSIS/Lib/GCC\libarm_cortexM0l_math.a(arm_cmplx_mult_cmplx_f32.o)
 .text.arm_cmplx_mult_cmplx_f32
                0x10002828      0x19c C:\DAVE-3.1\eclipse\/../CMSIS/Lib/GCC\libarm_cortexM0l_math.a(arm_cmplx_mult_cmplx_f32.o)
                0x10002828                arm_cmplx_mult_cmplx_f32
 .text          0x100029c4        0x0 C:\DAVE-3.1\eclipse\/../CMSIS/Lib/GCC\libarm_cortexM0l_math.a(arm_common_tables.o)
 .text          0x100029c4        0x0 C:\DAVE-3.1\eclipse\/../CMSIS/Lib/GCC\libarm_cortexM0l_math.a(arm_bitreversal.o)
 .text.arm_bitreversal_f32
                0x100029c4       0xdc C:\DAVE-3.1\eclipse\/../CMSIS/Lib/GCC\libarm_cortexM0l_math.a(arm_bitreversal.o)
                0x100029c4                arm_bitreversal_f32
 .text.arm_bitreversal_q31
                0x10002aa0      0x1ec C:\DAVE-3.1\eclipse\/../CMSIS/Lib/GCC\libarm_cortexM0l_math.a(arm_bitreversal.o)
                0x10002aa0                arm_bitreversal_q31
 .text.arm_bitreversal_q15
                0x10002c8c      0x128 C:\DAVE-3.1\eclipse\/../CMSIS/Lib/GCC\libarm_cortexM0l_math.a(arm_bitreversal.o)
                0x10002c8c                arm_bitreversal_q15
 .text          0x10002db4        0x0 c:/dave-3.1/arm-gcc/bin/../lib/gcc/arm-none-eabi/4.7.4/../../../../arm-none-eabi/lib/armv6-m\libm.a(lib_a-w_log10.o)
 *fill*         0x10002db4        0x4 00
 .text.log10    0x10002db8      0x108 c:/dave-3.1/arm-gcc/bin/../lib/gcc/arm-none-eabi/4.7.4/../../../../arm-none-eabi/lib/armv6-m\libm.a(lib_a-w_log10.o)
                0x10002db8                log10
 .text          0x10002ec0        0x0 c:/dave-3.1/arm-gcc/bin/../lib/gcc/arm-none-eabi/4.7.4/../../../../arm-none-eabi/lib/armv6-m\libm.a(lib_a-e_log10.o)
 .text.__ieee754_log10
                0x10002ec0      0x140 c:/dave-3.1/arm-gcc/bin/../lib/gcc/arm-none-eabi/4.7.4/../../../../arm-none-eabi/lib/armv6-m\libm.a(lib_a-e_log10.o)
                0x10002ec0                __ieee754_log10
 .text          0x10003000        0x0 c:/dave-3.1/arm-gcc/bin/../lib/gcc/arm-none-eabi/4.7.4/../../../../arm-none-eabi/lib/armv6-m\libm.a(lib_a-s_fpclassify.o)
 .text.__fpclassifyd
                0x10003000       0x70 c:/dave-3.1/arm-gcc/bin/../lib/gcc/arm-none-eabi/4.7.4/../../../../arm-none-eabi/lib/armv6-m\libm.a(lib_a-s_fpclassify.o)
                0x10003000                __fpclassifyd
 .text          0x10003070        0x0 c:/dave-3.1/arm-gcc/bin/../lib/gcc/arm-none-eabi/4.7.4/../../../../arm-none-eabi/lib/armv6-m\libm.a(lib_a-s_lib_ver.o)
 .text          0x10003070        0x0 c:/dave-3.1/arm-gcc/bin/../lib/gcc/arm-none-eabi/4.7.4/../../../../arm-none-eabi/lib/armv6-m\libm.a(lib_a-s_matherr.o)
 .text.matherr  0x10003070        0x4 c:/dave-3.1/arm-gcc/bin/../lib/gcc/arm-none-eabi/4.7.4/../../../../arm-none-eabi/lib/armv6-m\libm.a(lib_a-s_matherr.o)
                0x10003070                matherr
 .text          0x10003074        0x0 c:/dave-3.1/arm-gcc/bin/../lib/gcc/arm-none-eabi/4.7.4/../../../../arm-none-eabi/lib/armv6-m\libm.a(lib_a-s_nan.o)
 *fill*         0x10003074        0x4 00
 .text.nan      0x10003078       0x10 c:/dave-3.1/arm-gcc/bin/../lib/gcc/arm-none-eabi/4.7.4/../../../../arm-none-eabi/lib/armv6-m\libm.a(lib_a-s_nan.o)
                0x10003078                nan
 .text          0x10003088        0x0 c:/dave-3.1/arm-gcc/bin/../lib/gcc/arm-none-eabi/4.7.4/../../../../arm-none-eabi/lib/armv6-m\libm.a(lib_a-e_log.o)
 .text.__ieee754_log
                0x10003088      0x418 c:/dave-3.1/arm-gcc/bin/../lib/gcc/arm-none-eabi/4.7.4/../../../../arm-none-eabi/lib/armv6-m\libm.a(lib_a-e_log.o)
                0x10003088                __ieee754_log
 .text          0x100034a0       0x9c c:/dave-3.1/arm-gcc/bin/../lib/gcc/arm-none-eabi/4.7.4/armv6-m\libgcc.a(_udivsi3.o)
                0x100034a0                __aeabi_uidiv
                0x100034a0                __udivsi3
                0x10003528                __aeabi_uidivmod
 .text          0x1000353c        0x4 c:/dave-3.1/arm-gcc/bin/../lib/gcc/arm-none-eabi/4.7.4/armv6-m\libgcc.a(_dvmd_tls.o)
                0x1000353c                __aeabi_idiv0
                0x1000353c                __aeabi_ldiv0
 .text          0x10003540       0x7c c:/dave-3.1/arm-gcc/bin/../lib/gcc/arm-none-eabi/4.7.4/armv6-m\libgcc.a(_arm_cmpdf2.o)
                0x10003540                __aeabi_cdrcmple
                0x10003550                __aeabi_cdcmple
                0x10003550                __aeabi_cdcmpeq
                0x10003560                __aeabi_dcmpeq
                0x1000356c                __aeabi_dcmplt
                0x10003580                __aeabi_dcmple
                0x10003594                __aeabi_dcmpgt
                0x100035a8                __aeabi_dcmpge
 .text          0x100035bc       0x74 c:/dave-3.1/arm-gcc/bin/../lib/gcc/arm-none-eabi/4.7.4/armv6-m\libgcc.a(_arm_cmpsf2.o)
                0x100035bc                __aeabi_cfrcmple
                0x100035c4                __aeabi_cfcmpeq
                0x100035c4                __aeabi_cfcmple
                0x100035d4                __aeabi_fcmpeq
                0x100035e0                __aeabi_fcmplt
                0x100035f4                __aeabi_fcmple
                0x10003608                __aeabi_fcmpgt
                0x1000361c                __aeabi_fcmpge
 .text          0x10003630      0x3ac c:/dave-3.1/arm-gcc/bin/../lib/gcc/arm-none-eabi/4.7.4/armv6-m\libgcc.a(addsf3.o)
                0x10003630                __aeabi_fadd
 .text          0x100039dc      0x274 c:/dave-3.1/arm-gcc/bin/../lib/gcc/arm-none-eabi/4.7.4/armv6-m\libgcc.a(divsf3.o)
                0x100039dc                __aeabi_fdiv
 .text          0x10003c50       0x50 c:/dave-3.1/arm-gcc/bin/../lib/gcc/arm-none-eabi/4.7.4/armv6-m\libgcc.a(eqsf2.o)
                0x10003c50                __eqsf2
                0x10003c50                __nesf2
 .text          0x10003ca0       0x90 c:/dave-3.1/arm-gcc/bin/../lib/gcc/arm-none-eabi/4.7.4/armv6-m\libgcc.a(gesf2.o)
                0x10003ca0                __gesf2
                0x10003ca0                __gtsf2
 .text          0x10003d30       0x90 c:/dave-3.1/arm-gcc/bin/../lib/gcc/arm-none-eabi/4.7.4/armv6-m\libgcc.a(lesf2.o)
                0x10003d30                __ltsf2
                0x10003d30                __lesf2
 .text          0x10003dc0      0x260 c:/dave-3.1/arm-gcc/bin/../lib/gcc/arm-none-eabi/4.7.4/armv6-m\libgcc.a(mulsf3.o)
                0x10003dc0                __aeabi_fmul
 .text          0x10004020      0x3b4 c:/dave-3.1/arm-gcc/bin/../lib/gcc/arm-none-eabi/4.7.4/armv6-m\libgcc.a(subsf3.o)
                0x10004020                __aeabi_fsub
 .text          0x100043d4       0x40 c:/dave-3.1/arm-gcc/bin/../lib/gcc/arm-none-eabi/4.7.4/armv6-m\libgcc.a(fixsfsi.o)
                0x100043d4                __aeabi_f2iz
 .text          0x10004414       0xa8 c:/dave-3.1/arm-gcc/bin/../lib/gcc/arm-none-eabi/4.7.4/armv6-m\libgcc.a(floatunsisf.o)
                0x10004414                __aeabi_ui2f
 .text          0x100044bc      0x760 c:/dave-3.1/arm-gcc/bin/../lib/gcc/arm-none-eabi/4.7.4/armv6-m\libgcc.a(adddf3.o)
                0x100044bc                __aeabi_dadd
 .text          0x10004c1c      0x5b8 c:/dave-3.1/arm-gcc/bin/../lib/gcc/arm-none-eabi/4.7.4/armv6-m\libgcc.a(divdf3.o)
                0x10004c1c                __aeabi_ddiv
 .text          0x100051d4       0x7c c:/dave-3.1/arm-gcc/bin/../lib/gcc/arm-none-eabi/4.7.4/armv6-m\libgcc.a(eqdf2.o)
                0x100051d4                __nedf2
                0x100051d4                __eqdf2
 .text          0x10005250       0xe8 c:/dave-3.1/arm-gcc/bin/../lib/gcc/arm-none-eabi/4.7.4/armv6-m\libgcc.a(gedf2.o)
                0x10005250                __gedf2
                0x10005250                __gtdf2
 .text          0x10005338       0xd8 c:/dave-3.1/arm-gcc/bin/../lib/gcc/arm-none-eabi/4.7.4/armv6-m\libgcc.a(ledf2.o)
                0x10005338                __ledf2
                0x10005338                __ltdf2
 .text          0x10005410      0x4e4 c:/dave-3.1/arm-gcc/bin/../lib/gcc/arm-none-eabi/4.7.4/armv6-m\libgcc.a(muldf3.o)
                0x10005410                __aeabi_dmul
 .text          0x100058f4      0x704 c:/dave-3.1/arm-gcc/bin/../lib/gcc/arm-none-eabi/4.7.4/armv6-m\libgcc.a(subdf3.o)
                0x100058f4                __aeabi_dsub
 .text          0x10005ff8       0x68 c:/dave-3.1/arm-gcc/bin/../lib/gcc/arm-none-eabi/4.7.4/armv6-m\libgcc.a(fixdfsi.o)
                0x10005ff8                __aeabi_d2iz
 .text          0x10006060       0x74 c:/dave-3.1/arm-gcc/bin/../lib/gcc/arm-none-eabi/4.7.4/armv6-m\libgcc.a(floatsidf.o)
                0x10006060                __aeabi_i2d
 .text          0x100060d4       0xa8 c:/dave-3.1/arm-gcc/bin/../lib/gcc/arm-none-eabi/4.7.4/armv6-m\libgcc.a(extendsfdf2.o)
                0x100060d4                __aeabi_f2d
 .text          0x1000617c      0x144 c:/dave-3.1/arm-gcc/bin/../lib/gcc/arm-none-eabi/4.7.4/armv6-m\libgcc.a(truncdfsf2.o)
                0x1000617c                __aeabi_d2f
 .text          0x100062c0       0x3c c:/dave-3.1/arm-gcc/bin/../lib/gcc/arm-none-eabi/4.7.4/armv6-m\libgcc.a(_clzsi2.o)
                0x100062c0                __clzsi2
 .text          0x100062fc        0x0 c:/dave-3.1/arm-gcc/bin/../lib/gcc/arm-none-eabi/4.7.4/../../../../arm-none-eabi/lib/armv6-m\libg.a(lib_a-errno.o)
 .text.__errno  0x100062fc        0xc c:/dave-3.1/arm-gcc/bin/../lib/gcc/arm-none-eabi/4.7.4/../../../../arm-none-eabi/lib/armv6-m\libg.a(lib_a-errno.o)
                0x100062fc                __errno
 .text          0x10006308        0x0 c:/dave-3.1/arm-gcc/bin/../lib/gcc/arm-none-eabi/4.7.4/../../../../arm-none-eabi/lib/armv6-m\libg.a(lib_a-impure.o)
 *(.glue*)
 .glue_7        0x00000000        0x0 linker stubs
 .glue_7t       0x00000000        0x0 linker stubs
 *(.v4*)
 .v4_bx         0x00000000        0x0 linker stubs
 *(.vfp11_veneer)
 .vfp11_veneer  0x00000000        0x0 linker stubs
 *(.init)
                0x10006308                __preinit_array_start = .
 *(.preinit_array)
                0x10006308                __preinit_array_end = .
                0x10006308                __init_array_start = .
 *(SORT(.init_array.*))
 *(.init_array)
                0x10006308                __init_array_end = .
 *crtbegin.o(.ctors)
 *(EXCLUDE_FILE(*crtend.o) .ctors)
 *(SORT(.ctors.*))
 *crtend.o(.ctors)
 *(.fini)
                0x10006308                __fini_array_start = .
 *(.fini_array)
 *(SORT(.fini_array.*))
                0x10006308                __fini_array_end = .
 *crtbegin.o(.dtors)
 *(EXCLUDE_FILE(*crtend.o) .dtors)
 *(SORT(.dtors.*))
 *crtend.o(.dtors)
                0x10006308                __extab_start = .
 *(.ARM.extab* .gnu.linkonce.armextab.*)
 .ARM.extab.Xmc1300.reset
                0x10006308        0x0 Startup/startup_XMC1300.o
 .ARM.extab.Xmc1300.postreset
                0x10006308        0x0 Startup/startup_XMC1300.o
                0x10006308                . = ALIGN (0x4)
                0x10006308                __extab_end = ABSOLUTE (.)

.iplt           0x10006308        0x0
 .iplt          0x00000000        0x0 arm_convolution_example_f32.o

.ARM.exidx      0x10006308       0x10
                0x10006308                __exidx_start = .
 *(.ARM.exidx* .gnu.linkonce.armexidx.*)
 .ARM.exidx.Xmc1300.reset
                0x10006308        0x8 Startup/startup_XMC1300.o
 .ARM.exidx.Xmc1300.postreset
                0x10006310        0x8 Startup/startup_XMC1300.o
                0x10006318                . = ALIGN (0x4)
                0x10006318                __exidx_end = ABSOLUTE (.)

.rodata         0x10006318    0x27064
 *(.rodata .rodata.*)
 .rodata        0x10006318      0x1f8 arm_convolution_example_f32.o
                0x10006318                testRefOutput_f32
 .rodata        0x10006510    0x26d58 C:\DAVE-3.1\eclipse\/../CMSIS/Lib/GCC\libarm_cortexM0l_math.a(arm_common_tables.o)
                0x10006510                twiddleCoef_rfft_4096
                0x1000a510                twiddleCoef_rfft_2048
                0x1000c510                twiddleCoef_rfft_1024
                0x1000d510                twiddleCoef_rfft_512
                0x1000dd10                twiddleCoef_rfft_256
                0x1000e110                twiddleCoef_rfft_128
                0x1000e310                twiddleCoef_rfft_64
                0x1000e410                twiddleCoef_rfft_32
                0x1000e490                armBitRevIndexTable4096
                0x10010410                armBitRevIndexTable2048
                0x100121d0                armBitRevIndexTable1024
                0x10012fe0                armBitRevIndexTable512
                0x10013360                armBitRevIndexTable256
                0x100136d0                armBitRevIndexTable128
                0x10013870                armBitRevIndexTable64
                0x100138e0                armBitRevIndexTable32
                0x10013940                armBitRevIndexTable16
                0x10013968                armRecipTableQ31
                0x10013a68                armRecipTableQ15
                0x10013ae8                twiddleCoefQ15
                0x10016ae8                twiddleCoefQ31
                0x1001cae8                twiddleCoef_4096
                0x10024ae8                twiddleCoef_2048
                0x10028ae8                twiddleCoef_1024
                0x1002aae8                twiddleCoef_512
                0x1002bae8                twiddleCoef_256
                0x1002c2e8                twiddleCoef_128
                0x1002c6e8                twiddleCoef_64
                0x1002c8e8                twiddleCoef_32
                0x1002c9e8                twiddleCoef_16
                0x1002ca68                armBitRevTable
 .rodata.str1.4
                0x1002d268        0x9 c:/dave-3.1/arm-gcc/bin/../lib/gcc/arm-none-eabi/4.7.4/../../../../arm-none-eabi/lib/armv6-m\libm.a(lib_a-w_log10.o)
                                  0xc (size before relaxing)
 *fill*         0x1002d271        0x3 00
 .rodata        0x1002d274       0x40 c:/dave-3.1/arm-gcc/bin/../lib/gcc/arm-none-eabi/4.7.4/armv6-m\libgcc.a(divsf3.o)
 .rodata        0x1002d2b4       0x40 c:/dave-3.1/arm-gcc/bin/../lib/gcc/arm-none-eabi/4.7.4/armv6-m\libgcc.a(mulsf3.o)
 .rodata        0x1002d2f4       0x40 c:/dave-3.1/arm-gcc/bin/../lib/gcc/arm-none-eabi/4.7.4/armv6-m\libgcc.a(divdf3.o)
 .rodata        0x1002d334       0x40 c:/dave-3.1/arm-gcc/bin/../lib/gcc/arm-none-eabi/4.7.4/armv6-m\libgcc.a(muldf3.o)
 .rodata.str1.4
                0x1002d374        0x4 c:/dave-3.1/arm-gcc/bin/../lib/gcc/arm-none-eabi/4.7.4/../../../../arm-none-eabi/lib/armv6-m\libg.a(lib_a-impure.o)
 .rodata._global_impure_ptr
                0x1002d378        0x4 c:/dave-3.1/arm-gcc/bin/../lib/gcc/arm-none-eabi/4.7.4/../../../../arm-none-eabi/lib/armv6-m\libg.a(lib_a-impure.o)
                0x1002d378                _global_impure_ptr
 *(.gnu.linkonce.r*)
                0x1002d380                . = ALIGN (0x10)
                0x1002d380                eROData = .
                0x1002d380                VeneerLoadAddr = ABSOLUTE (eROData)

.VENEER_Code    0x2000000c      0x138 load address 0x1002d380
                0x2000000c                VeneerStart = .
 *(.XmcVeneerCode)
 .XmcVeneerCode
                0x2000000c      0x138 Startup/startup_XMC1300.o
                0x2000000c                HardFault_Veneer
                0x2000002c                SVC_Veneer
                0x20000038                PendSV_Veneer
                0x2000003c                SysTick_Veneer
                0x20000040                SCU_0_Veneer
                0x20000044                SCU_1_Veneer
                0x20000048                SCU_2_Veneer
                0x2000004c                SCU_3_Veneer
                0x20000050                SCU_4_Veneer
                0x20000054                SCU_5_Veneer
                0x20000058                SCU_6_Veneer
                0x2000005c                MATH_Veneer
                0x20000064                USIC0_0_Veneer
                0x20000068                USIC0_1_Veneer
                0x2000006c                USIC0_2_Veneer
                0x20000070                USIC0_3_Veneer
                0x20000074                USIC0_4_Veneer
                0x20000078                USIC0_5_Veneer
                0x2000007c                VADC0_C0_0_Veneer
                0x20000080                VADC0_C0_1_Veneer
                0x20000084                VADC0_G0_0_Veneer
                0x20000088                VADC0_G0_1_Veneer
                0x2000008c                VADC0_G1_0_Veneer
                0x20000090                VADC0_G1_1_Veneer
                0x20000094                CCU40_0_Veneer
                0x20000098                CCU40_1_Veneer
                0x2000009c                CCU40_2_Veneer
                0x200000a0                CCU40_3_Veneer
                0x200000a4                CCU80_0_Veneer
                0x200000a8                CCU80_1_Veneer
                0x200000ac                POSIF0_0_Veneer
                0x200000b0                POSIF0_1_Veneer
                0x200000bc                BCCU0_0_Veneer
                0x20000144                . = ALIGN (0x4)
                0x20000144                VeneerEnd = .
                0x00000138                VeneerSize = (ABSOLUTE (VeneerEnd) - ABSOLUTE (VeneerStart))

.rel.dyn        0x20000144        0x0 load address 0x1002d4b8
 .rel.iplt      0x00000000        0x0 arm_convolution_example_f32.o

.GUARD_Band     0x20000144        0xc load address 0x00000000
                0x20000147                . = (. + 0x3)
 *fill*         0x20000144        0x3 00
                0x20000150                . = ALIGN (0x10)
 *fill*         0x20000147        0x9 00
                0x20000150                Guard_Band_End = .

Stack           0x20000150      0x800 load address 0x00000000
                0x20000950                . = (. + stack_size)
 *fill*         0x20000150      0x800 00
                0x20000950                __Xmc1300_stack = .

.bss            0x20000950      0x80c
                0x20000950                __Xmc1300_sBSS = .
 *(.bss)
 .bss           0x20000950        0x0 arm_convolution_example_f32.o
 .bss           0x20000950        0x0 Startup/startup_XMC1300.o
 .bss           0x20000950        0x0 Startup/system_XMC1300.o
 .bss           0x20000950        0x0 Common/Source/math_helper.o
 .bss           0x20000950        0x0 C:\DAVE-3.1\eclipse\/../CMSIS/Lib/GCC\libarm_cortexM0l_math.a(arm_cfft_radix4_f32.o)
 .bss           0x20000950        0x0 C:\DAVE-3.1\eclipse\/../CMSIS/Lib/GCC\libarm_cortexM0l_math.a(arm_cfft_radix4_init_f32.o)
 .bss           0x20000950        0x0 C:\DAVE-3.1\eclipse\/../CMSIS/Lib/GCC\libarm_cortexM0l_math.a(arm_copy_f32.o)
 .bss           0x20000950        0x0 C:\DAVE-3.1\eclipse\/../CMSIS/Lib/GCC\libarm_cortexM0l_math.a(arm_fill_f32.o)
 .bss           0x20000950        0x0 C:\DAVE-3.1\eclipse\/../CMSIS/Lib/GCC\libarm_cortexM0l_math.a(arm_cmplx_mult_cmplx_f32.o)
 .bss           0x20000950        0x0 C:\DAVE-3.1\eclipse\/../CMSIS/Lib/GCC\libarm_cortexM0l_math.a(arm_common_tables.o)
 .bss           0x20000950        0x0 C:\DAVE-3.1\eclipse\/../CMSIS/Lib/GCC\libarm_cortexM0l_math.a(arm_bitreversal.o)
 .bss           0x20000950        0x0 c:/dave-3.1/arm-gcc/bin/../lib/gcc/arm-none-eabi/4.7.4/../../../../arm-none-eabi/lib/armv6-m\libm.a(lib_a-w_log10.o)
 .bss           0x20000950        0x0 c:/dave-3.1/arm-gcc/bin/../lib/gcc/arm-none-eabi/4.7.4/../../../../arm-none-eabi/lib/armv6-m\libm.a(lib_a-e_log10.o)
 .bss           0x20000950        0x0 c:/dave-3.1/arm-gcc/bin/../lib/gcc/arm-none-eabi/4.7.4/../../../../arm-none-eabi/lib/armv6-m\libm.a(lib_a-s_fpclassify.o)
 .bss           0x20000950        0x0 c:/dave-3.1/arm-gcc/bin/../lib/gcc/arm-none-eabi/4.7.4/../../../../arm-none-eabi/lib/armv6-m\libm.a(lib_a-s_lib_ver.o)
 .bss           0x20000950        0x0 c:/dave-3.1/arm-gcc/bin/../lib/gcc/arm-none-eabi/4.7.4/../../../../arm-none-eabi/lib/armv6-m\libm.a(lib_a-s_matherr.o)
 .bss           0x20000950        0x0 c:/dave-3.1/arm-gcc/bin/../lib/gcc/arm-none-eabi/4.7.4/../../../../arm-none-eabi/lib/armv6-m\libm.a(lib_a-s_nan.o)
 .bss           0x20000950        0x0 c:/dave-3.1/arm-gcc/bin/../lib/gcc/arm-none-eabi/4.7.4/../../../../arm-none-eabi/lib/armv6-m\libm.a(lib_a-e_log.o)
 .bss           0x20000950        0x0 c:/dave-3.1/arm-gcc/bin/../lib/gcc/arm-none-eabi/4.7.4/armv6-m\libgcc.a(_udivsi3.o)
 .bss           0x20000950        0x0 c:/dave-3.1/arm-gcc/bin/../lib/gcc/arm-none-eabi/4.7.4/armv6-m\libgcc.a(_dvmd_tls.o)
 .bss           0x20000950        0x0 c:/dave-3.1/arm-gcc/bin/../lib/gcc/arm-none-eabi/4.7.4/armv6-m\libgcc.a(_arm_cmpdf2.o)
 .bss           0x20000950        0x0 c:/dave-3.1/arm-gcc/bin/../lib/gcc/arm-none-eabi/4.7.4/armv6-m\libgcc.a(_arm_cmpsf2.o)
 .bss           0x20000950        0x0 c:/dave-3.1/arm-gcc/bin/../lib/gcc/arm-none-eabi/4.7.4/armv6-m\libgcc.a(addsf3.o)
 .bss           0x20000950        0x0 c:/dave-3.1/arm-gcc/bin/../lib/gcc/arm-none-eabi/4.7.4/armv6-m\libgcc.a(divsf3.o)
 .bss           0x20000950        0x0 c:/dave-3.1/arm-gcc/bin/../lib/gcc/arm-none-eabi/4.7.4/armv6-m\libgcc.a(eqsf2.o)
 .bss           0x20000950        0x0 c:/dave-3.1/arm-gcc/bin/../lib/gcc/arm-none-eabi/4.7.4/armv6-m\libgcc.a(gesf2.o)
 .bss           0x20000950        0x0 c:/dave-3.1/arm-gcc/bin/../lib/gcc/arm-none-eabi/4.7.4/armv6-m\libgcc.a(lesf2.o)
 .bss           0x20000950        0x0 c:/dave-3.1/arm-gcc/bin/../lib/gcc/arm-none-eabi/4.7.4/armv6-m\libgcc.a(mulsf3.o)
 .bss           0x20000950        0x0 c:/dave-3.1/arm-gcc/bin/../lib/gcc/arm-none-eabi/4.7.4/armv6-m\libgcc.a(subsf3.o)
 .bss           0x20000950        0x0 c:/dave-3.1/arm-gcc/bin/../lib/gcc/arm-none-eabi/4.7.4/armv6-m\libgcc.a(fixsfsi.o)
 .bss           0x20000950        0x0 c:/dave-3.1/arm-gcc/bin/../lib/gcc/arm-none-eabi/4.7.4/armv6-m\libgcc.a(floatunsisf.o)
 .bss           0x20000950        0x0 c:/dave-3.1/arm-gcc/bin/../lib/gcc/arm-none-eabi/4.7.4/armv6-m\libgcc.a(adddf3.o)
 .bss           0x20000950        0x0 c:/dave-3.1/arm-gcc/bin/../lib/gcc/arm-none-eabi/4.7.4/armv6-m\libgcc.a(divdf3.o)
 .bss           0x20000950        0x0 c:/dave-3.1/arm-gcc/bin/../lib/gcc/arm-none-eabi/4.7.4/armv6-m\libgcc.a(eqdf2.o)
 .bss           0x20000950        0x0 c:/dave-3.1/arm-gcc/bin/../lib/gcc/arm-none-eabi/4.7.4/armv6-m\libgcc.a(gedf2.o)
 .bss           0x20000950        0x0 c:/dave-3.1/arm-gcc/bin/../lib/gcc/arm-none-eabi/4.7.4/armv6-m\libgcc.a(ledf2.o)
 .bss           0x20000950        0x0 c:/dave-3.1/arm-gcc/bin/../lib/gcc/arm-none-eabi/4.7.4/armv6-m\libgcc.a(muldf3.o)
 .bss           0x20000950        0x0 c:/dave-3.1/arm-gcc/bin/../lib/gcc/arm-none-eabi/4.7.4/armv6-m\libgcc.a(subdf3.o)
 .bss           0x20000950        0x0 c:/dave-3.1/arm-gcc/bin/../lib/gcc/arm-none-eabi/4.7.4/armv6-m\libgcc.a(fixdfsi.o)
 .bss           0x20000950        0x0 c:/dave-3.1/arm-gcc/bin/../lib/gcc/arm-none-eabi/4.7.4/armv6-m\libgcc.a(floatsidf.o)
 .bss           0x20000950        0x0 c:/dave-3.1/arm-gcc/bin/../lib/gcc/arm-none-eabi/4.7.4/armv6-m\libgcc.a(extendsfdf2.o)
 .bss           0x20000950        0x0 c:/dave-3.1/arm-gcc/bin/../lib/gcc/arm-none-eabi/4.7.4/armv6-m\libgcc.a(truncdfsf2.o)
 .bss           0x20000950        0x0 c:/dave-3.1/arm-gcc/bin/../lib/gcc/arm-none-eabi/4.7.4/armv6-m\libgcc.a(_clzsi2.o)
 .bss           0x20000950        0x0 c:/dave-3.1/arm-gcc/bin/../lib/gcc/arm-none-eabi/4.7.4/../../../../arm-none-eabi/lib/armv6-m\libg.a(lib_a-errno.o)
 .bss           0x20000950        0x0 c:/dave-3.1/arm-gcc/bin/../lib/gcc/arm-none-eabi/4.7.4/../../../../arm-none-eabi/lib/armv6-m\libg.a(lib_a-impure.o)
 *(.bss*)
 *(COMMON)
 COMMON         0x20000950      0x808 arm_convolution_example_f32.o
                0x20000950                Ak
                0x20000b50                Bk
                0x20000d50                outLen
                0x20000d54                AxB
                0x20001154                snr
 COMMON         0x20001158        0x4 Startup/system_XMC1300.o
                0x20001158                SystemCoreClock
 *(.gnu.linkonce.b*)
                0x2000115c                __Xmc1300_eBSS = ALIGN (0x4)
                0x0000080c                __Xmc1300_BSS_Size = (__Xmc1300_eBSS - __Xmc1300_sBSS)
                0x1002d4b8                DataLoadAddr = (eROData + VeneerSize)

.data           0x20001160      0x63c load address 0x1002d4b8
                0x20001160                __Xmc1300_sData = .
 *(.data)
 .data          0x20001160      0x208 arm_convolution_example_f32.o
                0x20001160                testInputA_f32
                0x20001260                testInputB_f32
                0x20001360                srcALen
                0x20001364                srcBLen
 .data          0x20001368        0x0 Startup/startup_XMC1300.o
 .data          0x20001368        0x0 Startup/system_XMC1300.o
 .data          0x20001368        0x0 Common/Source/math_helper.o
 .data          0x20001368        0x0 C:\DAVE-3.1\eclipse\/../CMSIS/Lib/GCC\libarm_cortexM0l_math.a(arm_cfft_radix4_f32.o)
 .data          0x20001368        0x0 C:\DAVE-3.1\eclipse\/../CMSIS/Lib/GCC\libarm_cortexM0l_math.a(arm_cfft_radix4_init_f32.o)
 .data          0x20001368        0x0 C:\DAVE-3.1\eclipse\/../CMSIS/Lib/GCC\libarm_cortexM0l_math.a(arm_copy_f32.o)
 .data          0x20001368        0x0 C:\DAVE-3.1\eclipse\/../CMSIS/Lib/GCC\libarm_cortexM0l_math.a(arm_fill_f32.o)
 .data          0x20001368        0x0 C:\DAVE-3.1\eclipse\/../CMSIS/Lib/GCC\libarm_cortexM0l_math.a(arm_cmplx_mult_cmplx_f32.o)
 .data          0x20001368        0x0 C:\DAVE-3.1\eclipse\/../CMSIS/Lib/GCC\libarm_cortexM0l_math.a(arm_common_tables.o)
 .data          0x20001368        0x0 C:\DAVE-3.1\eclipse\/../CMSIS/Lib/GCC\libarm_cortexM0l_math.a(arm_bitreversal.o)
 .data          0x20001368        0x0 c:/dave-3.1/arm-gcc/bin/../lib/gcc/arm-none-eabi/4.7.4/../../../../arm-none-eabi/lib/armv6-m\libm.a(lib_a-w_log10.o)
 .data          0x20001368        0x0 c:/dave-3.1/arm-gcc/bin/../lib/gcc/arm-none-eabi/4.7.4/../../../../arm-none-eabi/lib/armv6-m\libm.a(lib_a-e_log10.o)
 .data          0x20001368        0x0 c:/dave-3.1/arm-gcc/bin/../lib/gcc/arm-none-eabi/4.7.4/../../../../arm-none-eabi/lib/armv6-m\libm.a(lib_a-s_fpclassify.o)
 .data          0x20001368        0x0 c:/dave-3.1/arm-gcc/bin/../lib/gcc/arm-none-eabi/4.7.4/../../../../arm-none-eabi/lib/armv6-m\libm.a(lib_a-s_lib_ver.o)
 .data          0x20001368        0x0 c:/dave-3.1/arm-gcc/bin/../lib/gcc/arm-none-eabi/4.7.4/../../../../arm-none-eabi/lib/armv6-m\libm.a(lib_a-s_matherr.o)
 .data          0x20001368        0x0 c:/dave-3.1/arm-gcc/bin/../lib/gcc/arm-none-eabi/4.7.4/../../../../arm-none-eabi/lib/armv6-m\libm.a(lib_a-s_nan.o)
 .data          0x20001368        0x0 c:/dave-3.1/arm-gcc/bin/../lib/gcc/arm-none-eabi/4.7.4/../../../../arm-none-eabi/lib/armv6-m\libm.a(lib_a-e_log.o)
 .data          0x20001368        0x0 c:/dave-3.1/arm-gcc/bin/../lib/gcc/arm-none-eabi/4.7.4/armv6-m\libgcc.a(_udivsi3.o)
 .data          0x20001368        0x0 c:/dave-3.1/arm-gcc/bin/../lib/gcc/arm-none-eabi/4.7.4/armv6-m\libgcc.a(_dvmd_tls.o)
 .data          0x20001368        0x0 c:/dave-3.1/arm-gcc/bin/../lib/gcc/arm-none-eabi/4.7.4/armv6-m\libgcc.a(_arm_cmpdf2.o)
 .data          0x20001368        0x0 c:/dave-3.1/arm-gcc/bin/../lib/gcc/arm-none-eabi/4.7.4/armv6-m\libgcc.a(_arm_cmpsf2.o)
 .data          0x20001368        0x0 c:/dave-3.1/arm-gcc/bin/../lib/gcc/arm-none-eabi/4.7.4/armv6-m\libgcc.a(addsf3.o)
 .data          0x20001368        0x0 c:/dave-3.1/arm-gcc/bin/../lib/gcc/arm-none-eabi/4.7.4/armv6-m\libgcc.a(divsf3.o)
 .data          0x20001368        0x0 c:/dave-3.1/arm-gcc/bin/../lib/gcc/arm-none-eabi/4.7.4/armv6-m\libgcc.a(eqsf2.o)
 .data          0x20001368        0x0 c:/dave-3.1/arm-gcc/bin/../lib/gcc/arm-none-eabi/4.7.4/armv6-m\libgcc.a(gesf2.o)
 .data          0x20001368        0x0 c:/dave-3.1/arm-gcc/bin/../lib/gcc/arm-none-eabi/4.7.4/armv6-m\libgcc.a(lesf2.o)
 .data          0x20001368        0x0 c:/dave-3.1/arm-gcc/bin/../lib/gcc/arm-none-eabi/4.7.4/armv6-m\libgcc.a(mulsf3.o)
 .data          0x20001368        0x0 c:/dave-3.1/arm-gcc/bin/../lib/gcc/arm-none-eabi/4.7.4/armv6-m\libgcc.a(subsf3.o)
 .data          0x20001368        0x0 c:/dave-3.1/arm-gcc/bin/../lib/gcc/arm-none-eabi/4.7.4/armv6-m\libgcc.a(fixsfsi.o)
 .data          0x20001368        0x0 c:/dave-3.1/arm-gcc/bin/../lib/gcc/arm-none-eabi/4.7.4/armv6-m\libgcc.a(floatunsisf.o)
 .data          0x20001368        0x0 c:/dave-3.1/arm-gcc/bin/../lib/gcc/arm-none-eabi/4.7.4/armv6-m\libgcc.a(adddf3.o)
 .data          0x20001368        0x0 c:/dave-3.1/arm-gcc/bin/../lib/gcc/arm-none-eabi/4.7.4/armv6-m\libgcc.a(divdf3.o)
 .data          0x20001368        0x0 c:/dave-3.1/arm-gcc/bin/../lib/gcc/arm-none-eabi/4.7.4/armv6-m\libgcc.a(eqdf2.o)
 .data          0x20001368        0x0 c:/dave-3.1/arm-gcc/bin/../lib/gcc/arm-none-eabi/4.7.4/armv6-m\libgcc.a(gedf2.o)
 .data          0x20001368        0x0 c:/dave-3.1/arm-gcc/bin/../lib/gcc/arm-none-eabi/4.7.4/armv6-m\libgcc.a(ledf2.o)
 .data          0x20001368        0x0 c:/dave-3.1/arm-gcc/bin/../lib/gcc/arm-none-eabi/4.7.4/armv6-m\libgcc.a(muldf3.o)
 .data          0x20001368        0x0 c:/dave-3.1/arm-gcc/bin/../lib/gcc/arm-none-eabi/4.7.4/armv6-m\libgcc.a(subdf3.o)
 .data          0x20001368        0x0 c:/dave-3.1/arm-gcc/bin/../lib/gcc/arm-none-eabi/4.7.4/armv6-m\libgcc.a(fixdfsi.o)
 .data          0x20001368        0x0 c:/dave-3.1/arm-gcc/bin/../lib/gcc/arm-none-eabi/4.7.4/armv6-m\libgcc.a(floatsidf.o)
 .data          0x20001368        0x0 c:/dave-3.1/arm-gcc/bin/../lib/gcc/arm-none-eabi/4.7.4/armv6-m\libgcc.a(extendsfdf2.o)
 .data          0x20001368        0x0 c:/dave-3.1/arm-gcc/bin/../lib/gcc/arm-none-eabi/4.7.4/armv6-m\libgcc.a(truncdfsf2.o)
 .data          0x20001368        0x0 c:/dave-3.1/arm-gcc/bin/../lib/gcc/arm-none-eabi/4.7.4/armv6-m\libgcc.a(_clzsi2.o)
 .data          0x20001368        0x0 c:/dave-3.1/arm-gcc/bin/../lib/gcc/arm-none-eabi/4.7.4/../../../../arm-none-eabi/lib/armv6-m\libg.a(lib_a-errno.o)
 .data          0x20001368        0x0 c:/dave-3.1/arm-gcc/bin/../lib/gcc/arm-none-eabi/4.7.4/../../../../arm-none-eabi/lib/armv6-m\libg.a(lib_a-impure.o)
 *(.data*)
 .data.__fdlib_version
                0x20001368        0x1 c:/dave-3.1/arm-gcc/bin/../lib/gcc/arm-none-eabi/4.7.4/../../../../arm-none-eabi/lib/armv6-m\libm.a(lib_a-s_lib_ver.o)
                0x20001368                __fdlib_version
 *fill*         0x20001369        0x7 00
 .data.impure_data
                0x20001370      0x428 c:/dave-3.1/arm-gcc/bin/../lib/gcc/arm-none-eabi/4.7.4/../../../../arm-none-eabi/lib/armv6-m\libg.a(lib_a-impure.o)
 .data._impure_ptr
                0x20001798        0x4 c:/dave-3.1/arm-gcc/bin/../lib/gcc/arm-none-eabi/4.7.4/../../../../arm-none-eabi/lib/armv6-m\libg.a(lib_a-impure.o)
                0x20001798                _impure_ptr
 *(*.data)
 *(.gnu.linkonce.d*)
                0x2000179c                __Xmc1300_eData = ALIGN (0x4)
                0x0000063c                __Xmc1300_Data_Size = (__Xmc1300_eData - __Xmc1300_sData)
                0x200017a0                __Xmc1300_heap_start = ALIGN (0x8)
                0x20004000                __Xmc1300_heap_end = (ORIGIN (SRAM) + 0x4000)
                0x200017a0                Heap_Bank1_Start = __Xmc1300_heap_start
                0x00002860                Heap_Bank1_Size = (__Xmc1300_heap_end - __Xmc1300_heap_start)

.igot.plt       0x2000179c        0x0 load address 0x1002daf4
 .igot.plt      0x00000000        0x0 arm_convolution_example_f32.o

/DISCARD/
 *(.comment)

.stab
 *(.stab)

.stabstr
 *(.stabstr)

.debug
 *(.debug)

.line
 *(.line)

.debug_srcinfo
 *(.debug_srcinfo)

.debug_sfnames
 *(.debug_sfnames)

.debug_aranges  0x00000000      0x210
 *(.debug_aranges)
 .debug_aranges
                0x00000000       0x20 arm_convolution_example_f32.o
 .debug_aranges
                0x00000020       0x40 Startup/startup_XMC1300.o
 .debug_aranges
                0x00000060       0x28 Startup/system_XMC1300.o
 .debug_aranges
                0x00000088       0x90 Common/Source/math_helper.o
 .debug_aranges
                0x00000118       0x30 C:\DAVE-3.1\eclipse\/../CMSIS/Lib/GCC\libarm_cortexM0l_math.a(arm_cfft_radix4_f32.o)
 .debug_aranges
                0x00000148       0x20 C:\DAVE-3.1\eclipse\/../CMSIS/Lib/GCC\libarm_cortexM0l_math.a(arm_cfft_radix4_init_f32.o)
 .debug_aranges
                0x00000168       0x20 C:\DAVE-3.1\eclipse\/../CMSIS/Lib/GCC\libarm_cortexM0l_math.a(arm_copy_f32.o)
 .debug_aranges
                0x00000188       0x20 C:\DAVE-3.1\eclipse\/../CMSIS/Lib/GCC\libarm_cortexM0l_math.a(arm_fill_f32.o)
 .debug_aranges
                0x000001a8       0x20 C:\DAVE-3.1\eclipse\/../CMSIS/Lib/GCC\libarm_cortexM0l_math.a(arm_cmplx_mult_cmplx_f32.o)
 .debug_aranges
                0x000001c8       0x18 C:\DAVE-3.1\eclipse\/../CMSIS/Lib/GCC\libarm_cortexM0l_math.a(arm_common_tables.o)
 .debug_aranges
                0x000001e0       0x30 C:\DAVE-3.1\eclipse\/../CMSIS/Lib/GCC\libarm_cortexM0l_math.a(arm_bitreversal.o)

.debug_pubnames
 *(.debug_pubnames)

.debug_pubtypes
 *(.debug_pubtypes)

.debug_info     0x00000000     0x2336
 *(.debug_info .gnu.linkonce.wi.*)
 .debug_info    0x00000000      0x2ef arm_convolution_example_f32.o
 .debug_info    0x000002ef       0x85 Startup/startup_XMC1300.o
 .debug_info    0x00000374      0x1c2 Startup/system_XMC1300.o
 .debug_info    0x00000536      0x677 Common/Source/math_helper.o
 .debug_info    0x00000bad      0x9dc C:\DAVE-3.1\eclipse\/../CMSIS/Lib/GCC\libarm_cortexM0l_math.a(arm_cfft_radix4_f32.o)
 .debug_info    0x00001589      0x247 C:\DAVE-3.1\eclipse\/../CMSIS/Lib/GCC\libarm_cortexM0l_math.a(arm_cfft_radix4_init_f32.o)
 .debug_info    0x000017d0      0x107 C:\DAVE-3.1\eclipse\/../CMSIS/Lib/GCC\libarm_cortexM0l_math.a(arm_copy_f32.o)
 .debug_info    0x000018d7      0x105 C:\DAVE-3.1\eclipse\/../CMSIS/Lib/GCC\libarm_cortexM0l_math.a(arm_fill_f32.o)
 .debug_info    0x000019dc      0x14e C:\DAVE-3.1\eclipse\/../CMSIS/Lib/GCC\libarm_cortexM0l_math.a(arm_cmplx_mult_cmplx_f32.o)
 .debug_info    0x00001b2a      0x533 C:\DAVE-3.1\eclipse\/../CMSIS/Lib/GCC\libarm_cortexM0l_math.a(arm_common_tables.o)
 .debug_info    0x0000205d      0x2d9 C:\DAVE-3.1\eclipse\/../CMSIS/Lib/GCC\libarm_cortexM0l_math.a(arm_bitreversal.o)

.debug_abbrev   0x00000000      0x8e2
 *(.debug_abbrev)
 .debug_abbrev  0x00000000       0xea arm_convolution_example_f32.o
 .debug_abbrev  0x000000ea       0x12 Startup/startup_XMC1300.o
 .debug_abbrev  0x000000fc       0xce Startup/system_XMC1300.o
 .debug_abbrev  0x000001ca      0x175 Common/Source/math_helper.o
 .debug_abbrev  0x0000033f      0x1a0 C:\DAVE-3.1\eclipse\/../CMSIS/Lib/GCC\libarm_cortexM0l_math.a(arm_cfft_radix4_f32.o)
 .debug_abbrev  0x000004df       0xf7 C:\DAVE-3.1\eclipse\/../CMSIS/Lib/GCC\libarm_cortexM0l_math.a(arm_cfft_radix4_init_f32.o)
 .debug_abbrev  0x000005d6       0x88 C:\DAVE-3.1\eclipse\/../CMSIS/Lib/GCC\libarm_cortexM0l_math.a(arm_copy_f32.o)
 .debug_abbrev  0x0000065e       0x97 C:\DAVE-3.1\eclipse\/../CMSIS/Lib/GCC\libarm_cortexM0l_math.a(arm_fill_f32.o)
 .debug_abbrev  0x000006f5       0x97 C:\DAVE-3.1\eclipse\/../CMSIS/Lib/GCC\libarm_cortexM0l_math.a(arm_cmplx_mult_cmplx_f32.o)
 .debug_abbrev  0x0000078c       0x87 C:\DAVE-3.1\eclipse\/../CMSIS/Lib/GCC\libarm_cortexM0l_math.a(arm_common_tables.o)
 .debug_abbrev  0x00000813       0xcf C:\DAVE-3.1\eclipse\/../CMSIS/Lib/GCC\libarm_cortexM0l_math.a(arm_bitreversal.o)

.debug_line     0x00000000     0x32dd
 *(.debug_line)
 .debug_line    0x00000000      0x348 arm_convolution_example_f32.o
 .debug_line    0x00000348      0x16b Startup/startup_XMC1300.o
 .debug_line    0x000004b3      0x2ec Startup/system_XMC1300.o
 .debug_line    0x0000079f      0x5a5 Common/Source/math_helper.o
 .debug_line    0x00000d44     0x1170 C:\DAVE-3.1\eclipse\/../CMSIS/Lib/GCC\libarm_cortexM0l_math.a(arm_cfft_radix4_f32.o)
 .debug_line    0x00001eb4      0x35d C:\DAVE-3.1\eclipse\/../CMSIS/Lib/GCC\libarm_cortexM0l_math.a(arm_cfft_radix4_init_f32.o)
 .debug_line    0x00002211      0x2ea C:\DAVE-3.1\eclipse\/../CMSIS/Lib/GCC\libarm_cortexM0l_math.a(arm_copy_f32.o)
 .debug_line    0x000024fb      0x2e8 C:\DAVE-3.1\eclipse\/../CMSIS/Lib/GCC\libarm_cortexM0l_math.a(arm_fill_f32.o)
 .debug_line    0x000027e3      0x38a C:\DAVE-3.1\eclipse\/../CMSIS/Lib/GCC\libarm_cortexM0l_math.a(arm_cmplx_mult_cmplx_f32.o)
 .debug_line    0x00002b6d      0x2e1 C:\DAVE-3.1\eclipse\/../CMSIS/Lib/GCC\libarm_cortexM0l_math.a(arm_common_tables.o)
 .debug_line    0x00002e4e      0x48f C:\DAVE-3.1\eclipse\/../CMSIS/Lib/GCC\libarm_cortexM0l_math.a(arm_bitreversal.o)

.debug_frame    0x00000000      0xa2c
 *(.debug_frame)
 .debug_frame   0x00000000       0x34 arm_convolution_example_f32.o
 .debug_frame   0x00000034       0x4c Startup/system_XMC1300.o
 .debug_frame   0x00000080      0x24c Common/Source/math_helper.o
 .debug_frame   0x000002cc       0xa0 C:\DAVE-3.1\eclipse\/../CMSIS/Lib/GCC\libarm_cortexM0l_math.a(arm_cfft_radix4_f32.o)
 .debug_frame   0x0000036c       0x2c C:\DAVE-3.1\eclipse\/../CMSIS/Lib/GCC\libarm_cortexM0l_math.a(arm_cfft_radix4_init_f32.o)
 .debug_frame   0x00000398       0x2c C:\DAVE-3.1\eclipse\/../CMSIS/Lib/GCC\libarm_cortexM0l_math.a(arm_copy_f32.o)
 .debug_frame   0x000003c4       0x2c C:\DAVE-3.1\eclipse\/../CMSIS/Lib/GCC\libarm_cortexM0l_math.a(arm_fill_f32.o)
 .debug_frame   0x000003f0       0x44 C:\DAVE-3.1\eclipse\/../CMSIS/Lib/GCC\libarm_cortexM0l_math.a(arm_cmplx_mult_cmplx_f32.o)
 .debug_frame   0x00000434       0xac C:\DAVE-3.1\eclipse\/../CMSIS/Lib/GCC\libarm_cortexM0l_math.a(arm_bitreversal.o)
 .debug_frame   0x000004e0       0x38 c:/dave-3.1/arm-gcc/bin/../lib/gcc/arm-none-eabi/4.7.4/../../../../arm-none-eabi/lib/armv6-m\libm.a(lib_a-w_log10.o)
 .debug_frame   0x00000518       0x38 c:/dave-3.1/arm-gcc/bin/../lib/gcc/arm-none-eabi/4.7.4/../../../../arm-none-eabi/lib/armv6-m\libm.a(lib_a-e_log10.o)
 .debug_frame   0x00000550       0x2c c:/dave-3.1/arm-gcc/bin/../lib/gcc/arm-none-eabi/4.7.4/../../../../arm-none-eabi/lib/armv6-m\libm.a(lib_a-s_fpclassify.o)
 .debug_frame   0x0000057c       0x20 c:/dave-3.1/arm-gcc/bin/../lib/gcc/arm-none-eabi/4.7.4/../../../../arm-none-eabi/lib/armv6-m\libm.a(lib_a-s_matherr.o)
 .debug_frame   0x0000059c       0x20 c:/dave-3.1/arm-gcc/bin/../lib/gcc/arm-none-eabi/4.7.4/../../../../arm-none-eabi/lib/armv6-m\libm.a(lib_a-s_nan.o)
 .debug_frame   0x000005bc       0x3c c:/dave-3.1/arm-gcc/bin/../lib/gcc/arm-none-eabi/4.7.4/../../../../arm-none-eabi/lib/armv6-m\libm.a(lib_a-e_log.o)
 .debug_frame   0x000005f8       0x20 c:/dave-3.1/arm-gcc/bin/../lib/gcc/arm-none-eabi/4.7.4/armv6-m\libgcc.a(_udivsi3.o)
 .debug_frame   0x00000618       0x30 c:/dave-3.1/arm-gcc/bin/../lib/gcc/arm-none-eabi/4.7.4/armv6-m\libgcc.a(addsf3.o)
 .debug_frame   0x00000648       0x3c c:/dave-3.1/arm-gcc/bin/../lib/gcc/arm-none-eabi/4.7.4/armv6-m\libgcc.a(divsf3.o)
 .debug_frame   0x00000684       0x2c c:/dave-3.1/arm-gcc/bin/../lib/gcc/arm-none-eabi/4.7.4/armv6-m\libgcc.a(eqsf2.o)
 .debug_frame   0x000006b0       0x30 c:/dave-3.1/arm-gcc/bin/../lib/gcc/arm-none-eabi/4.7.4/armv6-m\libgcc.a(gesf2.o)
 .debug_frame   0x000006e0       0x30 c:/dave-3.1/arm-gcc/bin/../lib/gcc/arm-none-eabi/4.7.4/armv6-m\libgcc.a(lesf2.o)
 .debug_frame   0x00000710       0x3c c:/dave-3.1/arm-gcc/bin/../lib/gcc/arm-none-eabi/4.7.4/armv6-m\libgcc.a(mulsf3.o)
 .debug_frame   0x0000074c       0x30 c:/dave-3.1/arm-gcc/bin/../lib/gcc/arm-none-eabi/4.7.4/armv6-m\libgcc.a(subsf3.o)
 .debug_frame   0x0000077c       0x20 c:/dave-3.1/arm-gcc/bin/../lib/gcc/arm-none-eabi/4.7.4/armv6-m\libgcc.a(fixsfsi.o)
 .debug_frame   0x0000079c       0x28 c:/dave-3.1/arm-gcc/bin/../lib/gcc/arm-none-eabi/4.7.4/armv6-m\libgcc.a(floatunsisf.o)
 .debug_frame   0x000007c4       0x3c c:/dave-3.1/arm-gcc/bin/../lib/gcc/arm-none-eabi/4.7.4/armv6-m\libgcc.a(adddf3.o)
 .debug_frame   0x00000800       0x3c c:/dave-3.1/arm-gcc/bin/../lib/gcc/arm-none-eabi/4.7.4/armv6-m\libgcc.a(divdf3.o)
 .debug_frame   0x0000083c       0x34 c:/dave-3.1/arm-gcc/bin/../lib/gcc/arm-none-eabi/4.7.4/armv6-m\libgcc.a(eqdf2.o)
 .debug_frame   0x00000870       0x38 c:/dave-3.1/arm-gcc/bin/../lib/gcc/arm-none-eabi/4.7.4/armv6-m\libgcc.a(gedf2.o)
 .debug_frame   0x000008a8       0x38 c:/dave-3.1/arm-gcc/bin/../lib/gcc/arm-none-eabi/4.7.4/armv6-m\libgcc.a(ledf2.o)
 .debug_frame   0x000008e0       0x3c c:/dave-3.1/arm-gcc/bin/../lib/gcc/arm-none-eabi/4.7.4/armv6-m\libgcc.a(muldf3.o)
 .debug_frame   0x0000091c       0x38 c:/dave-3.1/arm-gcc/bin/../lib/gcc/arm-none-eabi/4.7.4/armv6-m\libgcc.a(subdf3.o)
 .debug_frame   0x00000954       0x2c c:/dave-3.1/arm-gcc/bin/../lib/gcc/arm-none-eabi/4.7.4/armv6-m\libgcc.a(fixdfsi.o)
 .debug_frame   0x00000980       0x30 c:/dave-3.1/arm-gcc/bin/../lib/gcc/arm-none-eabi/4.7.4/armv6-m\libgcc.a(floatsidf.o)
 .debug_frame   0x000009b0       0x2c c:/dave-3.1/arm-gcc/bin/../lib/gcc/arm-none-eabi/4.7.4/armv6-m\libgcc.a(extendsfdf2.o)
 .debug_frame   0x000009dc       0x30 c:/dave-3.1/arm-gcc/bin/../lib/gcc/arm-none-eabi/4.7.4/armv6-m\libgcc.a(truncdfsf2.o)
 .debug_frame   0x00000a0c       0x20 c:/dave-3.1/arm-gcc/bin/../lib/gcc/arm-none-eabi/4.7.4/../../../../arm-none-eabi/lib/armv6-m\libg.a(lib_a-errno.o)

.debug_str      0x00000000    0x37d9c
 *(.debug_str)
 .debug_str     0x00000000     0x56e6 arm_convolution_example_f32.o
                               0x5882 (size before relaxing)
 .debug_str     0x000056e6    0x31cac Startup/system_XMC1300.o
                              0x34ce8 (size before relaxing)
 .debug_str     0x00037392      0x1d8 Common/Source/math_helper.o
                               0x5885 (size before relaxing)
 .debug_str     0x0003756a      0x1f4 C:\DAVE-3.1\eclipse\/../CMSIS/Lib/GCC\libarm_cortexM0l_math.a(arm_cfft_radix4_f32.o)
                               0x58a9 (size before relaxing)
 .debug_str     0x0003775e      0x276 C:\DAVE-3.1\eclipse\/../CMSIS/Lib/GCC\libarm_cortexM0l_math.a(arm_cfft_radix4_init_f32.o)
                               0x5a44 (size before relaxing)
 .debug_str     0x000379d4       0x43 C:\DAVE-3.1\eclipse\/../CMSIS/Lib/GCC\libarm_cortexM0l_math.a(arm_copy_f32.o)
                               0x56eb (size before relaxing)
 .debug_str     0x00037a17       0x3d C:\DAVE-3.1\eclipse\/../CMSIS/Lib/GCC\libarm_cortexM0l_math.a(arm_fill_f32.o)
                               0x56ec (size before relaxing)
 .debug_str     0x00037a54       0x5f C:\DAVE-3.1\eclipse\/../CMSIS/Lib/GCC\libarm_cortexM0l_math.a(arm_cmplx_mult_cmplx_f32.o)
                               0x570f (size before relaxing)
 .debug_str     0x00037ab3      0x262 C:\DAVE-3.1\eclipse\/../CMSIS/Lib/GCC\libarm_cortexM0l_math.a(arm_common_tables.o)
                               0x5b4d (size before relaxing)
 .debug_str     0x00037d15       0x87 C:\DAVE-3.1\eclipse\/../CMSIS/Lib/GCC\libarm_cortexM0l_math.a(arm_bitreversal.o)
                               0x5995 (size before relaxing)

.debug_loc      0x00000000     0x2e34
 *(.debug_loc)
 .debug_loc     0x00000000       0x38 arm_convolution_example_f32.o
 .debug_loc     0x00000038       0x64 Startup/system_XMC1300.o
 .debug_loc     0x0000009c      0x384 Common/Source/math_helper.o
 .debug_loc     0x00000420     0x1f20 C:\DAVE-3.1\eclipse\/../CMSIS/Lib/GCC\libarm_cortexM0l_math.a(arm_cfft_radix4_f32.o)
 .debug_loc     0x00002340      0x327 C:\DAVE-3.1\eclipse\/../CMSIS/Lib/GCC\libarm_cortexM0l_math.a(arm_cfft_radix4_init_f32.o)
 .debug_loc     0x00002667       0x94 C:\DAVE-3.1\eclipse\/../CMSIS/Lib/GCC\libarm_cortexM0l_math.a(arm_copy_f32.o)
 .debug_loc     0x000026fb       0x74 C:\DAVE-3.1\eclipse\/../CMSIS/Lib/GCC\libarm_cortexM0l_math.a(arm_fill_f32.o)
 .debug_loc     0x0000276f      0x177 C:\DAVE-3.1\eclipse\/../CMSIS/Lib/GCC\libarm_cortexM0l_math.a(arm_cmplx_mult_cmplx_f32.o)
 .debug_loc     0x000028e6      0x54e C:\DAVE-3.1\eclipse\/../CMSIS/Lib/GCC\libarm_cortexM0l_math.a(arm_bitreversal.o)

.debug_macinfo
 *(.debug_macinfo)

.debug_ranges   0x00000000      0x160
 *(.debug_ranges)
 .debug_ranges  0x00000000       0x10 arm_convolution_example_f32.o
 .debug_ranges  0x00000010       0x38 Startup/startup_XMC1300.o
 .debug_ranges  0x00000048       0x18 Startup/system_XMC1300.o
 .debug_ranges  0x00000060       0x80 Common/Source/math_helper.o
 .debug_ranges  0x000000e0       0x20 C:\DAVE-3.1\eclipse\/../CMSIS/Lib/GCC\libarm_cortexM0l_math.a(arm_cfft_radix4_f32.o)
 .debug_ranges  0x00000100       0x10 C:\DAVE-3.1\eclipse\/../CMSIS/Lib/GCC\libarm_cortexM0l_math.a(arm_cfft_radix4_init_f32.o)
 .debug_ranges  0x00000110       0x10 C:\DAVE-3.1\eclipse\/../CMSIS/Lib/GCC\libarm_cortexM0l_math.a(arm_copy_f32.o)
 .debug_ranges  0x00000120       0x10 C:\DAVE-3.1\eclipse\/../CMSIS/Lib/GCC\libarm_cortexM0l_math.a(arm_fill_f32.o)
 .debug_ranges  0x00000130       0x10 C:\DAVE-3.1\eclipse\/../CMSIS/Lib/GCC\libarm_cortexM0l_math.a(arm_cmplx_mult_cmplx_f32.o)
 .debug_ranges  0x00000140       0x20 C:\DAVE-3.1\eclipse\/../CMSIS/Lib/GCC\libarm_cortexM0l_math.a(arm_bitreversal.o)

.debug_weaknames
 *(.debug_weaknames)

.debug_funcnames
 *(.debug_funcnames)

.debug_typenames
 *(.debug_typenames)

.debug_varnames
 *(.debug_varnames)

.build_attributes
                0x00000000      0x79d
 *(.ARM.attributes)
 .ARM.attributes
                0x00000000       0x31 arm_convolution_example_f32.o
 .ARM.attributes
                0x00000031       0x21 Startup/startup_XMC1300.o
 .ARM.attributes
                0x00000052       0x31 Startup/system_XMC1300.o
 .ARM.attributes
                0x00000083       0x31 Common/Source/math_helper.o
 .ARM.attributes
                0x000000b4       0x31 C:\DAVE-3.1\eclipse\/../CMSIS/Lib/GCC\libarm_cortexM0l_math.a(arm_cfft_radix4_f32.o)
 .ARM.attributes
                0x000000e5       0x31 C:\DAVE-3.1\eclipse\/../CMSIS/Lib/GCC\libarm_cortexM0l_math.a(arm_cfft_radix4_init_f32.o)
 .ARM.attributes
                0x00000116       0x31 C:\DAVE-3.1\eclipse\/../CMSIS/Lib/GCC\libarm_cortexM0l_math.a(arm_copy_f32.o)
 .ARM.attributes
                0x00000147       0x31 C:\DAVE-3.1\eclipse\/../CMSIS/Lib/GCC\libarm_cortexM0l_math.a(arm_fill_f32.o)
 .ARM.attributes
                0x00000178       0x31 C:\DAVE-3.1\eclipse\/../CMSIS/Lib/GCC\libarm_cortexM0l_math.a(arm_cmplx_mult_cmplx_f32.o)
 .ARM.attributes
                0x000001a9       0x31 C:\DAVE-3.1\eclipse\/../CMSIS/Lib/GCC\libarm_cortexM0l_math.a(arm_common_tables.o)
 .ARM.attributes
                0x000001da       0x31 C:\DAVE-3.1\eclipse\/../CMSIS/Lib/GCC\libarm_cortexM0l_math.a(arm_bitreversal.o)
 .ARM.attributes
                0x0000020b       0x2c c:/dave-3.1/arm-gcc/bin/../lib/gcc/arm-none-eabi/4.7.4/../../../../arm-none-eabi/lib/armv6-m\libm.a(lib_a-w_log10.o)
 .ARM.attributes
                0x00000237       0x2c c:/dave-3.1/arm-gcc/bin/../lib/gcc/arm-none-eabi/4.7.4/../../../../arm-none-eabi/lib/armv6-m\libm.a(lib_a-e_log10.o)
 .ARM.attributes
                0x00000263       0x2c c:/dave-3.1/arm-gcc/bin/../lib/gcc/arm-none-eabi/4.7.4/../../../../arm-none-eabi/lib/armv6-m\libm.a(lib_a-s_fpclassify.o)
 .ARM.attributes
                0x0000028f       0x2c c:/dave-3.1/arm-gcc/bin/../lib/gcc/arm-none-eabi/4.7.4/../../../../arm-none-eabi/lib/armv6-m\libm.a(lib_a-s_lib_ver.o)
 .ARM.attributes
                0x000002bb       0x2c c:/dave-3.1/arm-gcc/bin/../lib/gcc/arm-none-eabi/4.7.4/../../../../arm-none-eabi/lib/armv6-m\libm.a(lib_a-s_matherr.o)
 .ARM.attributes
                0x000002e7       0x2c c:/dave-3.1/arm-gcc/bin/../lib/gcc/arm-none-eabi/4.7.4/../../../../arm-none-eabi/lib/armv6-m\libm.a(lib_a-s_nan.o)
 .ARM.attributes
                0x00000313       0x2c c:/dave-3.1/arm-gcc/bin/../lib/gcc/arm-none-eabi/4.7.4/../../../../arm-none-eabi/lib/armv6-m\libm.a(lib_a-e_log.o)
 .ARM.attributes
                0x0000033f       0x1e c:/dave-3.1/arm-gcc/bin/../lib/gcc/arm-none-eabi/4.7.4/armv6-m\libgcc.a(_udivsi3.o)
 .ARM.attributes
                0x0000035d       0x1e c:/dave-3.1/arm-gcc/bin/../lib/gcc/arm-none-eabi/4.7.4/armv6-m\libgcc.a(_dvmd_tls.o)
 .ARM.attributes
                0x0000037b       0x1e c:/dave-3.1/arm-gcc/bin/../lib/gcc/arm-none-eabi/4.7.4/armv6-m\libgcc.a(_arm_cmpdf2.o)
 .ARM.attributes
                0x00000399       0x1e c:/dave-3.1/arm-gcc/bin/../lib/gcc/arm-none-eabi/4.7.4/armv6-m\libgcc.a(_arm_cmpsf2.o)
 .ARM.attributes
                0x000003b7       0x2c c:/dave-3.1/arm-gcc/bin/../lib/gcc/arm-none-eabi/4.7.4/armv6-m\libgcc.a(addsf3.o)
 .ARM.attributes
                0x000003e3       0x2c c:/dave-3.1/arm-gcc/bin/../lib/gcc/arm-none-eabi/4.7.4/armv6-m\libgcc.a(divsf3.o)
 .ARM.attributes
                0x0000040f       0x2c c:/dave-3.1/arm-gcc/bin/../lib/gcc/arm-none-eabi/4.7.4/armv6-m\libgcc.a(eqsf2.o)
 .ARM.attributes
                0x0000043b       0x2c c:/dave-3.1/arm-gcc/bin/../lib/gcc/arm-none-eabi/4.7.4/armv6-m\libgcc.a(gesf2.o)
 .ARM.attributes
                0x00000467       0x2c c:/dave-3.1/arm-gcc/bin/../lib/gcc/arm-none-eabi/4.7.4/armv6-m\libgcc.a(lesf2.o)
 .ARM.attributes
                0x00000493       0x2c c:/dave-3.1/arm-gcc/bin/../lib/gcc/arm-none-eabi/4.7.4/armv6-m\libgcc.a(mulsf3.o)
 .ARM.attributes
                0x000004bf       0x2c c:/dave-3.1/arm-gcc/bin/../lib/gcc/arm-none-eabi/4.7.4/armv6-m\libgcc.a(subsf3.o)
 .ARM.attributes
                0x000004eb       0x2c c:/dave-3.1/arm-gcc/bin/../lib/gcc/arm-none-eabi/4.7.4/armv6-m\libgcc.a(fixsfsi.o)
 .ARM.attributes
                0x00000517       0x2c c:/dave-3.1/arm-gcc/bin/../lib/gcc/arm-none-eabi/4.7.4/armv6-m\libgcc.a(floatunsisf.o)
 .ARM.attributes
                0x00000543       0x2c c:/dave-3.1/arm-gcc/bin/../lib/gcc/arm-none-eabi/4.7.4/armv6-m\libgcc.a(adddf3.o)
 .ARM.attributes
                0x0000056f       0x2c c:/dave-3.1/arm-gcc/bin/../lib/gcc/arm-none-eabi/4.7.4/armv6-m\libgcc.a(divdf3.o)
 .ARM.attributes
                0x0000059b       0x2c c:/dave-3.1/arm-gcc/bin/../lib/gcc/arm-none-eabi/4.7.4/armv6-m\libgcc.a(eqdf2.o)
 .ARM.attributes
                0x000005c7       0x2c c:/dave-3.1/arm-gcc/bin/../lib/gcc/arm-none-eabi/4.7.4/armv6-m\libgcc.a(gedf2.o)
 .ARM.attributes
                0x000005f3       0x2c c:/dave-3.1/arm-gcc/bin/../lib/gcc/arm-none-eabi/4.7.4/armv6-m\libgcc.a(ledf2.o)
 .ARM.attributes
                0x0000061f       0x2c c:/dave-3.1/arm-gcc/bin/../lib/gcc/arm-none-eabi/4.7.4/armv6-m\libgcc.a(muldf3.o)
 .ARM.attributes
                0x0000064b       0x2c c:/dave-3.1/arm-gcc/bin/../lib/gcc/arm-none-eabi/4.7.4/armv6-m\libgcc.a(subdf3.o)
 .ARM.attributes
                0x00000677       0x2c c:/dave-3.1/arm-gcc/bin/../lib/gcc/arm-none-eabi/4.7.4/armv6-m\libgcc.a(fixdfsi.o)
 .ARM.attributes
                0x000006a3       0x2c c:/dave-3.1/arm-gcc/bin/../lib/gcc/arm-none-eabi/4.7.4/armv6-m\libgcc.a(floatsidf.o)
 .ARM.attributes
                0x000006cf       0x2c c:/dave-3.1/arm-gcc/bin/../lib/gcc/arm-none-eabi/4.7.4/armv6-m\libgcc.a(extendsfdf2.o)
 .ARM.attributes
                0x000006fb       0x2c c:/dave-3.1/arm-gcc/bin/../lib/gcc/arm-none-eabi/4.7.4/armv6-m\libgcc.a(truncdfsf2.o)
 .ARM.attributes
                0x00000727       0x1e c:/dave-3.1/arm-gcc/bin/../lib/gcc/arm-none-eabi/4.7.4/armv6-m\libgcc.a(_clzsi2.o)
 .ARM.attributes
                0x00000745       0x2c c:/dave-3.1/arm-gcc/bin/../lib/gcc/arm-none-eabi/4.7.4/../../../../arm-none-eabi/lib/armv6-m\libg.a(lib_a-errno.o)
 .ARM.attributes
                0x00000771       0x2c c:/dave-3.1/arm-gcc/bin/../lib/gcc/arm-none-eabi/4.7.4/../../../../arm-none-eabi/lib/armv6-m\libg.a(lib_a-impure.o)
OUTPUT(Convolution.elf elf32-littlearm)

.debug_macro    0x00000000     0xac53
 .debug_macro   0x00000000      0x130 arm_convolution_example_f32.o
 .debug_macro   0x00000130      0x7f0 arm_convolution_example_f32.o
 .debug_macro   0x00000920       0x12 arm_convolution_example_f32.o
 .debug_macro   0x00000932       0x3a arm_convolution_example_f32.o
 .debug_macro   0x0000096c       0x3a arm_convolution_example_f32.o
 .debug_macro   0x000009a6       0x10 arm_convolution_example_f32.o
 .debug_macro   0x000009b6       0x2e arm_convolution_example_f32.o
 .debug_macro   0x000009e4       0xa3 arm_convolution_example_f32.o
 .debug_macro   0x00000a87      0x20e arm_convolution_example_f32.o
 .debug_macro   0x00000c95       0x1f arm_convolution_example_f32.o
 .debug_macro   0x00000cb4       0x12 arm_convolution_example_f32.o
 .debug_macro   0x00000cc6       0x3a arm_convolution_example_f32.o
 .debug_macro   0x00000d00       0x52 arm_convolution_example_f32.o
 .debug_macro   0x00000d52       0x19 arm_convolution_example_f32.o
 .debug_macro   0x00000d6b      0x16d arm_convolution_example_f32.o
 .debug_macro   0x00000ed8       0x89 arm_convolution_example_f32.o
 .debug_macro   0x00000f61       0x22 arm_convolution_example_f32.o
 .debug_macro   0x00000f83      0x1da arm_convolution_example_f32.o
 .debug_macro   0x0000115d       0xb3 arm_convolution_example_f32.o
 .debug_macro   0x00001210       0xcf Startup/system_XMC1300.o
 .debug_macro   0x000012df       0x36 Startup/system_XMC1300.o
 .debug_macro   0x00001315       0x22 Startup/system_XMC1300.o
 .debug_macro   0x00001337      0x242 Startup/system_XMC1300.o
 .debug_macro   0x00001579     0x83a5 Startup/system_XMC1300.o
 .debug_macro   0x0000991e      0x110 Common/Source/math_helper.o
 .debug_macro   0x00009a2e      0x214 Common/Source/math_helper.o
 .debug_macro   0x00009c42       0x10 Common/Source/math_helper.o
 .debug_macro   0x00009c52      0x114 C:\DAVE-3.1\eclipse\/../CMSIS/Lib/GCC\libarm_cortexM0l_math.a(arm_cfft_radix4_f32.o)
 .debug_macro   0x00009d66      0x7fc C:\DAVE-3.1\eclipse\/../CMSIS/Lib/GCC\libarm_cortexM0l_math.a(arm_cfft_radix4_f32.o)
 .debug_macro   0x0000a562      0x127 C:\DAVE-3.1\eclipse\/../CMSIS/Lib/GCC\libarm_cortexM0l_math.a(arm_cfft_radix4_init_f32.o)
 .debug_macro   0x0000a689       0x40 C:\DAVE-3.1\eclipse\/../CMSIS/Lib/GCC\libarm_cortexM0l_math.a(arm_cfft_radix4_init_f32.o)
 .debug_macro   0x0000a6c9      0x114 C:\DAVE-3.1\eclipse\/../CMSIS/Lib/GCC\libarm_cortexM0l_math.a(arm_copy_f32.o)
 .debug_macro   0x0000a7dd      0x114 C:\DAVE-3.1\eclipse\/../CMSIS/Lib/GCC\libarm_cortexM0l_math.a(arm_fill_f32.o)
 .debug_macro   0x0000a8f1      0x114 C:\DAVE-3.1\eclipse\/../CMSIS/Lib/GCC\libarm_cortexM0l_math.a(arm_cmplx_mult_cmplx_f32.o)
 .debug_macro   0x0000aa05      0x127 C:\DAVE-3.1\eclipse\/../CMSIS/Lib/GCC\libarm_cortexM0l_math.a(arm_common_tables.o)
 .debug_macro   0x0000ab2c      0x127 C:\DAVE-3.1\eclipse\/../CMSIS/Lib/GCC\libarm_cortexM0l_math.a(arm_bitreversal.o)
