Archive member included because of file (symbol)

C:\DAVE-3.1\eclipse\/../CMSIS/Lib/GCC\libarm_cortexM4lf_math.a(arm_fir_f32.o)
                              arm_fir_example_f32.o (arm_fir_f32)
C:\DAVE-3.1\eclipse\/../CMSIS/Lib/GCC\libarm_cortexM4lf_math.a(arm_fir_init_f32.o)
                              arm_fir_example_f32.o (arm_fir_init_f32)
c:/dave-3.1/arm-gcc/bin/../lib/gcc/arm-none-eabi/4.7.4/../../../../arm-none-eabi/lib/armv7e-m\libm.a(lib_a-w_log10.o)
                              Common/Source/math_helper.o (log10)
c:/dave-3.1/arm-gcc/bin/../lib/gcc/arm-none-eabi/4.7.4/../../../../arm-none-eabi/lib/armv7e-m\libm.a(lib_a-e_log10.o)
                              c:/dave-3.1/arm-gcc/bin/../lib/gcc/arm-none-eabi/4.7.4/../../../../arm-none-eabi/lib/armv7e-m\libm.a(lib_a-w_log10.o) (__ieee754_log10)
c:/dave-3.1/arm-gcc/bin/../lib/gcc/arm-none-eabi/4.7.4/../../../../arm-none-eabi/lib/armv7e-m\libm.a(lib_a-s_fpclassify.o)
                              c:/dave-3.1/arm-gcc/bin/../lib/gcc/arm-none-eabi/4.7.4/../../../../arm-none-eabi/lib/armv7e-m\libm.a(lib_a-w_log10.o) (__fpclassifyd)
c:/dave-3.1/arm-gcc/bin/../lib/gcc/arm-none-eabi/4.7.4/../../../../arm-none-eabi/lib/armv7e-m\libm.a(lib_a-s_lib_ver.o)
                              c:/dave-3.1/arm-gcc/bin/../lib/gcc/arm-none-eabi/4.7.4/../../../../arm-none-eabi/lib/armv7e-m\libm.a(lib_a-w_log10.o) (__fdlib_version)
c:/dave-3.1/arm-gcc/bin/../lib/gcc/arm-none-eabi/4.7.4/../../../../arm-none-eabi/lib/armv7e-m\libm.a(lib_a-s_matherr.o)
                              c:/dave-3.1/arm-gcc/bin/../lib/gcc/arm-none-eabi/4.7.4/../../../../arm-none-eabi/lib/armv7e-m\libm.a(lib_a-w_log10.o) (matherr)
c:/dave-3.1/arm-gcc/bin/../lib/gcc/arm-none-eabi/4.7.4/../../../../arm-none-eabi/lib/armv7e-m\libm.a(lib_a-s_nan.o)
                              c:/dave-3.1/arm-gcc/bin/../lib/gcc/arm-none-eabi/4.7.4/../../../../arm-none-eabi/lib/armv7e-m\libm.a(lib_a-w_log10.o) (nan)
c:/dave-3.1/arm-gcc/bin/../lib/gcc/arm-none-eabi/4.7.4/../../../../arm-none-eabi/lib/armv7e-m\libm.a(lib_a-e_log.o)
                              c:/dave-3.1/arm-gcc/bin/../lib/gcc/arm-none-eabi/4.7.4/../../../../arm-none-eabi/lib/armv7e-m\libm.a(lib_a-e_log10.o) (__ieee754_log)
c:/dave-3.1/arm-gcc/bin/../lib/gcc/arm-none-eabi/4.7.4/armv7e-m\libgcc.a(_arm_addsubdf3.o)
                              c:/dave-3.1/arm-gcc/bin/../lib/gcc/arm-none-eabi/4.7.4/../../../../arm-none-eabi/lib/armv7e-m\libm.a(lib_a-e_log10.o) (__aeabi_dsub)
c:/dave-3.1/arm-gcc/bin/../lib/gcc/arm-none-eabi/4.7.4/armv7e-m\libgcc.a(_arm_muldivdf3.o)
                              Common/Source/math_helper.o (__aeabi_dmul)
c:/dave-3.1/arm-gcc/bin/../lib/gcc/arm-none-eabi/4.7.4/armv7e-m\libgcc.a(_arm_cmpdf2.o)
                              c:/dave-3.1/arm-gcc/bin/../lib/gcc/arm-none-eabi/4.7.4/../../../../arm-none-eabi/lib/armv7e-m\libm.a(lib_a-w_log10.o) (__aeabi_dcmpeq)
c:/dave-3.1/arm-gcc/bin/../lib/gcc/arm-none-eabi/4.7.4/armv7e-m\libgcc.a(_arm_fixdfsi.o)
                              Common/Source/math_helper.o (__aeabi_d2iz)
c:/dave-3.1/arm-gcc/bin/../lib/gcc/arm-none-eabi/4.7.4/armv7e-m\libgcc.a(_arm_truncdfsf2.o)
                              Common/Source/math_helper.o (__aeabi_d2f)
c:/dave-3.1/arm-gcc/bin/../lib/gcc/arm-none-eabi/4.7.4/../../../../arm-none-eabi/lib/armv7e-m\libg.a(lib_a-errno.o)
                              c:/dave-3.1/arm-gcc/bin/../lib/gcc/arm-none-eabi/4.7.4/../../../../arm-none-eabi/lib/armv7e-m\libm.a(lib_a-w_log10.o) (__errno)
c:/dave-3.1/arm-gcc/bin/../lib/gcc/arm-none-eabi/4.7.4/../../../../arm-none-eabi/lib/armv7e-m\libg.a(lib_a-impure.o)
                              c:/dave-3.1/arm-gcc/bin/../lib/gcc/arm-none-eabi/4.7.4/../../../../arm-none-eabi/lib/armv7e-m\libg.a(lib_a-errno.o) (_impure_ptr)
c:/dave-3.1/arm-gcc/bin/../lib/gcc/arm-none-eabi/4.7.4/../../../../arm-none-eabi/lib/armv7e-m\libg.a(lib_a-init.o)
                              Startup/startup_XMC4500.o (__libc_init_array)
c:/dave-3.1/arm-gcc/bin/../lib/gcc/arm-none-eabi/4.7.4/../../../../arm-none-eabi/lib/armv7e-m\libg.a(lib_a-memset.o)
                              C:\DAVE-3.1\eclipse\/../CMSIS/Lib/GCC\libarm_cortexM4lf_math.a(arm_fir_init_f32.o) (memset)
C:\DAVE-3.1\eclipse\/../Examples/Lib\libxmclibcstubs.a(System_LibcStubs.o)
                              c:/dave-3.1/arm-gcc/bin/../lib/gcc/arm-none-eabi/4.7.4/../../../../arm-none-eabi/lib/armv7e-m\libg.a(lib_a-init.o) (_init)

Allocating common symbols
Common symbol       size              file

snr                 0x4               arm_fir_example_f32.o

Discarded input sections

 .comment       0x00000000       0x71 arm_fir_data.o
 .comment       0x00000000       0x71 arm_fir_example_f32.o
 .comment       0x00000000       0x71 Startup/system_XMC4500.o
 .comment       0x00000000       0x71 Common/Source/math_helper.o
 .group         0x00000000        0x8 C:\DAVE-3.1\eclipse\/../CMSIS/Lib/GCC\libarm_cortexM4lf_math.a(arm_fir_f32.o)
 .group         0x00000000        0x8 C:\DAVE-3.1\eclipse\/../CMSIS/Lib/GCC\libarm_cortexM4lf_math.a(arm_fir_f32.o)
 .group         0x00000000        0x8 C:\DAVE-3.1\eclipse\/../CMSIS/Lib/GCC\libarm_cortexM4lf_math.a(arm_fir_f32.o)
 .group         0x00000000        0x8 C:\DAVE-3.1\eclipse\/../CMSIS/Lib/GCC\libarm_cortexM4lf_math.a(arm_fir_f32.o)
 .group         0x00000000        0x8 C:\DAVE-3.1\eclipse\/../CMSIS/Lib/GCC\libarm_cortexM4lf_math.a(arm_fir_f32.o)
 .group         0x00000000        0x8 C:\DAVE-3.1\eclipse\/../CMSIS/Lib/GCC\libarm_cortexM4lf_math.a(arm_fir_f32.o)
 .group         0x00000000        0x8 C:\DAVE-3.1\eclipse\/../CMSIS/Lib/GCC\libarm_cortexM4lf_math.a(arm_fir_f32.o)
 .group         0x00000000        0x8 C:\DAVE-3.1\eclipse\/../CMSIS/Lib/GCC\libarm_cortexM4lf_math.a(arm_fir_f32.o)
 .group         0x00000000        0x8 C:\DAVE-3.1\eclipse\/../CMSIS/Lib/GCC\libarm_cortexM4lf_math.a(arm_fir_f32.o)
 .group         0x00000000        0x8 C:\DAVE-3.1\eclipse\/../CMSIS/Lib/GCC\libarm_cortexM4lf_math.a(arm_fir_f32.o)
 .group         0x00000000        0x8 C:\DAVE-3.1\eclipse\/../CMSIS/Lib/GCC\libarm_cortexM4lf_math.a(arm_fir_f32.o)
 .group         0x00000000        0x8 C:\DAVE-3.1\eclipse\/../CMSIS/Lib/GCC\libarm_cortexM4lf_math.a(arm_fir_f32.o)
 .group         0x00000000        0x8 C:\DAVE-3.1\eclipse\/../CMSIS/Lib/GCC\libarm_cortexM4lf_math.a(arm_fir_f32.o)
 .group         0x00000000        0x8 C:\DAVE-3.1\eclipse\/../CMSIS/Lib/GCC\libarm_cortexM4lf_math.a(arm_fir_f32.o)
 .group         0x00000000        0x8 C:\DAVE-3.1\eclipse\/../CMSIS/Lib/GCC\libarm_cortexM4lf_math.a(arm_fir_f32.o)
 .group         0x00000000        0x8 C:\DAVE-3.1\eclipse\/../CMSIS/Lib/GCC\libarm_cortexM4lf_math.a(arm_fir_f32.o)
 .group         0x00000000        0x8 C:\DAVE-3.1\eclipse\/../CMSIS/Lib/GCC\libarm_cortexM4lf_math.a(arm_fir_f32.o)
 .group         0x00000000        0x8 C:\DAVE-3.1\eclipse\/../CMSIS/Lib/GCC\libarm_cortexM4lf_math.a(arm_fir_f32.o)
 .comment       0x00000000       0x71 C:\DAVE-3.1\eclipse\/../CMSIS/Lib/GCC\libarm_cortexM4lf_math.a(arm_fir_f32.o)
 .group         0x00000000        0x8 C:\DAVE-3.1\eclipse\/../CMSIS/Lib/GCC\libarm_cortexM4lf_math.a(arm_fir_init_f32.o)
 .group         0x00000000        0x8 C:\DAVE-3.1\eclipse\/../CMSIS/Lib/GCC\libarm_cortexM4lf_math.a(arm_fir_init_f32.o)
 .group         0x00000000        0x8 C:\DAVE-3.1\eclipse\/../CMSIS/Lib/GCC\libarm_cortexM4lf_math.a(arm_fir_init_f32.o)
 .group         0x00000000        0x8 C:\DAVE-3.1\eclipse\/../CMSIS/Lib/GCC\libarm_cortexM4lf_math.a(arm_fir_init_f32.o)
 .group         0x00000000        0x8 C:\DAVE-3.1\eclipse\/../CMSIS/Lib/GCC\libarm_cortexM4lf_math.a(arm_fir_init_f32.o)
 .group         0x00000000        0x8 C:\DAVE-3.1\eclipse\/../CMSIS/Lib/GCC\libarm_cortexM4lf_math.a(arm_fir_init_f32.o)
 .group         0x00000000        0x8 C:\DAVE-3.1\eclipse\/../CMSIS/Lib/GCC\libarm_cortexM4lf_math.a(arm_fir_init_f32.o)
 .group         0x00000000        0x8 C:\DAVE-3.1\eclipse\/../CMSIS/Lib/GCC\libarm_cortexM4lf_math.a(arm_fir_init_f32.o)
 .group         0x00000000        0x8 C:\DAVE-3.1\eclipse\/../CMSIS/Lib/GCC\libarm_cortexM4lf_math.a(arm_fir_init_f32.o)
 .group         0x00000000        0x8 C:\DAVE-3.1\eclipse\/../CMSIS/Lib/GCC\libarm_cortexM4lf_math.a(arm_fir_init_f32.o)
 .group         0x00000000        0x8 C:\DAVE-3.1\eclipse\/../CMSIS/Lib/GCC\libarm_cortexM4lf_math.a(arm_fir_init_f32.o)
 .group         0x00000000        0x8 C:\DAVE-3.1\eclipse\/../CMSIS/Lib/GCC\libarm_cortexM4lf_math.a(arm_fir_init_f32.o)
 .group         0x00000000        0x8 C:\DAVE-3.1\eclipse\/../CMSIS/Lib/GCC\libarm_cortexM4lf_math.a(arm_fir_init_f32.o)
 .group         0x00000000        0x8 C:\DAVE-3.1\eclipse\/../CMSIS/Lib/GCC\libarm_cortexM4lf_math.a(arm_fir_init_f32.o)
 .group         0x00000000        0x8 C:\DAVE-3.1\eclipse\/../CMSIS/Lib/GCC\libarm_cortexM4lf_math.a(arm_fir_init_f32.o)
 .group         0x00000000        0x8 C:\DAVE-3.1\eclipse\/../CMSIS/Lib/GCC\libarm_cortexM4lf_math.a(arm_fir_init_f32.o)
 .group         0x00000000        0x8 C:\DAVE-3.1\eclipse\/../CMSIS/Lib/GCC\libarm_cortexM4lf_math.a(arm_fir_init_f32.o)
 .group         0x00000000        0x8 C:\DAVE-3.1\eclipse\/../CMSIS/Lib/GCC\libarm_cortexM4lf_math.a(arm_fir_init_f32.o)
 .debug_macro   0x00000000      0x820 C:\DAVE-3.1\eclipse\/../CMSIS/Lib/GCC\libarm_cortexM4lf_math.a(arm_fir_init_f32.o)
 .debug_macro   0x00000000       0x12 C:\DAVE-3.1\eclipse\/../CMSIS/Lib/GCC\libarm_cortexM4lf_math.a(arm_fir_init_f32.o)
 .debug_macro   0x00000000       0x3b C:\DAVE-3.1\eclipse\/../CMSIS/Lib/GCC\libarm_cortexM4lf_math.a(arm_fir_init_f32.o)
 .debug_macro   0x00000000       0x3a C:\DAVE-3.1\eclipse\/../CMSIS/Lib/GCC\libarm_cortexM4lf_math.a(arm_fir_init_f32.o)
 .debug_macro   0x00000000       0x10 C:\DAVE-3.1\eclipse\/../CMSIS/Lib/GCC\libarm_cortexM4lf_math.a(arm_fir_init_f32.o)
 .debug_macro   0x00000000       0x2e C:\DAVE-3.1\eclipse\/../CMSIS/Lib/GCC\libarm_cortexM4lf_math.a(arm_fir_init_f32.o)
 .debug_macro   0x00000000       0xa3 C:\DAVE-3.1\eclipse\/../CMSIS/Lib/GCC\libarm_cortexM4lf_math.a(arm_fir_init_f32.o)
 .debug_macro   0x00000000      0x20e C:\DAVE-3.1\eclipse\/../CMSIS/Lib/GCC\libarm_cortexM4lf_math.a(arm_fir_init_f32.o)
 .debug_macro   0x00000000       0x2d C:\DAVE-3.1\eclipse\/../CMSIS/Lib/GCC\libarm_cortexM4lf_math.a(arm_fir_init_f32.o)
 .debug_macro   0x00000000       0x42 C:\DAVE-3.1\eclipse\/../CMSIS/Lib/GCC\libarm_cortexM4lf_math.a(arm_fir_init_f32.o)
 .debug_macro   0x00000000       0x3a C:\DAVE-3.1\eclipse\/../CMSIS/Lib/GCC\libarm_cortexM4lf_math.a(arm_fir_init_f32.o)
 .debug_macro   0x00000000       0x52 C:\DAVE-3.1\eclipse\/../CMSIS/Lib/GCC\libarm_cortexM4lf_math.a(arm_fir_init_f32.o)
 .debug_macro   0x00000000       0x19 C:\DAVE-3.1\eclipse\/../CMSIS/Lib/GCC\libarm_cortexM4lf_math.a(arm_fir_init_f32.o)
 .debug_macro   0x00000000      0x16d C:\DAVE-3.1\eclipse\/../CMSIS/Lib/GCC\libarm_cortexM4lf_math.a(arm_fir_init_f32.o)
 .debug_macro   0x00000000       0x89 C:\DAVE-3.1\eclipse\/../CMSIS/Lib/GCC\libarm_cortexM4lf_math.a(arm_fir_init_f32.o)
 .debug_macro   0x00000000       0x22 C:\DAVE-3.1\eclipse\/../CMSIS/Lib/GCC\libarm_cortexM4lf_math.a(arm_fir_init_f32.o)
 .debug_macro   0x00000000      0x1da C:\DAVE-3.1\eclipse\/../CMSIS/Lib/GCC\libarm_cortexM4lf_math.a(arm_fir_init_f32.o)
 .debug_macro   0x00000000       0xa5 C:\DAVE-3.1\eclipse\/../CMSIS/Lib/GCC\libarm_cortexM4lf_math.a(arm_fir_init_f32.o)
 .comment       0x00000000       0x71 C:\DAVE-3.1\eclipse\/../CMSIS/Lib/GCC\libarm_cortexM4lf_math.a(arm_fir_init_f32.o)
 .comment       0x00000000       0x71 C:\DAVE-3.1\eclipse\/../Examples/Lib\libxmclibcstubs.a(System_LibcStubs.o)

Memory Configuration

Name             Origin             Length             Attributes
FLASH_1_cached   0x08000000         0x00100000         xr
FLASH_1_uncached 0x0c000000         0x00100000         xr
PSRAM_1          0x10000000         0x00010000         !xr
DSRAM_1_system   0x20000000         0x00010000         !xr
DSRAM_2_comm     0x30000000         0x00008000         !xr
*default*        0x00000000         0xffffffff

Linker script and memory map

LOAD arm_fir_data.o
LOAD arm_fir_example_f32.o
LOAD Startup/startup_XMC4500.o
LOAD Startup/system_XMC4500.o
LOAD Common/Source/math_helper.o
LOAD C:\DAVE-3.1\eclipse\/../CMSIS/Lib/GCC\libarm_cortexM4lf_math.a
LOAD c:/dave-3.1/arm-gcc/bin/../lib/gcc/arm-none-eabi/4.7.4/../../../../arm-none-eabi/lib/armv7e-m\libm.a
START GROUP
LOAD c:/dave-3.1/arm-gcc/bin/../lib/gcc/arm-none-eabi/4.7.4/armv7e-m\libgcc.a
LOAD c:/dave-3.1/arm-gcc/bin/../lib/gcc/arm-none-eabi/4.7.4/../../../../arm-none-eabi/lib/armv7e-m\libg.a
LOAD c:/dave-3.1/arm-gcc/bin/../lib/gcc/arm-none-eabi/4.7.4/../../../../arm-none-eabi/lib/armv7e-m\libc.a
END GROUP
START GROUP
LOAD C:\DAVE-3.1\eclipse\/../Examples/Lib\libxmclibcstubs.a
END GROUP
                0x00000800                stack_size = 0x800

.text           0x08000000     0x351c load address 0x0c000000
                0x08000000                sText = .
 *(.Xmc4500.reset)
 .Xmc4500.reset
                0x08000000      0x21c Startup/startup_XMC4500.o
                0x08000000                __Xmc4500_interrupt_vector_cortex_m
                0x08000200                __Xmc4500_reset_cortex_m
 *(.Xmc4500.postreset)
 .Xmc4500.postreset
                0x0800021c       0xa8 Startup/startup_XMC4500.o
 *(.XmcStartup)
 .XmcStartup    0x080002c4        0x4 Startup/startup_XMC4500.o
                0x080002c4                SystemInit_DAVE3
 *(.text .text.* .gnu.linkonce.t.*)
 .text          0x080002c8        0x0 arm_fir_data.o
 .text          0x080002c8        0x0 arm_fir_example_f32.o
 .text.main     0x080002c8      0x104 arm_fir_example_f32.o
                0x080002c8                main
 .text          0x080003cc      0x82c Startup/startup_XMC4500.o
                0x080003cc                NMI_Handler
                0x080003ce                NMI_Handler_Veneer
                0x080003dc                HardFault_Handler
                0x080003de                HardFault_Handler_Veneer
                0x080003ec                MemManage_Handler
                0x080003ee                MemManage_Handler_Veneer
                0x080003fc                BusFault_Handler
                0x080003fe                BusFault_Handler_Veneer
                0x0800040c                UsageFault_Handler
                0x0800040e                UsageFault_Handler_Veneer
                0x0800041c                SVC_Handler
                0x0800041e                SVC_Handler_Veneer
                0x0800042c                DebugMon_Handler
                0x0800042e                DebugMon_Handler_Veneer
                0x0800043c                PendSV_Handler
                0x0800043e                PendSV_Handler_Veneer
                0x0800044c                SysTick_Handler
                0x0800044e                SysTick_Handler_Veneer
                0x0800045c                SCU_0_IRQHandler
                0x0800045e                SCU_0_IRQHandler_Veneer
                0x0800046c                ERU0_0_IRQHandler
                0x0800046e                ERU0_0_IRQHandler_Veneer
                0x0800047c                ERU0_1_IRQHandler
                0x0800047e                ERU0_1_IRQHandler_Veneer
                0x0800048c                ERU0_2_IRQHandler
                0x0800048e                ERU0_2_IRQHandler_Veneer
                0x0800049c                ERU0_3_IRQHandler
                0x0800049e                ERU0_3_IRQHandler_Veneer
                0x080004ac                ERU1_0_IRQHandler
                0x080004ae                ERU1_0_IRQHandler_Veneer
                0x080004bc                ERU1_1_IRQHandler
                0x080004be                ERU1_1_IRQHandler_Veneer
                0x080004cc                ERU1_2_IRQHandler
                0x080004ce                ERU1_2_IRQHandler_Veneer
                0x080004dc                ERU1_3_IRQHandler
                0x080004de                ERU1_3_IRQHandler_Veneer
                0x080004ec                PMU0_0_IRQHandler
                0x080004ee                PMU0_0_IRQHandler_Veneer
                0x080004fc                VADC0_C0_0_IRQHandler
                0x080004fe                VADC0_C0_0_IRQHandler_Veneer
                0x0800050c                VADC0_C0_1_IRQHandler
                0x0800050e                VADC0_C0_1_IRQHandler_Veneer
                0x0800051c                VADC0_C0_2_IRQHandler
                0x0800051e                VADC0_C0_2_IRQHandler_Veneer
                0x0800052c                VADC0_C0_3_IRQHandler
                0x0800052e                VADC0_C0_3_IRQHandler_Veneer
                0x0800053c                VADC0_G0_0_IRQHandler
                0x0800053e                VADC0_G0_0_IRQHandler_Veneer
                0x0800054c                VADC0_G0_1_IRQHandler
                0x0800054e                VADC0_G0_1_IRQHandler_Veneer
                0x0800055c                VADC0_G0_2_IRQHandler
                0x0800055e                VADC0_G0_2_IRQHandler_Veneer
                0x0800056c                VADC0_G0_3_IRQHandler
                0x0800056e                VADC0_G0_3_IRQHandler_Veneer
                0x0800057c                VADC0_G1_0_IRQHandler
                0x0800057e                VADC0_G1_0_IRQHandler_Veneer
                0x0800058c                VADC0_G1_1_IRQHandler
                0x0800058e                VADC0_G1_1_IRQHandler_Veneer
                0x0800059c                VADC0_G1_2_IRQHandler
                0x0800059e                VADC0_G1_2_IRQHandler_Veneer
                0x080005ac                VADC0_G1_3_IRQHandler
                0x080005ae                VADC0_G1_3_IRQHandler_Veneer
                0x080005bc                VADC0_G2_0_IRQHandler
                0x080005be                VADC0_G2_0_IRQHandler_Veneer
                0x080005cc                VADC0_G2_1_IRQHandler
                0x080005ce                VADC0_G2_1_IRQHandler_Veneer
                0x080005dc                VADC0_G2_2_IRQHandler
                0x080005de                VADC0_G2_2_IRQHandler_Veneer
                0x080005ec                VADC0_G2_3_IRQHandler
                0x080005ee                VADC0_G2_3_IRQHandler_Veneer
                0x080005fc                VADC0_G3_0_IRQHandler
                0x080005fe                VADC0_G3_0_IRQHandler_Veneer
                0x0800060c                VADC0_G3_1_IRQHandler
                0x0800060e                VADC0_G3_1_IRQHandler_Veneer
                0x0800061c                VADC0_G3_2_IRQHandler
                0x0800061e                VADC0_G3_2_IRQHandler_Veneer
                0x0800062c                VADC0_G3_3_IRQHandler
                0x0800062e                VADC0_G3_3_IRQHandler_Veneer
                0x0800063c                DSD0_0_IRQHandler
                0x0800063e                DSD0_0_IRQHandler_Veneer
                0x0800064c                DSD0_1_IRQHandler
                0x0800064e                DSD0_1_IRQHandler_Veneer
                0x0800065c                DSD0_2_IRQHandler
                0x0800065e                DSD0_2_IRQHandler_Veneer
                0x0800066c                DSD0_3_IRQHandler
                0x0800066e                DSD0_3_IRQHandler_Veneer
                0x0800067c                DSD0_4_IRQHandler
                0x0800067e                DSD0_4_IRQHandler_Veneer
                0x0800068c                DSD0_5_IRQHandler
                0x0800068e                DSD0_5_IRQHandler_Veneer
                0x0800069c                DSD0_6_IRQHandler
                0x0800069e                DSD0_6_IRQHandler_Veneer
                0x080006ac                DSD0_7_IRQHandler
                0x080006ae                DSD0_7_IRQHandler_Veneer
                0x080006bc                DAC0_0_IRQHandler
                0x080006be                DAC0_0_IRQHandler_Veneer
                0x080006cc                DAC0_1_IRQHandler
                0x080006ce                DAC0_1_IRQHandler_Veneer
                0x080006dc                CCU40_0_IRQHandler
                0x080006de                CCU40_0_IRQHandler_Veneer
                0x080006ec                CCU40_1_IRQHandler
                0x080006ee                CCU40_1_IRQHandler_Veneer
                0x080006fc                CCU40_2_IRQHandler
                0x080006fe                CCU40_2_IRQHandler_Veneer
                0x0800070c                CCU40_3_IRQHandler
                0x0800070e                CCU40_3_IRQHandler_Veneer
                0x0800071c                CCU41_0_IRQHandler
                0x0800071e                CCU41_0_IRQHandler_Veneer
                0x0800072a                CCU41_1_IRQHandler
                0x0800072c                CCU41_1_IRQHandler_Veneer
                0x08000738                CCU41_2_IRQHandler
                0x0800073a                CCU41_2_IRQHandler_Veneer
                0x08000746                CCU41_3_IRQHandler
                0x08000748                CCU41_3_IRQHandler_Veneer
                0x08000754                CCU42_0_IRQHandler
                0x08000756                CCU42_0_IRQHandler_Veneer
                0x08000762                CCU42_1_IRQHandler
                0x08000764                CCU42_1_IRQHandler_Veneer
                0x08000770                CCU42_2_IRQHandler
                0x08000772                CCU42_2_IRQHandler_Veneer
                0x0800077e                CCU42_3_IRQHandler
                0x08000780                CCU42_3_IRQHandler_Veneer
                0x0800078c                CCU43_0_IRQHandler
                0x0800078e                CCU43_0_IRQHandler_Veneer
                0x0800079a                CCU43_1_IRQHandler
                0x0800079c                CCU43_1_IRQHandler_Veneer
                0x080007a8                CCU43_2_IRQHandler
                0x080007aa                CCU43_2_IRQHandler_Veneer
                0x080007b6                CCU43_3_IRQHandler
                0x080007b8                CCU43_3_IRQHandler_Veneer
                0x080007c4                CCU80_0_IRQHandler
                0x080007c6                CCU80_0_IRQHandler_Veneer
                0x080007d2                CCU80_1_IRQHandler
                0x080007d4                CCU80_1_IRQHandler_Veneer
                0x080007e0                CCU80_2_IRQHandler
                0x080007e2                CCU80_2_IRQHandler_Veneer
                0x080007ee                CCU80_3_IRQHandler
                0x080007f0                CCU80_3_IRQHandler_Veneer
                0x080007fc                CCU81_0_IRQHandler
                0x080007fe                CCU81_0_IRQHandler_Veneer
                0x0800080a                CCU81_1_IRQHandler
                0x0800080c                CCU81_1_IRQHandler_Veneer
                0x08000818                CCU81_2_IRQHandler
                0x0800081a                CCU81_2_IRQHandler_Veneer
                0x08000826                CCU81_3_IRQHandler
                0x08000828                CCU81_3_IRQHandler_Veneer
                0x08000834                POSIF0_0_IRQHandler
                0x08000836                POSIF0_0_IRQHandler_Veneer
                0x08000842                POSIF0_1_IRQHandler
                0x08000844                POSIF0_1_IRQHandler_Veneer
                0x08000850                POSIF1_0_IRQHandler
                0x08000852                POSIF1_0_IRQHandler_Veneer
                0x0800085e                POSIF1_1_IRQHandler
                0x08000860                POSIF1_1_IRQHandler_Veneer
                0x0800086c                CAN0_0_IRQHandler
                0x0800086e                CAN0_0_IRQHandler_Veneer
                0x0800087a                CAN0_1_IRQHandler
                0x0800087c                CAN0_1_IRQHandler_Veneer
                0x08000888                CAN0_2_IRQHandler
                0x0800088a                CAN0_2_IRQHandler_Veneer
                0x08000896                CAN0_3_IRQHandler
                0x08000898                CAN0_3_IRQHandler_Veneer
                0x080008a4                CAN0_4_IRQHandler
                0x080008a6                CAN0_4_IRQHandler_Veneer
                0x080008b2                CAN0_5_IRQHandler
                0x080008b4                CAN0_5_IRQHandler_Veneer
                0x080008c0                CAN0_6_IRQHandler
                0x080008c2                CAN0_6_IRQHandler_Veneer
                0x080008ce                CAN0_7_IRQHandler
                0x080008d0                CAN0_7_IRQHandler_Veneer
                0x080008dc                USIC0_0_IRQHandler
                0x080008de                USIC0_0_IRQHandler_Veneer
                0x080008ea                USIC0_1_IRQHandler
                0x080008ec                USIC0_1_IRQHandler_Veneer
                0x080008f8                USIC0_2_IRQHandler
                0x080008fa                USIC0_2_IRQHandler_Veneer
                0x08000906                USIC0_3_IRQHandler
                0x08000908                USIC0_3_IRQHandler_Veneer
                0x08000914                USIC0_4_IRQHandler
                0x08000916                USIC0_4_IRQHandler_Veneer
                0x08000922                USIC0_5_IRQHandler
                0x08000924                USIC0_5_IRQHandler_Veneer
                0x08000930                USIC1_0_IRQHandler
                0x08000932                USIC1_0_IRQHandler_Veneer
                0x0800093e                USIC1_1_IRQHandler
                0x08000940                USIC1_1_IRQHandler_Veneer
                0x0800094c                USIC1_2_IRQHandler
                0x0800094e                USIC1_2_IRQHandler_Veneer
                0x0800095a                USIC1_3_IRQHandler
                0x0800095c                USIC1_3_IRQHandler_Veneer
                0x08000968                USIC1_4_IRQHandler
                0x0800096a                USIC1_4_IRQHandler_Veneer
                0x08000976                USIC1_5_IRQHandler
                0x08000978                USIC1_5_IRQHandler_Veneer
                0x08000984                USIC2_0_IRQHandler
                0x08000986                USIC2_0_IRQHandler_Veneer
                0x08000992                USIC2_1_IRQHandler
                0x08000994                USIC2_1_IRQHandler_Veneer
                0x080009a0                USIC2_2_IRQHandler
                0x080009a2                USIC2_2_IRQHandler_Veneer
                0x080009ae                USIC2_3_IRQHandler
                0x080009b0                USIC2_3_IRQHandler_Veneer
                0x080009bc                USIC2_4_IRQHandler
                0x080009be                USIC2_4_IRQHandler_Veneer
                0x080009ca                USIC2_5_IRQHandler
                0x080009cc                USIC2_5_IRQHandler_Veneer
                0x080009d8                LEDTS0_0_IRQHandler
                0x080009da                LEDTS0_0_IRQHandler_Veneer
                0x080009e6                FCE0_0_IRQHandler
                0x080009e8                FCE0_0_IRQHandler_Veneer
                0x080009f4                GPDMA0_0_IRQHandler
                0x080009f6                GPDMA0_0_IRQHandler_Veneer
                0x08000a02                SDMMC0_0_IRQHandler
                0x08000a04                SDMMC0_0_IRQHandler_Veneer
                0x08000a10                USB0_0_IRQHandler
                0x08000a12                USB0_0_IRQHandler_Veneer
                0x08000a1e                ETH0_0_IRQHandler
                0x08000a20                ETH0_0_IRQHandler_Veneer
                0x08000a2c                GPDMA1_0_IRQHandler
                0x08000a2e                GPDMA1_0_IRQHandler_Veneer
                0x08000a3a                AllowPLLInitByStartup
 .text          0x08000bf8        0x0 Startup/system_XMC4500.o
 .text.SystemInit
                0x08000bf8       0x9c Startup/system_XMC4500.o
                0x08000bf8                SystemInit
 .text.SystemCoreClockUpdate
                0x08000c94      0x148 Startup/system_XMC4500.o
                0x08000c94                SystemCoreClockUpdate
 .text.SystemClockSetup
                0x08000ddc      0x4cc Startup/system_XMC4500.o
 .text          0x080012a8        0x0 Common/Source/math_helper.o
 .text.arm_snr_f32
                0x080012a8      0x16c Common/Source/math_helper.o
                0x080012a8                arm_snr_f32
 .text.arm_provide_guard_bits_q15
                0x08001414       0x50 Common/Source/math_helper.o
                0x08001414                arm_provide_guard_bits_q15
 .text.arm_float_to_q12_20
                0x08001464       0xec Common/Source/math_helper.o
                0x08001464                arm_float_to_q12_20
 .text.arm_compare_fixed_q15
                0x08001550       0x74 Common/Source/math_helper.o
                0x08001550                arm_compare_fixed_q15
 .text.arm_compare_fixed_q31
                0x080015c4       0x70 Common/Source/math_helper.o
                0x080015c4                arm_compare_fixed_q31
 .text.arm_provide_guard_bits_q31
                0x08001634       0x4c Common/Source/math_helper.o
                0x08001634                arm_provide_guard_bits_q31
 .text.arm_provide_guard_bits_q7
                0x08001680       0x48 Common/Source/math_helper.o
                0x08001680                arm_provide_guard_bits_q7
 .text.arm_calc_guard_bits
                0x080016c8       0x48 Common/Source/math_helper.o
                0x080016c8                arm_calc_guard_bits
 .text.arm_apply_guard_bits
                0x08001710       0x64 Common/Source/math_helper.o
                0x08001710                arm_apply_guard_bits
 .text.arm_calc_2pow
                0x08001774       0x3c Common/Source/math_helper.o
                0x08001774                arm_calc_2pow
 .text.arm_float_to_q14
                0x080017b0       0xf0 Common/Source/math_helper.o
                0x080017b0                arm_float_to_q14
 .text.arm_float_to_q30
                0x080018a0       0xe8 Common/Source/math_helper.o
                0x080018a0                arm_float_to_q30
 .text.arm_float_to_q29
                0x08001988       0xe8 Common/Source/math_helper.o
                0x08001988                arm_float_to_q29
 .text.arm_float_to_q28
                0x08001a70       0xe8 Common/Source/math_helper.o
                0x08001a70                arm_float_to_q28
 .text.arm_clip_f32
                0x08001b58       0x8c Common/Source/math_helper.o
                0x08001b58                arm_clip_f32
 .text          0x08001be4        0x0 C:\DAVE-3.1\eclipse\/../CMSIS/Lib/GCC\libarm_cortexM4lf_math.a(arm_fir_f32.o)
 .text.arm_fir_f32
                0x08001be4      0x514 C:\DAVE-3.1\eclipse\/../CMSIS/Lib/GCC\libarm_cortexM4lf_math.a(arm_fir_f32.o)
                0x08001be4                arm_fir_f32
 .text          0x080020f8        0x0 C:\DAVE-3.1\eclipse\/../CMSIS/Lib/GCC\libarm_cortexM4lf_math.a(arm_fir_init_f32.o)
 .text.arm_fir_init_f32
                0x080020f8       0x24 C:\DAVE-3.1\eclipse\/../CMSIS/Lib/GCC\libarm_cortexM4lf_math.a(arm_fir_init_f32.o)
                0x080020f8                arm_fir_init_f32
 .text          0x0800211c        0x0 c:/dave-3.1/arm-gcc/bin/../lib/gcc/arm-none-eabi/4.7.4/../../../../arm-none-eabi/lib/armv7e-m\libm.a(lib_a-w_log10.o)
 .text.log10    0x0800211c       0xe4 c:/dave-3.1/arm-gcc/bin/../lib/gcc/arm-none-eabi/4.7.4/../../../../arm-none-eabi/lib/armv7e-m\libm.a(lib_a-w_log10.o)
                0x0800211c                log10
 .text          0x08002200        0x0 c:/dave-3.1/arm-gcc/bin/../lib/gcc/arm-none-eabi/4.7.4/../../../../arm-none-eabi/lib/armv7e-m\libm.a(lib_a-e_log10.o)
 .text.__ieee754_log10
                0x08002200      0x128 c:/dave-3.1/arm-gcc/bin/../lib/gcc/arm-none-eabi/4.7.4/../../../../arm-none-eabi/lib/armv7e-m\libm.a(lib_a-e_log10.o)
                0x08002200                __ieee754_log10
 .text          0x08002328        0x0 c:/dave-3.1/arm-gcc/bin/../lib/gcc/arm-none-eabi/4.7.4/../../../../arm-none-eabi/lib/armv7e-m\libm.a(lib_a-s_fpclassify.o)
 .text.__fpclassifyd
                0x08002328       0x68 c:/dave-3.1/arm-gcc/bin/../lib/gcc/arm-none-eabi/4.7.4/../../../../arm-none-eabi/lib/armv7e-m\libm.a(lib_a-s_fpclassify.o)
                0x08002328                __fpclassifyd
 .text          0x08002390        0x0 c:/dave-3.1/arm-gcc/bin/../lib/gcc/arm-none-eabi/4.7.4/../../../../arm-none-eabi/lib/armv7e-m\libm.a(lib_a-s_lib_ver.o)
 .text          0x08002390        0x0 c:/dave-3.1/arm-gcc/bin/../lib/gcc/arm-none-eabi/4.7.4/../../../../arm-none-eabi/lib/armv7e-m\libm.a(lib_a-s_matherr.o)
 .text.matherr  0x08002390        0x4 c:/dave-3.1/arm-gcc/bin/../lib/gcc/arm-none-eabi/4.7.4/../../../../arm-none-eabi/lib/armv7e-m\libm.a(lib_a-s_matherr.o)
                0x08002390                matherr
 .text          0x08002394        0x0 c:/dave-3.1/arm-gcc/bin/../lib/gcc/arm-none-eabi/4.7.4/../../../../arm-none-eabi/lib/armv7e-m\libm.a(lib_a-s_nan.o)
 .text.nan      0x08002394        0xc c:/dave-3.1/arm-gcc/bin/../lib/gcc/arm-none-eabi/4.7.4/../../../../arm-none-eabi/lib/armv7e-m\libm.a(lib_a-s_nan.o)
                0x08002394                nan
 .text          0x080023a0        0x0 c:/dave-3.1/arm-gcc/bin/../lib/gcc/arm-none-eabi/4.7.4/../../../../arm-none-eabi/lib/armv7e-m\libm.a(lib_a-e_log.o)
 .text.__ieee754_log
                0x080023a0      0x3f8 c:/dave-3.1/arm-gcc/bin/../lib/gcc/arm-none-eabi/4.7.4/../../../../arm-none-eabi/lib/armv7e-m\libm.a(lib_a-e_log.o)
                0x080023a0                __ieee754_log
 .text          0x08002798      0x370 c:/dave-3.1/arm-gcc/bin/../lib/gcc/arm-none-eabi/4.7.4/armv7e-m\libgcc.a(_arm_addsubdf3.o)
                0x08002798                __aeabi_drsub
                0x080027a0                __aeabi_dsub
                0x080027a0                __subdf3
                0x080027a4                __aeabi_dadd
                0x080027a4                __adddf3
                0x08002a1c                __floatunsidf
                0x08002a1c                __aeabi_ui2d
                0x08002a3c                __floatsidf
                0x08002a3c                __aeabi_i2d
                0x08002a60                __aeabi_f2d
                0x08002a60                __extendsfdf2
                0x08002a9c                __floatundidf
                0x08002a9c                __aeabi_ul2d
                0x08002aac                __floatdidf
                0x08002aac                __aeabi_l2d
 .text          0x08002b08      0x424 c:/dave-3.1/arm-gcc/bin/../lib/gcc/arm-none-eabi/4.7.4/armv7e-m\libgcc.a(_arm_muldivdf3.o)
                0x08002b08                __aeabi_dmul
                0x08002b08                __muldf3
                0x08002d5c                __divdf3
                0x08002d5c                __aeabi_ddiv
 .text          0x08002f2c      0x110 c:/dave-3.1/arm-gcc/bin/../lib/gcc/arm-none-eabi/4.7.4/armv7e-m\libgcc.a(_arm_cmpdf2.o)
                0x08002f2c                __gtdf2
                0x08002f2c                __gedf2
                0x08002f34                __ltdf2
                0x08002f34                __ledf2
                0x08002f3c                __nedf2
                0x08002f3c                __eqdf2
                0x08002f3c                __cmpdf2
                0x08002fb8                __aeabi_cdrcmple
                0x08002fc8                __aeabi_cdcmpeq
                0x08002fc8                __aeabi_cdcmple
                0x08002fd8                __aeabi_dcmpeq
                0x08002fec                __aeabi_dcmplt
                0x08003000                __aeabi_dcmple
                0x08003014                __aeabi_dcmpge
                0x08003028                __aeabi_dcmpgt
 .text          0x0800303c       0x50 c:/dave-3.1/arm-gcc/bin/../lib/gcc/arm-none-eabi/4.7.4/armv7e-m\libgcc.a(_arm_fixdfsi.o)
                0x0800303c                __aeabi_d2iz
                0x0800303c                __fixdfsi
 .text          0x0800308c       0xa0 c:/dave-3.1/arm-gcc/bin/../lib/gcc/arm-none-eabi/4.7.4/armv7e-m\libgcc.a(_arm_truncdfsf2.o)
                0x0800308c                __truncdfsf2
                0x0800308c                __aeabi_d2f
 .text          0x0800312c        0x0 c:/dave-3.1/arm-gcc/bin/../lib/gcc/arm-none-eabi/4.7.4/../../../../arm-none-eabi/lib/armv7e-m\libg.a(lib_a-errno.o)
 .text.__errno  0x0800312c        0xc c:/dave-3.1/arm-gcc/bin/../lib/gcc/arm-none-eabi/4.7.4/../../../../arm-none-eabi/lib/armv7e-m\libg.a(lib_a-errno.o)
                0x0800312c                __errno
 .text          0x08003138        0x0 c:/dave-3.1/arm-gcc/bin/../lib/gcc/arm-none-eabi/4.7.4/../../../../arm-none-eabi/lib/armv7e-m\libg.a(lib_a-impure.o)
 .text          0x08003138        0x0 c:/dave-3.1/arm-gcc/bin/../lib/gcc/arm-none-eabi/4.7.4/../../../../arm-none-eabi/lib/armv7e-m\libg.a(lib_a-init.o)
 .text.__libc_init_array
                0x08003138       0x94 c:/dave-3.1/arm-gcc/bin/../lib/gcc/arm-none-eabi/4.7.4/../../../../arm-none-eabi/lib/armv7e-m\libg.a(lib_a-init.o)
                0x08003138                __libc_init_array
 .text          0x080031cc        0x0 c:/dave-3.1/arm-gcc/bin/../lib/gcc/arm-none-eabi/4.7.4/../../../../arm-none-eabi/lib/armv7e-m\libg.a(lib_a-memset.o)
 .text.memset   0x080031cc      0x12c c:/dave-3.1/arm-gcc/bin/../lib/gcc/arm-none-eabi/4.7.4/../../../../arm-none-eabi/lib/armv7e-m\libg.a(lib_a-memset.o)
                0x080031cc                memset
 .text          0x080032f8        0x0 C:\DAVE-3.1\eclipse\/../Examples/Lib\libxmclibcstubs.a(System_LibcStubs.o)
 .text._open    0x080032f8       0x1c C:\DAVE-3.1\eclipse\/../Examples/Lib\libxmclibcstubs.a(System_LibcStubs.o)
                0x080032f8                _open
 .text._lseek   0x08003314       0x1c C:\DAVE-3.1\eclipse\/../Examples/Lib\libxmclibcstubs.a(System_LibcStubs.o)
                0x08003314                _lseek
 .text._read    0x08003330       0x1c C:\DAVE-3.1\eclipse\/../Examples/Lib\libxmclibcstubs.a(System_LibcStubs.o)
                0x08003330                _read
 .text._write   0x0800334c       0x1c C:\DAVE-3.1\eclipse\/../Examples/Lib\libxmclibcstubs.a(System_LibcStubs.o)
                0x0800334c                _write
 .text._close   0x08003368       0x10 C:\DAVE-3.1\eclipse\/../Examples/Lib\libxmclibcstubs.a(System_LibcStubs.o)
                0x08003368                _close
 .text._fstat   0x08003378       0x28 C:\DAVE-3.1\eclipse\/../Examples/Lib\libxmclibcstubs.a(System_LibcStubs.o)
                0x08003378                _fstat
 .text._link    0x080033a0       0x28 C:\DAVE-3.1\eclipse\/../Examples/Lib\libxmclibcstubs.a(System_LibcStubs.o)
                0x080033a0                _link
 .text._unlink  0x080033c8       0x18 C:\DAVE-3.1\eclipse\/../Examples/Lib\libxmclibcstubs.a(System_LibcStubs.o)
                0x080033c8                _unlink
 .text._sbrk    0x080033e0       0xa0 C:\DAVE-3.1\eclipse\/../Examples/Lib\libxmclibcstubs.a(System_LibcStubs.o)
                0x080033e0                _sbrk
 .text._times   0x08003480       0x18 C:\DAVE-3.1\eclipse\/../Examples/Lib\libxmclibcstubs.a(System_LibcStubs.o)
                0x08003480                _times
 .text._wait    0x08003498       0x18 C:\DAVE-3.1\eclipse\/../Examples/Lib\libxmclibcstubs.a(System_LibcStubs.o)
                0x08003498                _wait
 .text._kill    0x080034b0       0x1c C:\DAVE-3.1\eclipse\/../Examples/Lib\libxmclibcstubs.a(System_LibcStubs.o)
                0x080034b0                _kill
 .text._fork    0x080034cc       0x10 C:\DAVE-3.1\eclipse\/../Examples/Lib\libxmclibcstubs.a(System_LibcStubs.o)
                0x080034cc                _fork
 .text._getpid  0x080034dc       0x10 C:\DAVE-3.1\eclipse\/../Examples/Lib\libxmclibcstubs.a(System_LibcStubs.o)
                0x080034dc                _getpid
 .text._exit    0x080034ec        0xc C:\DAVE-3.1\eclipse\/../Examples/Lib\libxmclibcstubs.a(System_LibcStubs.o)
                0x080034ec                _exit
 .text._init    0x080034f8        0xc C:\DAVE-3.1\eclipse\/../Examples/Lib\libxmclibcstubs.a(System_LibcStubs.o)
                0x080034f8                _init
 .text._isatty  0x08003504       0x18 C:\DAVE-3.1\eclipse\/../Examples/Lib\libxmclibcstubs.a(System_LibcStubs.o)
                0x08003504                _isatty
 *(.glue*)
 .glue_7        0x00000000        0x0 linker stubs
 .glue_7t       0x00000000        0x0 linker stubs
 *(.v4*)
 .v4_bx         0x00000000        0x0 linker stubs
 *(.vfp11_veneer)
 .vfp11_veneer  0x00000000        0x0 linker stubs
 *(.init)
                0x0800351c                __preinit_array_start = .
 *(.preinit_array)
                0x0800351c                __preinit_array_end = .
                0x0800351c                __init_array_start = .
 *(SORT(.init_array.*))
 *(.init_array)
                0x0800351c                __init_array_end = .
 *crtbegin.o(.ctors)
 *(EXCLUDE_FILE(*crtend.o) .ctors)
 *(SORT(.ctors.*))
 *crtend.o(.ctors)
 *(.fini)
                0x0800351c                __fini_array_start = .
 *(.fini_array)
 *(SORT(.fini_array.*))
                0x0800351c                __fini_array_end = .
 *crtbegin.o(.dtors)
 *(EXCLUDE_FILE(*crtend.o) .dtors)
 *(SORT(.dtors.*))
 *crtend.o(.dtors)
                0x0800351c                __extab_start = .
 *(.ARM.extab* .gnu.linkonce.armextab.*)
 .ARM.extab.Xmc4500.reset
                0x0800351c        0x0 Startup/startup_XMC4500.o
 .ARM.extab.Xmc4500.postreset
                0x0800351c        0x0 Startup/startup_XMC4500.o
                0x0800351c                . = ALIGN (0x4)
                0x0800351c                __extab_end = ABSOLUTE (.)

.iplt           0x0800351c        0x0 load address 0x0c00351c
 .iplt          0x00000000        0x0 arm_fir_data.o

.ARM.exidx      0x0800351c       0x10 load address 0x0c00351c
                0x0800351c                __exidx_start = .
 *(.ARM.exidx* .gnu.linkonce.armexidx.*)
 .ARM.exidx.Xmc4500.reset
                0x0800351c        0x8 Startup/startup_XMC4500.o
 .ARM.exidx.Xmc4500.postreset
                0x08003524        0x8 Startup/startup_XMC4500.o
                0x0800352c                . = ALIGN (0x4)
                0x0800352c                __exidx_end = ABSOLUTE (.)

.rodata         0x0800352c       0x88 load address 0x0c00352c
 *(.rodata .rodata.*)
 .rodata        0x0800352c       0x74 arm_fir_example_f32.o
                0x0800352c                firCoeffs32
 .rodata.str1.4
                0x080035a0        0x9 c:/dave-3.1/arm-gcc/bin/../lib/gcc/arm-none-eabi/4.7.4/../../../../arm-none-eabi/lib/armv7e-m\libm.a(lib_a-w_log10.o)
                                  0xc (size before relaxing)
 *fill*         0x080035a9        0x3 00
 .rodata.str1.4
                0x080035ac        0x4 c:/dave-3.1/arm-gcc/bin/../lib/gcc/arm-none-eabi/4.7.4/../../../../arm-none-eabi/lib/armv7e-m\libg.a(lib_a-impure.o)
 .rodata._global_impure_ptr
                0x080035b0        0x4 c:/dave-3.1/arm-gcc/bin/../lib/gcc/arm-none-eabi/4.7.4/../../../../arm-none-eabi/lib/armv7e-m\libg.a(lib_a-impure.o)
                0x080035b0                _global_impure_ptr
 *(.gnu.linkonce.r*)

.rel.dyn        0x080035b4        0x0 load address 0x0c0035b4
 .rel.iplt      0x00000000        0x0 arm_fir_data.o
                0x080035c0                . = ALIGN (0x10)
                0x0c0035c0                eROData = (. | 0x4000000)

Stack           0x20000000      0x800
                0x20000800                . = (. + stack_size)
 *fill*         0x20000000      0x800 00
                0x20000800                __Xmc4500_stack = .

Communication_Buffers
 *DMA_Descriptors.o(COMMON)

.bss            0x20000800      0x600
                0x20000800                __Xmc4500_sBSS = .
 *(.bss)
 .bss           0x20000800        0x0 arm_fir_data.o
 .bss           0x20000800      0x5f0 arm_fir_example_f32.o
 .bss           0x20000df0        0x0 Startup/startup_XMC4500.o
 .bss           0x20000df0        0x0 Startup/system_XMC4500.o
 .bss           0x20000df0        0x0 Common/Source/math_helper.o
 .bss           0x20000df0        0x0 C:\DAVE-3.1\eclipse\/../CMSIS/Lib/GCC\libarm_cortexM4lf_math.a(arm_fir_f32.o)
 .bss           0x20000df0        0x0 C:\DAVE-3.1\eclipse\/../CMSIS/Lib/GCC\libarm_cortexM4lf_math.a(arm_fir_init_f32.o)
 .bss           0x20000df0        0x0 c:/dave-3.1/arm-gcc/bin/../lib/gcc/arm-none-eabi/4.7.4/../../../../arm-none-eabi/lib/armv7e-m\libm.a(lib_a-w_log10.o)
 .bss           0x20000df0        0x0 c:/dave-3.1/arm-gcc/bin/../lib/gcc/arm-none-eabi/4.7.4/../../../../arm-none-eabi/lib/armv7e-m\libm.a(lib_a-e_log10.o)
 .bss           0x20000df0        0x0 c:/dave-3.1/arm-gcc/bin/../lib/gcc/arm-none-eabi/4.7.4/../../../../arm-none-eabi/lib/armv7e-m\libm.a(lib_a-s_fpclassify.o)
 .bss           0x20000df0        0x0 c:/dave-3.1/arm-gcc/bin/../lib/gcc/arm-none-eabi/4.7.4/../../../../arm-none-eabi/lib/armv7e-m\libm.a(lib_a-s_lib_ver.o)
 .bss           0x20000df0        0x0 c:/dave-3.1/arm-gcc/bin/../lib/gcc/arm-none-eabi/4.7.4/../../../../arm-none-eabi/lib/armv7e-m\libm.a(lib_a-s_matherr.o)
 .bss           0x20000df0        0x0 c:/dave-3.1/arm-gcc/bin/../lib/gcc/arm-none-eabi/4.7.4/../../../../arm-none-eabi/lib/armv7e-m\libm.a(lib_a-s_nan.o)
 .bss           0x20000df0        0x0 c:/dave-3.1/arm-gcc/bin/../lib/gcc/arm-none-eabi/4.7.4/../../../../arm-none-eabi/lib/armv7e-m\libm.a(lib_a-e_log.o)
 .bss           0x20000df0        0x0 c:/dave-3.1/arm-gcc/bin/../lib/gcc/arm-none-eabi/4.7.4/armv7e-m\libgcc.a(_arm_addsubdf3.o)
 .bss           0x20000df0        0x0 c:/dave-3.1/arm-gcc/bin/../lib/gcc/arm-none-eabi/4.7.4/armv7e-m\libgcc.a(_arm_muldivdf3.o)
 .bss           0x20000df0        0x0 c:/dave-3.1/arm-gcc/bin/../lib/gcc/arm-none-eabi/4.7.4/armv7e-m\libgcc.a(_arm_cmpdf2.o)
 .bss           0x20000df0        0x0 c:/dave-3.1/arm-gcc/bin/../lib/gcc/arm-none-eabi/4.7.4/armv7e-m\libgcc.a(_arm_fixdfsi.o)
 .bss           0x20000df0        0x0 c:/dave-3.1/arm-gcc/bin/../lib/gcc/arm-none-eabi/4.7.4/armv7e-m\libgcc.a(_arm_truncdfsf2.o)
 .bss           0x20000df0        0x0 c:/dave-3.1/arm-gcc/bin/../lib/gcc/arm-none-eabi/4.7.4/../../../../arm-none-eabi/lib/armv7e-m\libg.a(lib_a-errno.o)
 .bss           0x20000df0        0x0 c:/dave-3.1/arm-gcc/bin/../lib/gcc/arm-none-eabi/4.7.4/../../../../arm-none-eabi/lib/armv7e-m\libg.a(lib_a-impure.o)
 .bss           0x20000df0        0x0 c:/dave-3.1/arm-gcc/bin/../lib/gcc/arm-none-eabi/4.7.4/../../../../arm-none-eabi/lib/armv7e-m\libg.a(lib_a-init.o)
 .bss           0x20000df0        0x0 c:/dave-3.1/arm-gcc/bin/../lib/gcc/arm-none-eabi/4.7.4/../../../../arm-none-eabi/lib/armv7e-m\libg.a(lib_a-memset.o)
 .bss           0x20000df0        0xc C:\DAVE-3.1\eclipse\/../Examples/Lib\libxmclibcstubs.a(System_LibcStubs.o)
                0x20000df0                __dso_handle
 *(.bss*)
 *(EXCLUDE_FILE(*DMA_Descriptors.o) COMMON)
 COMMON         0x20000dfc        0x4 arm_fir_example_f32.o
                0x20000dfc                snr
 *(.gnu.linkonce.b*)
                0x20000e00                __Xmc4500_eBSS = ALIGN (0x4)
                0x00000600                __Xmc4500_BSS_Size = (__Xmc4500_eBSS - __Xmc4500_sBSS)

.data           0x20000e00      0xe3c load address 0x0c0035c0
                0x20000e00                __Xmc4500_sData = .
 *(.data)
 .data          0x20000e00      0xa00 arm_fir_data.o
                0x20000e00                testInput_f32_1kHz_15kHz
                0x20001300                refOutput
 .data          0x20001800        0x8 arm_fir_example_f32.o
                0x20001800                blockSize
                0x20001804                numBlocks
 .data          0x20001808        0x0 Startup/startup_XMC4500.o
 .data          0x20001808        0x4 Startup/system_XMC4500.o
                0x20001808                SystemCoreClock
 .data          0x2000180c        0x0 Common/Source/math_helper.o
 .data          0x2000180c        0x0 C:\DAVE-3.1\eclipse\/../CMSIS/Lib/GCC\libarm_cortexM4lf_math.a(arm_fir_f32.o)
 .data          0x2000180c        0x0 C:\DAVE-3.1\eclipse\/../CMSIS/Lib/GCC\libarm_cortexM4lf_math.a(arm_fir_init_f32.o)
 .data          0x2000180c        0x0 c:/dave-3.1/arm-gcc/bin/../lib/gcc/arm-none-eabi/4.7.4/../../../../arm-none-eabi/lib/armv7e-m\libm.a(lib_a-w_log10.o)
 .data          0x2000180c        0x0 c:/dave-3.1/arm-gcc/bin/../lib/gcc/arm-none-eabi/4.7.4/../../../../arm-none-eabi/lib/armv7e-m\libm.a(lib_a-e_log10.o)
 .data          0x2000180c        0x0 c:/dave-3.1/arm-gcc/bin/../lib/gcc/arm-none-eabi/4.7.4/../../../../arm-none-eabi/lib/armv7e-m\libm.a(lib_a-s_fpclassify.o)
 .data          0x2000180c        0x0 c:/dave-3.1/arm-gcc/bin/../lib/gcc/arm-none-eabi/4.7.4/../../../../arm-none-eabi/lib/armv7e-m\libm.a(lib_a-s_lib_ver.o)
 .data          0x2000180c        0x0 c:/dave-3.1/arm-gcc/bin/../lib/gcc/arm-none-eabi/4.7.4/../../../../arm-none-eabi/lib/armv7e-m\libm.a(lib_a-s_matherr.o)
 .data          0x2000180c        0x0 c:/dave-3.1/arm-gcc/bin/../lib/gcc/arm-none-eabi/4.7.4/../../../../arm-none-eabi/lib/armv7e-m\libm.a(lib_a-s_nan.o)
 .data          0x2000180c        0x0 c:/dave-3.1/arm-gcc/bin/../lib/gcc/arm-none-eabi/4.7.4/../../../../arm-none-eabi/lib/armv7e-m\libm.a(lib_a-e_log.o)
 .data          0x2000180c        0x0 c:/dave-3.1/arm-gcc/bin/../lib/gcc/arm-none-eabi/4.7.4/armv7e-m\libgcc.a(_arm_addsubdf3.o)
 .data          0x2000180c        0x0 c:/dave-3.1/arm-gcc/bin/../lib/gcc/arm-none-eabi/4.7.4/armv7e-m\libgcc.a(_arm_muldivdf3.o)
 .data          0x2000180c        0x0 c:/dave-3.1/arm-gcc/bin/../lib/gcc/arm-none-eabi/4.7.4/armv7e-m\libgcc.a(_arm_cmpdf2.o)
 .data          0x2000180c        0x0 c:/dave-3.1/arm-gcc/bin/../lib/gcc/arm-none-eabi/4.7.4/armv7e-m\libgcc.a(_arm_fixdfsi.o)
 .data          0x2000180c        0x0 c:/dave-3.1/arm-gcc/bin/../lib/gcc/arm-none-eabi/4.7.4/armv7e-m\libgcc.a(_arm_truncdfsf2.o)
 .data          0x2000180c        0x0 c:/dave-3.1/arm-gcc/bin/../lib/gcc/arm-none-eabi/4.7.4/../../../../arm-none-eabi/lib/armv7e-m\libg.a(lib_a-errno.o)
 .data          0x2000180c        0x0 c:/dave-3.1/arm-gcc/bin/../lib/gcc/arm-none-eabi/4.7.4/../../../../arm-none-eabi/lib/armv7e-m\libg.a(lib_a-impure.o)
 .data          0x2000180c        0x0 c:/dave-3.1/arm-gcc/bin/../lib/gcc/arm-none-eabi/4.7.4/../../../../arm-none-eabi/lib/armv7e-m\libg.a(lib_a-init.o)
 .data          0x2000180c        0x0 c:/dave-3.1/arm-gcc/bin/../lib/gcc/arm-none-eabi/4.7.4/../../../../arm-none-eabi/lib/armv7e-m\libg.a(lib_a-memset.o)
 .data          0x2000180c        0x0 C:\DAVE-3.1\eclipse\/../Examples/Lib\libxmclibcstubs.a(System_LibcStubs.o)
 *(.data*)
 .data.__fdlib_version
                0x2000180c        0x1 c:/dave-3.1/arm-gcc/bin/../lib/gcc/arm-none-eabi/4.7.4/../../../../arm-none-eabi/lib/armv7e-m\libm.a(lib_a-s_lib_ver.o)
                0x2000180c                __fdlib_version
 *fill*         0x2000180d        0x3 00
 .data.impure_data
                0x20001810      0x428 c:/dave-3.1/arm-gcc/bin/../lib/gcc/arm-none-eabi/4.7.4/../../../../arm-none-eabi/lib/armv7e-m\libg.a(lib_a-impure.o)
 .data._impure_ptr
                0x20001c38        0x4 c:/dave-3.1/arm-gcc/bin/../lib/gcc/arm-none-eabi/4.7.4/../../../../arm-none-eabi/lib/armv7e-m\libg.a(lib_a-impure.o)
                0x20001c38                _impure_ptr
 *(*.data)
 *(.gnu.linkonce.d*)
                0x20001c3c                __Xmc4500_eData = ALIGN (0x4)
                0x00000e3c                __Xmc4500_Data_Size = (__Xmc4500_eData - __Xmc4500_sData)
                0x20001c40                __Xmc4500_heap_start = ALIGN (0x8)
                0x20010000                __Xmc4500_heap_end = (ORIGIN (DSRAM_1_system) + 0x10000)
                0x20001c40                Heap_Bank1_Start = __Xmc4500_heap_start
                0x0000e3c0                Heap_Bank1_Size = (__Xmc4500_heap_end - __Xmc4500_heap_start)
                0x20010000                Heap_Bank1_End = ABSOLUTE (__Xmc4500_heap_end)

.igot.plt       0x20001c3c        0x0 load address 0x0c0043fc
 .igot.plt      0x00000000        0x0 arm_fir_data.o

DSRAM2_Heap     0x30000000        0x0
                0x30000000                Heap_Bank2_Start = .
                0x00008000                Heap_Bank2_Size = (0x8000 - (Heap_Bank2_Start - ORIGIN (DSRAM_2_comm)))

PSRAM_Heap      0x10000000        0x0
                0x10000000                Heap_Bank3_Start = .
                0x00010000                Heap_Bank3_Size = (0x10000 - (Heap_Bank3_Start - ORIGIN (PSRAM_1)))

/DISCARD/
 *(.comment)

.stab
 *(.stab)

.stabstr
 *(.stabstr)

.debug
 *(.debug)

.line
 *(.line)

.debug_srcinfo
 *(.debug_srcinfo)

.debug_sfnames
 *(.debug_sfnames)

.debug_aranges  0x00000000      0x210
 *(.debug_aranges)
 .debug_aranges
                0x00000000       0x18 arm_fir_data.o
 .debug_aranges
                0x00000018       0x20 arm_fir_example_f32.o
 .debug_aranges
                0x00000038       0x38 Startup/startup_XMC4500.o
 .debug_aranges
                0x00000070       0x30 Startup/system_XMC4500.o
 .debug_aranges
                0x000000a0       0x90 Common/Source/math_helper.o
 .debug_aranges
                0x00000130       0x20 C:\DAVE-3.1\eclipse\/../CMSIS/Lib/GCC\libarm_cortexM4lf_math.a(arm_fir_f32.o)
 .debug_aranges
                0x00000150       0x20 C:\DAVE-3.1\eclipse\/../CMSIS/Lib/GCC\libarm_cortexM4lf_math.a(arm_fir_init_f32.o)
 .debug_aranges
                0x00000170       0xa0 C:\DAVE-3.1\eclipse\/../Examples/Lib\libxmclibcstubs.a(System_LibcStubs.o)

.debug_pubnames
 *(.debug_pubnames)

.debug_pubtypes
 *(.debug_pubtypes)

.debug_info     0x00000000     0x2041
 *(.debug_info .gnu.linkonce.wi.*)
 .debug_info    0x00000000       0xc8 arm_fir_data.o
 .debug_info    0x000000c8      0x264 arm_fir_example_f32.o
 .debug_info    0x0000032c       0x7d Startup/startup_XMC4500.o
 .debug_info    0x000003a9      0xaec Startup/system_XMC4500.o
 .debug_info    0x00000e95      0x675 Common/Source/math_helper.o
 .debug_info    0x0000150a      0x349 C:\DAVE-3.1\eclipse\/../CMSIS/Lib/GCC\libarm_cortexM4lf_math.a(arm_fir_f32.o)
 .debug_info    0x00001853      0x1a7 C:\DAVE-3.1\eclipse\/../CMSIS/Lib/GCC\libarm_cortexM4lf_math.a(arm_fir_init_f32.o)
 .debug_info    0x000019fa      0x647 C:\DAVE-3.1\eclipse\/../Examples/Lib\libxmclibcstubs.a(System_LibcStubs.o)

.debug_abbrev   0x00000000      0x73c
 *(.debug_abbrev)
 .debug_abbrev  0x00000000       0x56 arm_fir_data.o
 .debug_abbrev  0x00000056      0x110 arm_fir_example_f32.o
 .debug_abbrev  0x00000166       0x12 Startup/startup_XMC4500.o
 .debug_abbrev  0x00000178      0x151 Startup/system_XMC4500.o
 .debug_abbrev  0x000002c9      0x172 Common/Source/math_helper.o
 .debug_abbrev  0x0000043b       0xda C:\DAVE-3.1\eclipse\/../CMSIS/Lib/GCC\libarm_cortexM4lf_math.a(arm_fir_f32.o)
 .debug_abbrev  0x00000515       0xeb C:\DAVE-3.1\eclipse\/../CMSIS/Lib/GCC\libarm_cortexM4lf_math.a(arm_fir_init_f32.o)
 .debug_abbrev  0x00000600      0x13c C:\DAVE-3.1\eclipse\/../Examples/Lib\libxmclibcstubs.a(System_LibcStubs.o)

.debug_line     0x00000000     0x151a
 *(.debug_line)
 .debug_line    0x00000000       0x66 arm_fir_data.o
 .debug_line    0x00000066      0x10b arm_fir_example_f32.o
 .debug_line    0x00000171      0x1a4 Startup/startup_XMC4500.o
 .debug_line    0x00000315      0x215 Startup/system_XMC4500.o
 .debug_line    0x0000052a      0x362 Common/Source/math_helper.o
 .debug_line    0x0000088c      0x503 C:\DAVE-3.1\eclipse\/../CMSIS/Lib/GCC\libarm_cortexM4lf_math.a(arm_fir_f32.o)
 .debug_line    0x00000d8f      0x2ff C:\DAVE-3.1\eclipse\/../CMSIS/Lib/GCC\libarm_cortexM4lf_math.a(arm_fir_init_f32.o)
 .debug_line    0x0000108e      0x48c C:\DAVE-3.1\eclipse\/../Examples/Lib\libxmclibcstubs.a(System_LibcStubs.o)

.debug_frame    0x00000000      0x674
 *(.debug_frame)
 .debug_frame   0x00000000       0x30 arm_fir_example_f32.o
 .debug_frame   0x00000030       0x6c Startup/system_XMC4500.o
 .debug_frame   0x0000009c      0x1f0 Common/Source/math_helper.o
 .debug_frame   0x0000028c       0x50 C:\DAVE-3.1\eclipse\/../CMSIS/Lib/GCC\libarm_cortexM4lf_math.a(arm_fir_f32.o)
 .debug_frame   0x000002dc       0x30 C:\DAVE-3.1\eclipse\/../CMSIS/Lib/GCC\libarm_cortexM4lf_math.a(arm_fir_init_f32.o)
 .debug_frame   0x0000030c       0x34 c:/dave-3.1/arm-gcc/bin/../lib/gcc/arm-none-eabi/4.7.4/../../../../arm-none-eabi/lib/armv7e-m\libm.a(lib_a-w_log10.o)
 .debug_frame   0x00000340       0x34 c:/dave-3.1/arm-gcc/bin/../lib/gcc/arm-none-eabi/4.7.4/../../../../arm-none-eabi/lib/armv7e-m\libm.a(lib_a-e_log10.o)
 .debug_frame   0x00000374       0x20 c:/dave-3.1/arm-gcc/bin/../lib/gcc/arm-none-eabi/4.7.4/../../../../arm-none-eabi/lib/armv7e-m\libm.a(lib_a-s_fpclassify.o)
 .debug_frame   0x00000394       0x20 c:/dave-3.1/arm-gcc/bin/../lib/gcc/arm-none-eabi/4.7.4/../../../../arm-none-eabi/lib/armv7e-m\libm.a(lib_a-s_matherr.o)
 .debug_frame   0x000003b4       0x20 c:/dave-3.1/arm-gcc/bin/../lib/gcc/arm-none-eabi/4.7.4/../../../../arm-none-eabi/lib/armv7e-m\libm.a(lib_a-s_nan.o)
 .debug_frame   0x000003d4       0x38 c:/dave-3.1/arm-gcc/bin/../lib/gcc/arm-none-eabi/4.7.4/../../../../arm-none-eabi/lib/armv7e-m\libm.a(lib_a-e_log.o)
 .debug_frame   0x0000040c       0x20 c:/dave-3.1/arm-gcc/bin/../lib/gcc/arm-none-eabi/4.7.4/../../../../arm-none-eabi/lib/armv7e-m\libg.a(lib_a-errno.o)
 .debug_frame   0x0000042c       0x30 c:/dave-3.1/arm-gcc/bin/../lib/gcc/arm-none-eabi/4.7.4/../../../../arm-none-eabi/lib/armv7e-m\libg.a(lib_a-init.o)
 .debug_frame   0x0000045c       0x2c c:/dave-3.1/arm-gcc/bin/../lib/gcc/arm-none-eabi/4.7.4/../../../../arm-none-eabi/lib/armv7e-m\libg.a(lib_a-memset.o)
 .debug_frame   0x00000488      0x1ec C:\DAVE-3.1\eclipse\/../Examples/Lib\libxmclibcstubs.a(System_LibcStubs.o)

.debug_str      0x00000000     0x695d
 *(.debug_str)
 .debug_str     0x00000000       0xd3 arm_fir_data.o
                                0x16f (size before relaxing)
 .debug_str     0x000000d3      0x13f arm_fir_example_f32.o
                                0x2ab (size before relaxing)
 .debug_str     0x00000212      0x42c Startup/system_XMC4500.o
                                0x56a (size before relaxing)
 .debug_str     0x0000063e      0x1c9 Common/Source/math_helper.o
                                0x33d (size before relaxing)
 .debug_str     0x00000807     0x5e5e C:\DAVE-3.1\eclipse\/../CMSIS/Lib/GCC\libarm_cortexM4lf_math.a(arm_fir_f32.o)
                               0x608e (size before relaxing)
 .debug_str     0x00006665       0x48 C:\DAVE-3.1\eclipse\/../CMSIS/Lib/GCC\libarm_cortexM4lf_math.a(arm_fir_init_f32.o)
                               0x6053 (size before relaxing)
 .debug_str     0x000066ad      0x2b0 C:\DAVE-3.1\eclipse\/../Examples/Lib\libxmclibcstubs.a(System_LibcStubs.o)
                                0x362 (size before relaxing)

.debug_loc      0x00000000     0x1a8c
 *(.debug_loc)
 .debug_loc     0x00000000       0x38 arm_fir_example_f32.o
 .debug_loc     0x00000038       0xa8 Startup/system_XMC4500.o
 .debug_loc     0x000000e0      0x354 Common/Source/math_helper.o
 .debug_loc     0x00000434     0x121a C:\DAVE-3.1\eclipse\/../CMSIS/Lib/GCC\libarm_cortexM4lf_math.a(arm_fir_f32.o)
 .debug_loc     0x0000164e       0xb6 C:\DAVE-3.1\eclipse\/../CMSIS/Lib/GCC\libarm_cortexM4lf_math.a(arm_fir_init_f32.o)
 .debug_loc     0x00001704      0x388 C:\DAVE-3.1\eclipse\/../Examples/Lib\libxmclibcstubs.a(System_LibcStubs.o)

.debug_macinfo  0x00000000     0x5ad0
 *(.debug_macinfo)
 .debug_macinfo
                0x00000000     0x5ad0 C:\DAVE-3.1\eclipse\/../Examples/Lib\libxmclibcstubs.a(System_LibcStubs.o)

.debug_ranges   0x00000000      0x190
 *(.debug_ranges)
 .debug_ranges  0x00000000       0x10 arm_fir_example_f32.o
 .debug_ranges  0x00000010       0x30 Startup/startup_XMC4500.o
 .debug_ranges  0x00000040       0x20 Startup/system_XMC4500.o
 .debug_ranges  0x00000060       0x80 Common/Source/math_helper.o
 .debug_ranges  0x000000e0       0x10 C:\DAVE-3.1\eclipse\/../CMSIS/Lib/GCC\libarm_cortexM4lf_math.a(arm_fir_f32.o)
 .debug_ranges  0x000000f0       0x10 C:\DAVE-3.1\eclipse\/../CMSIS/Lib/GCC\libarm_cortexM4lf_math.a(arm_fir_init_f32.o)
 .debug_ranges  0x00000100       0x90 C:\DAVE-3.1\eclipse\/../Examples/Lib\libxmclibcstubs.a(System_LibcStubs.o)

.debug_weaknames
 *(.debug_weaknames)

.debug_funcnames
 *(.debug_funcnames)

.debug_typenames
 *(.debug_typenames)

.debug_varnames
 *(.debug_varnames)

.build_attributes
                0x00000000      0x446
 *(.ARM.attributes)
 .ARM.attributes
                0x00000000       0x39 arm_fir_data.o
 .ARM.attributes
                0x00000039       0x39 arm_fir_example_f32.o
 .ARM.attributes
                0x00000072       0x27 Startup/startup_XMC4500.o
 .ARM.attributes
                0x00000099       0x39 Startup/system_XMC4500.o
 .ARM.attributes
                0x000000d2       0x39 Common/Source/math_helper.o
 .ARM.attributes
                0x0000010b       0x39 C:\DAVE-3.1\eclipse\/../CMSIS/Lib/GCC\libarm_cortexM4lf_math.a(arm_fir_f32.o)
 .ARM.attributes
                0x00000144       0x39 C:\DAVE-3.1\eclipse\/../CMSIS/Lib/GCC\libarm_cortexM4lf_math.a(arm_fir_init_f32.o)
 .ARM.attributes
                0x0000017d       0x2e c:/dave-3.1/arm-gcc/bin/../lib/gcc/arm-none-eabi/4.7.4/../../../../arm-none-eabi/lib/armv7e-m\libm.a(lib_a-w_log10.o)
 .ARM.attributes
                0x000001ab       0x2e c:/dave-3.1/arm-gcc/bin/../lib/gcc/arm-none-eabi/4.7.4/../../../../arm-none-eabi/lib/armv7e-m\libm.a(lib_a-e_log10.o)
 .ARM.attributes
                0x000001d9       0x2e c:/dave-3.1/arm-gcc/bin/../lib/gcc/arm-none-eabi/4.7.4/../../../../arm-none-eabi/lib/armv7e-m\libm.a(lib_a-s_fpclassify.o)
 .ARM.attributes
                0x00000207       0x2e c:/dave-3.1/arm-gcc/bin/../lib/gcc/arm-none-eabi/4.7.4/../../../../arm-none-eabi/lib/armv7e-m\libm.a(lib_a-s_lib_ver.o)
 .ARM.attributes
                0x00000235       0x2e c:/dave-3.1/arm-gcc/bin/../lib/gcc/arm-none-eabi/4.7.4/../../../../arm-none-eabi/lib/armv7e-m\libm.a(lib_a-s_matherr.o)
 .ARM.attributes
                0x00000263       0x2e c:/dave-3.1/arm-gcc/bin/../lib/gcc/arm-none-eabi/4.7.4/../../../../arm-none-eabi/lib/armv7e-m\libm.a(lib_a-s_nan.o)
 .ARM.attributes
                0x00000291       0x2e c:/dave-3.1/arm-gcc/bin/../lib/gcc/arm-none-eabi/4.7.4/../../../../arm-none-eabi/lib/armv7e-m\libm.a(lib_a-e_log.o)
 .ARM.attributes
                0x000002bf       0x1e c:/dave-3.1/arm-gcc/bin/../lib/gcc/arm-none-eabi/4.7.4/armv7e-m\libgcc.a(_arm_addsubdf3.o)
 .ARM.attributes
                0x000002dd       0x1e c:/dave-3.1/arm-gcc/bin/../lib/gcc/arm-none-eabi/4.7.4/armv7e-m\libgcc.a(_arm_muldivdf3.o)
 .ARM.attributes
                0x000002fb       0x1e c:/dave-3.1/arm-gcc/bin/../lib/gcc/arm-none-eabi/4.7.4/armv7e-m\libgcc.a(_arm_cmpdf2.o)
 .ARM.attributes
                0x00000319       0x1e c:/dave-3.1/arm-gcc/bin/../lib/gcc/arm-none-eabi/4.7.4/armv7e-m\libgcc.a(_arm_fixdfsi.o)
 .ARM.attributes
                0x00000337       0x1e c:/dave-3.1/arm-gcc/bin/../lib/gcc/arm-none-eabi/4.7.4/armv7e-m\libgcc.a(_arm_truncdfsf2.o)
 .ARM.attributes
                0x00000355       0x2e c:/dave-3.1/arm-gcc/bin/../lib/gcc/arm-none-eabi/4.7.4/../../../../arm-none-eabi/lib/armv7e-m\libg.a(lib_a-errno.o)
 .ARM.attributes
                0x00000383       0x2e c:/dave-3.1/arm-gcc/bin/../lib/gcc/arm-none-eabi/4.7.4/../../../../arm-none-eabi/lib/armv7e-m\libg.a(lib_a-impure.o)
 .ARM.attributes
                0x000003b1       0x2e c:/dave-3.1/arm-gcc/bin/../lib/gcc/arm-none-eabi/4.7.4/../../../../arm-none-eabi/lib/armv7e-m\libg.a(lib_a-init.o)
 .ARM.attributes
                0x000003df       0x2e c:/dave-3.1/arm-gcc/bin/../lib/gcc/arm-none-eabi/4.7.4/../../../../arm-none-eabi/lib/armv7e-m\libg.a(lib_a-memset.o)
 .ARM.attributes
                0x0000040d       0x39 C:\DAVE-3.1\eclipse\/../Examples/Lib\libxmclibcstubs.a(System_LibcStubs.o)
OUTPUT(Fir.elf elf32-littlearm)

.debug_macro    0x00000000     0x1385
 .debug_macro   0x00000000      0x122 C:\DAVE-3.1\eclipse\/../CMSIS/Lib/GCC\libarm_cortexM4lf_math.a(arm_fir_f32.o)
 .debug_macro   0x00000122      0x820 C:\DAVE-3.1\eclipse\/../CMSIS/Lib/GCC\libarm_cortexM4lf_math.a(arm_fir_f32.o)
 .debug_macro   0x00000942       0x12 C:\DAVE-3.1\eclipse\/../CMSIS/Lib/GCC\libarm_cortexM4lf_math.a(arm_fir_f32.o)
 .debug_macro   0x00000954       0x3b C:\DAVE-3.1\eclipse\/../CMSIS/Lib/GCC\libarm_cortexM4lf_math.a(arm_fir_f32.o)
 .debug_macro   0x0000098f       0x3a C:\DAVE-3.1\eclipse\/../CMSIS/Lib/GCC\libarm_cortexM4lf_math.a(arm_fir_f32.o)
 .debug_macro   0x000009c9       0x10 C:\DAVE-3.1\eclipse\/../CMSIS/Lib/GCC\libarm_cortexM4lf_math.a(arm_fir_f32.o)
 .debug_macro   0x000009d9       0x2e C:\DAVE-3.1\eclipse\/../CMSIS/Lib/GCC\libarm_cortexM4lf_math.a(arm_fir_f32.o)
 .debug_macro   0x00000a07       0xa3 C:\DAVE-3.1\eclipse\/../CMSIS/Lib/GCC\libarm_cortexM4lf_math.a(arm_fir_f32.o)
 .debug_macro   0x00000aaa      0x20e C:\DAVE-3.1\eclipse\/../CMSIS/Lib/GCC\libarm_cortexM4lf_math.a(arm_fir_f32.o)
 .debug_macro   0x00000cb8       0x2d C:\DAVE-3.1\eclipse\/../CMSIS/Lib/GCC\libarm_cortexM4lf_math.a(arm_fir_f32.o)
 .debug_macro   0x00000ce5       0x42 C:\DAVE-3.1\eclipse\/../CMSIS/Lib/GCC\libarm_cortexM4lf_math.a(arm_fir_f32.o)
 .debug_macro   0x00000d27       0x3a C:\DAVE-3.1\eclipse\/../CMSIS/Lib/GCC\libarm_cortexM4lf_math.a(arm_fir_f32.o)
 .debug_macro   0x00000d61       0x52 C:\DAVE-3.1\eclipse\/../CMSIS/Lib/GCC\libarm_cortexM4lf_math.a(arm_fir_f32.o)
 .debug_macro   0x00000db3       0x19 C:\DAVE-3.1\eclipse\/../CMSIS/Lib/GCC\libarm_cortexM4lf_math.a(arm_fir_f32.o)
 .debug_macro   0x00000dcc      0x16d C:\DAVE-3.1\eclipse\/../CMSIS/Lib/GCC\libarm_cortexM4lf_math.a(arm_fir_f32.o)
 .debug_macro   0x00000f39       0x89 C:\DAVE-3.1\eclipse\/../CMSIS/Lib/GCC\libarm_cortexM4lf_math.a(arm_fir_f32.o)
 .debug_macro   0x00000fc2       0x22 C:\DAVE-3.1\eclipse\/../CMSIS/Lib/GCC\libarm_cortexM4lf_math.a(arm_fir_f32.o)
 .debug_macro   0x00000fe4      0x1da C:\DAVE-3.1\eclipse\/../CMSIS/Lib/GCC\libarm_cortexM4lf_math.a(arm_fir_f32.o)
 .debug_macro   0x000011be       0xa5 C:\DAVE-3.1\eclipse\/../CMSIS/Lib/GCC\libarm_cortexM4lf_math.a(arm_fir_f32.o)
 .debug_macro   0x00001263      0x122 C:\DAVE-3.1\eclipse\/../CMSIS/Lib/GCC\libarm_cortexM4lf_math.a(arm_fir_init_f32.o)
