Archive member included because of file (symbol)

C:\DAVE-3.1\eclipse\/../CMSIS/Lib/GCC\libarm_cortexM4lf_math.a(arm_copy_f32.o)
                              arm_signal_converge_example_f32.o (arm_copy_f32)
C:\DAVE-3.1\eclipse\/../CMSIS/Lib/GCC\libarm_cortexM4lf_math.a(arm_min_f32.o)
                              arm_signal_converge_example_f32.o (arm_min_f32)
C:\DAVE-3.1\eclipse\/../CMSIS/Lib/GCC\libarm_cortexM4lf_math.a(arm_fir_f32.o)
                              arm_signal_converge_example_f32.o (arm_fir_f32)
C:\DAVE-3.1\eclipse\/../CMSIS/Lib/GCC\libarm_cortexM4lf_math.a(arm_fir_init_f32.o)
                              arm_signal_converge_example_f32.o (arm_fir_init_f32)
C:\DAVE-3.1\eclipse\/../CMSIS/Lib/GCC\libarm_cortexM4lf_math.a(arm_lms_norm_f32.o)
                              arm_signal_converge_example_f32.o (arm_lms_norm_f32)
C:\DAVE-3.1\eclipse\/../CMSIS/Lib/GCC\libarm_cortexM4lf_math.a(arm_lms_norm_init_f32.o)
                              arm_signal_converge_example_f32.o (arm_lms_norm_init_f32)
C:\DAVE-3.1\eclipse\/../CMSIS/Lib/GCC\libarm_cortexM4lf_math.a(arm_abs_f32.o)
                              arm_signal_converge_example_f32.o (arm_abs_f32)
C:\DAVE-3.1\eclipse\/../CMSIS/Lib/GCC\libarm_cortexM4lf_math.a(arm_scale_f32.o)
                              arm_signal_converge_example_f32.o (arm_scale_f32)
C:\DAVE-3.1\eclipse\/../CMSIS/Lib/GCC\libarm_cortexM4lf_math.a(arm_sub_f32.o)
                              arm_signal_converge_example_f32.o (arm_sub_f32)
c:/dave-3.1/arm-gcc/bin/../lib/gcc/arm-none-eabi/4.7.4/../../../../arm-none-eabi/lib/armv7e-m\libm.a(lib_a-w_log10.o)
                              Common/Source/math_helper.o (log10)
c:/dave-3.1/arm-gcc/bin/../lib/gcc/arm-none-eabi/4.7.4/../../../../arm-none-eabi/lib/armv7e-m\libm.a(lib_a-e_log10.o)
                              c:/dave-3.1/arm-gcc/bin/../lib/gcc/arm-none-eabi/4.7.4/../../../../arm-none-eabi/lib/armv7e-m\libm.a(lib_a-w_log10.o) (__ieee754_log10)
c:/dave-3.1/arm-gcc/bin/../lib/gcc/arm-none-eabi/4.7.4/../../../../arm-none-eabi/lib/armv7e-m\libm.a(lib_a-s_fpclassify.o)
                              c:/dave-3.1/arm-gcc/bin/../lib/gcc/arm-none-eabi/4.7.4/../../../../arm-none-eabi/lib/armv7e-m\libm.a(lib_a-w_log10.o) (__fpclassifyd)
c:/dave-3.1/arm-gcc/bin/../lib/gcc/arm-none-eabi/4.7.4/../../../../arm-none-eabi/lib/armv7e-m\libm.a(lib_a-s_lib_ver.o)
                              c:/dave-3.1/arm-gcc/bin/../lib/gcc/arm-none-eabi/4.7.4/../../../../arm-none-eabi/lib/armv7e-m\libm.a(lib_a-w_log10.o) (__fdlib_version)
c:/dave-3.1/arm-gcc/bin/../lib/gcc/arm-none-eabi/4.7.4/../../../../arm-none-eabi/lib/armv7e-m\libm.a(lib_a-s_matherr.o)
                              c:/dave-3.1/arm-gcc/bin/../lib/gcc/arm-none-eabi/4.7.4/../../../../arm-none-eabi/lib/armv7e-m\libm.a(lib_a-w_log10.o) (matherr)
c:/dave-3.1/arm-gcc/bin/../lib/gcc/arm-none-eabi/4.7.4/../../../../arm-none-eabi/lib/armv7e-m\libm.a(lib_a-s_nan.o)
                              c:/dave-3.1/arm-gcc/bin/../lib/gcc/arm-none-eabi/4.7.4/../../../../arm-none-eabi/lib/armv7e-m\libm.a(lib_a-w_log10.o) (nan)
c:/dave-3.1/arm-gcc/bin/../lib/gcc/arm-none-eabi/4.7.4/../../../../arm-none-eabi/lib/armv7e-m\libm.a(lib_a-e_log.o)
                              c:/dave-3.1/arm-gcc/bin/../lib/gcc/arm-none-eabi/4.7.4/../../../../arm-none-eabi/lib/armv7e-m\libm.a(lib_a-e_log10.o) (__ieee754_log)
c:/dave-3.1/arm-gcc/bin/../lib/gcc/arm-none-eabi/4.7.4/armv7e-m\libgcc.a(_arm_addsubdf3.o)
                              c:/dave-3.1/arm-gcc/bin/../lib/gcc/arm-none-eabi/4.7.4/../../../../arm-none-eabi/lib/armv7e-m\libm.a(lib_a-e_log10.o) (__aeabi_dsub)
c:/dave-3.1/arm-gcc/bin/../lib/gcc/arm-none-eabi/4.7.4/armv7e-m\libgcc.a(_arm_muldivdf3.o)
                              Common/Source/math_helper.o (__aeabi_dmul)
c:/dave-3.1/arm-gcc/bin/../lib/gcc/arm-none-eabi/4.7.4/armv7e-m\libgcc.a(_arm_cmpdf2.o)
                              c:/dave-3.1/arm-gcc/bin/../lib/gcc/arm-none-eabi/4.7.4/../../../../arm-none-eabi/lib/armv7e-m\libm.a(lib_a-w_log10.o) (__aeabi_dcmpeq)
c:/dave-3.1/arm-gcc/bin/../lib/gcc/arm-none-eabi/4.7.4/armv7e-m\libgcc.a(_arm_fixdfsi.o)
                              Common/Source/math_helper.o (__aeabi_d2iz)
c:/dave-3.1/arm-gcc/bin/../lib/gcc/arm-none-eabi/4.7.4/armv7e-m\libgcc.a(_arm_truncdfsf2.o)
                              Common/Source/math_helper.o (__aeabi_d2f)
c:/dave-3.1/arm-gcc/bin/../lib/gcc/arm-none-eabi/4.7.4/../../../../arm-none-eabi/lib/armv7e-m\libg.a(lib_a-errno.o)
                              c:/dave-3.1/arm-gcc/bin/../lib/gcc/arm-none-eabi/4.7.4/../../../../arm-none-eabi/lib/armv7e-m\libm.a(lib_a-w_log10.o) (__errno)
c:/dave-3.1/arm-gcc/bin/../lib/gcc/arm-none-eabi/4.7.4/../../../../arm-none-eabi/lib/armv7e-m\libg.a(lib_a-impure.o)
                              c:/dave-3.1/arm-gcc/bin/../lib/gcc/arm-none-eabi/4.7.4/../../../../arm-none-eabi/lib/armv7e-m\libg.a(lib_a-errno.o) (_impure_ptr)
[...]
Memory Configuration

Name             Origin             Length             Attributes
FLASH_1_cached   0x08000000         0x00100000         xr
FLASH_1_uncached 0x0c000000         0x00100000         xr
PSRAM_1          0x10000000         0x00010000         !xr
DSRAM_1_system   0x20000000         0x00010000         !xr
DSRAM_2_comm     0x30000000         0x00008000         !xr
*default*        0x00000000         0xffffffff

Linker script and memory map

LOAD arm_signal_converge_data.o
LOAD arm_signal_converge_example_f32.o
LOAD Startup/startup_XMC4500.o
LOAD Startup/system_XMC4500.o
LOAD Common/Source/math_helper.o
LOAD C:\DAVE-3.1\eclipse\/../CMSIS/Lib/GCC\libarm_cortexM4lf_math.a
LOAD c:/dave-3.1/arm-gcc/bin/../lib/gcc/arm-none-eabi/4.7.4/../../../../arm-none-eabi/lib/armv7e-m\libm.a
START GROUP
LOAD c:/dave-3.1/arm-gcc/bin/../lib/gcc/arm-none-eabi/4.7.4/armv7e-m\libgcc.a
LOAD c:/dave-3.1/arm-gcc/bin/../lib/gcc/arm-none-eabi/4.7.4/../../../../arm-none-eabi/lib/armv7e-m\libg.a
LOAD c:/dave-3.1/arm-gcc/bin/../lib/gcc/arm-none-eabi/4.7.4/../../../../arm-none-eabi/lib/armv7e-m\libc.a
END GROUP
START GROUP
LOAD C:\DAVE-3.1\eclipse\/../CMSIS/Infineon/Lib\libxmclibcstubs.a
END GROUP
                0x00000800                stack_size = 0x800

.text           0x08000000     0x429c load address 0x0c000000
                0x08000000                sText = .
 *(.Xmc4500.reset)
 .Xmc4500.reset
                0x08000000      0x21c Startup/startup_XMC4500.o
                0x08000000                __Xmc4500_interrupt_vector_cortex_m
                0x08000200                __Xmc4500_reset_cortex_m
 *(.Xmc4500.postreset)
 .Xmc4500.postreset
                0x0800021c       0xa8 Startup/startup_XMC4500.o
 *(.XmcStartup)
 .XmcStartup    0x080002c4        0x4 Startup/startup_XMC4500.o
                0x080002c4                SystemInit_DAVE3
 *(.text .text.* .gnu.linkonce.t.*)
 .text          0x080002c8        0x0 arm_signal_converge_data.o
 .text          0x080002c8        0x0 arm_signal_converge_example_f32.o
 .text.main     0x080002c8      0x1cc arm_signal_converge_example_f32.o
                0x080002c8                main
 .text          0x08000494      0x82c Startup/startup_XMC4500.o
                0x08000494                NMI_Handler
                0x08000496                NMI_Handler_Veneer
                0x080004a4                HardFault_Handler
                0x080004a6                HardFault_Handler_Veneer
                0x080004b4                MemManage_Handler
                0x080004b6                MemManage_Handler_Veneer
                0x080004c4                BusFault_Handler
                0x080004c6                BusFault_Handler_Veneer
                0x080004d4                UsageFault_Handler
                0x080004d6                UsageFault_Handler_Veneer
                0x080004e4                SVC_Handler
                0x080004e6                SVC_Handler_Veneer
                0x080004f4                DebugMon_Handler
                0x080004f6                DebugMon_Handler_Veneer
                0x08000504                PendSV_Handler
                0x08000506                PendSV_Handler_Veneer
                0x08000514                SysTick_Handler
                0x08000516                SysTick_Handler_Veneer
                0x08000524                SCU_0_IRQHandler
                0x08000526                SCU_0_IRQHandler_Veneer
                0x08000534                ERU0_0_IRQHandler
                0x08000536                ERU0_0_IRQHandler_Veneer
                0x08000544                ERU0_1_IRQHandler
                0x08000546                ERU0_1_IRQHandler_Veneer
                0x08000554                ERU0_2_IRQHandler
                0x08000556                ERU0_2_IRQHandler_Veneer
                0x08000564                ERU0_3_IRQHandler
                0x08000566                ERU0_3_IRQHandler_Veneer
                0x08000574                ERU1_0_IRQHandler
                0x08000576                ERU1_0_IRQHandler_Veneer
                0x08000584                ERU1_1_IRQHandler
                0x08000586                ERU1_1_IRQHandler_Veneer
                0x08000594                ERU1_2_IRQHandler
                0x08000596                ERU1_2_IRQHandler_Veneer
                0x080005a4                ERU1_3_IRQHandler
                0x080005a6                ERU1_3_IRQHandler_Veneer
                0x080005b4                PMU0_0_IRQHandler
                0x080005b6                PMU0_0_IRQHandler_Veneer
                0x080005c4                VADC0_C0_0_IRQHandler
                0x080005c6                VADC0_C0_0_IRQHandler_Veneer
                0x080005d4                VADC0_C0_1_IRQHandler
                0x080005d6                VADC0_C0_1_IRQHandler_Veneer
                0x080005e4                VADC0_C0_2_IRQHandler
                0x080005e6                VADC0_C0_2_IRQHandler_Veneer
                0x080005f4                VADC0_C0_3_IRQHandler
                0x080005f6                VADC0_C0_3_IRQHandler_Veneer
                0x08000604                VADC0_G0_0_IRQHandler
                0x08000606                VADC0_G0_0_IRQHandler_Veneer
                0x08000614                VADC0_G0_1_IRQHandler
                0x08000616                VADC0_G0_1_IRQHandler_Veneer
                0x08000624                VADC0_G0_2_IRQHandler
                0x08000626                VADC0_G0_2_IRQHandler_Veneer
                0x08000634                VADC0_G0_3_IRQHandler
                0x08000636                VADC0_G0_3_IRQHandler_Veneer
                0x08000644                VADC0_G1_0_IRQHandler
                0x08000646                VADC0_G1_0_IRQHandler_Veneer
                0x08000654                VADC0_G1_1_IRQHandler
                0x08000656                VADC0_G1_1_IRQHandler_Veneer
                0x08000664                VADC0_G1_2_IRQHandler
                0x08000666                VADC0_G1_2_IRQHandler_Veneer
                0x08000674                VADC0_G1_3_IRQHandler
                0x08000676                VADC0_G1_3_IRQHandler_Veneer
                0x08000684                VADC0_G2_0_IRQHandler
                0x08000686                VADC0_G2_0_IRQHandler_Veneer
                0x08000694                VADC0_G2_1_IRQHandler
                0x08000696                VADC0_G2_1_IRQHandler_Veneer
                0x080006a4                VADC0_G2_2_IRQHandler
                0x080006a6                VADC0_G2_2_IRQHandler_Veneer
                0x080006b4                VADC0_G2_3_IRQHandler
                0x080006b6                VADC0_G2_3_IRQHandler_Veneer
                0x080006c4                VADC0_G3_0_IRQHandler
                0x080006c6                VADC0_G3_0_IRQHandler_Veneer
                0x080006d4                VADC0_G3_1_IRQHandler
                0x080006d6                VADC0_G3_1_IRQHandler_Veneer
                0x080006e4                VADC0_G3_2_IRQHandler
                0x080006e6                VADC0_G3_2_IRQHandler_Veneer
                0x080006f4                VADC0_G3_3_IRQHandler
                0x080006f6                VADC0_G3_3_IRQHandler_Veneer
                0x08000704                DSD0_0_IRQHandler
                0x08000706                DSD0_0_IRQHandler_Veneer
                0x08000714                DSD0_1_IRQHandler
                0x08000716                DSD0_1_IRQHandler_Veneer
                0x08000724                DSD0_2_IRQHandler
                0x08000726                DSD0_2_IRQHandler_Veneer
                0x08000734                DSD0_3_IRQHandler
                0x08000736                DSD0_3_IRQHandler_Veneer
                0x08000744                DSD0_4_IRQHandler
                0x08000746                DSD0_4_IRQHandler_Veneer
                0x08000754                DSD0_5_IRQHandler
                0x08000756                DSD0_5_IRQHandler_Veneer
                0x08000764                DSD0_6_IRQHandler
                0x08000766                DSD0_6_IRQHandler_Veneer
                0x08000774                DSD0_7_IRQHandler
                0x08000776                DSD0_7_IRQHandler_Veneer
                0x08000784                DAC0_0_IRQHandler
                0x08000786                DAC0_0_IRQHandler_Veneer
                0x08000794                DAC0_1_IRQHandler
                0x08000796                DAC0_1_IRQHandler_Veneer
                0x080007a4                CCU40_0_IRQHandler
                0x080007a6                CCU40_0_IRQHandler_Veneer
                0x080007b4                CCU40_1_IRQHandler
                0x080007b6                CCU40_1_IRQHandler_Veneer
                0x080007c4                CCU40_2_IRQHandler
                0x080007c6                CCU40_2_IRQHandler_Veneer
                0x080007d4                CCU40_3_IRQHandler
                0x080007d6                CCU40_3_IRQHandler_Veneer
                0x080007e4                CCU41_0_IRQHandler
                0x080007e6                CCU41_0_IRQHandler_Veneer
                0x080007f2                CCU41_1_IRQHandler
                0x080007f4                CCU41_1_IRQHandler_Veneer
                0x08000800                CCU41_2_IRQHandler
                0x08000802                CCU41_2_IRQHandler_Veneer
                0x0800080e                CCU41_3_IRQHandler
                0x08000810                CCU41_3_IRQHandler_Veneer
                0x0800081c                CCU42_0_IRQHandler
                0x0800081e                CCU42_0_IRQHandler_Veneer
                0x0800082a                CCU42_1_IRQHandler
                0x0800082c                CCU42_1_IRQHandler_Veneer
                0x08000838                CCU42_2_IRQHandler
                0x0800083a                CCU42_2_IRQHandler_Veneer
                0x08000846                CCU42_3_IRQHandler
                0x08000848                CCU42_3_IRQHandler_Veneer
                0x08000854                CCU43_0_IRQHandler
                0x08000856                CCU43_0_IRQHandler_Veneer
                0x08000862                CCU43_1_IRQHandler
                0x08000864                CCU43_1_IRQHandler_Veneer
                0x08000870                CCU43_2_IRQHandler
                0x08000872                CCU43_2_IRQHandler_Veneer
                0x0800087e                CCU43_3_IRQHandler
                0x08000880                CCU43_3_IRQHandler_Veneer
                0x0800088c                CCU80_0_IRQHandler
                0x0800088e                CCU80_0_IRQHandler_Veneer
                0x0800089a                CCU80_1_IRQHandler
                0x0800089c                CCU80_1_IRQHandler_Veneer
                0x080008a8                CCU80_2_IRQHandler
                0x080008aa                CCU80_2_IRQHandler_Veneer
                0x080008b6                CCU80_3_IRQHandler
                0x080008b8                CCU80_3_IRQHandler_Veneer
                0x080008c4                CCU81_0_IRQHandler
                0x080008c6                CCU81_0_IRQHandler_Veneer
                0x080008d2                CCU81_1_IRQHandler
                0x080008d4                CCU81_1_IRQHandler_Veneer
                0x080008e0                CCU81_2_IRQHandler
                0x080008e2                CCU81_2_IRQHandler_Veneer
                0x080008ee                CCU81_3_IRQHandler
                0x080008f0                CCU81_3_IRQHandler_Veneer
                0x080008fc                POSIF0_0_IRQHandler
                0x080008fe                POSIF0_0_IRQHandler_Veneer
                0x0800090a                POSIF0_1_IRQHandler
                0x0800090c                POSIF0_1_IRQHandler_Veneer
                0x08000918                POSIF1_0_IRQHandler
                0x0800091a                POSIF1_0_IRQHandler_Veneer
                0x08000926                POSIF1_1_IRQHandler
                0x08000928                POSIF1_1_IRQHandler_Veneer
                0x08000934                CAN0_0_IRQHandler
                0x08000936                CAN0_0_IRQHandler_Veneer
                0x08000942                CAN0_1_IRQHandler
                0x08000944                CAN0_1_IRQHandler_Veneer
                0x08000950                CAN0_2_IRQHandler
                0x08000952                CAN0_2_IRQHandler_Veneer
                0x0800095e                CAN0_3_IRQHandler
                0x08000960                CAN0_3_IRQHandler_Veneer
                0x0800096c                CAN0_4_IRQHandler
                0x0800096e                CAN0_4_IRQHandler_Veneer
                0x0800097a                CAN0_5_IRQHandler
                0x0800097c                CAN0_5_IRQHandler_Veneer
                0x08000988                CAN0_6_IRQHandler
                0x0800098a                CAN0_6_IRQHandler_Veneer
                0x08000996                CAN0_7_IRQHandler
                0x08000998                CAN0_7_IRQHandler_Veneer
                0x080009a4                USIC0_0_IRQHandler
                0x080009a6                USIC0_0_IRQHandler_Veneer
                0x080009b2                USIC0_1_IRQHandler
                0x080009b4                USIC0_1_IRQHandler_Veneer
                0x080009c0                USIC0_2_IRQHandler
                0x080009c2                USIC0_2_IRQHandler_Veneer
                0x080009ce                USIC0_3_IRQHandler
                0x080009d0                USIC0_3_IRQHandler_Veneer
                0x080009dc                USIC0_4_IRQHandler
                0x080009de                USIC0_4_IRQHandler_Veneer
                0x080009ea                USIC0_5_IRQHandler
                0x080009ec                USIC0_5_IRQHandler_Veneer
                0x080009f8                USIC1_0_IRQHandler
                0x080009fa                USIC1_0_IRQHandler_Veneer
                0x08000a06                USIC1_1_IRQHandler
                0x08000a08                USIC1_1_IRQHandler_Veneer
                0x08000a14                USIC1_2_IRQHandler
                0x08000a16                USIC1_2_IRQHandler_Veneer
                0x08000a22                USIC1_3_IRQHandler
                0x08000a24                USIC1_3_IRQHandler_Veneer
                0x08000a30                USIC1_4_IRQHandler
                0x08000a32                USIC1_4_IRQHandler_Veneer
                0x08000a3e                USIC1_5_IRQHandler
                0x08000a40                USIC1_5_IRQHandler_Veneer
                0x08000a4c                USIC2_0_IRQHandler
                0x08000a4e                USIC2_0_IRQHandler_Veneer
                0x08000a5a                USIC2_1_IRQHandler
                0x08000a5c                USIC2_1_IRQHandler_Veneer
                0x08000a68                USIC2_2_IRQHandler
                0x08000a6a                USIC2_2_IRQHandler_Veneer
                0x08000a76                USIC2_3_IRQHandler
                0x08000a78                USIC2_3_IRQHandler_Veneer
                0x08000a84                USIC2_4_IRQHandler
                0x08000a86                USIC2_4_IRQHandler_Veneer
                0x08000a92                USIC2_5_IRQHandler
                0x08000a94                USIC2_5_IRQHandler_Veneer
                0x08000aa0                LEDTS0_0_IRQHandler
                0x08000aa2                LEDTS0_0_IRQHandler_Veneer
                0x08000aae                FCE0_0_IRQHandler
                0x08000ab0                FCE0_0_IRQHandler_Veneer
                0x08000abc                GPDMA0_0_IRQHandler
                0x08000abe                GPDMA0_0_IRQHandler_Veneer
                0x08000aca                SDMMC0_0_IRQHandler
                0x08000acc                SDMMC0_0_IRQHandler_Veneer
                0x08000ad8                USB0_0_IRQHandler
                0x08000ada                USB0_0_IRQHandler_Veneer
                0x08000ae6                ETH0_0_IRQHandler
                0x08000ae8                ETH0_0_IRQHandler_Veneer
                0x08000af4                GPDMA1_0_IRQHandler
                0x08000af6                GPDMA1_0_IRQHandler_Veneer
                0x08000b02                AllowPLLInitByStartup
 .text          0x08000cc0        0x0 Startup/system_XMC4500.o
 .text.SystemInit
                0x08000cc0       0x9c Startup/system_XMC4500.o
                0x08000cc0                SystemInit
 .text.SystemCoreClockUpdate
                0x08000d5c      0x148 Startup/system_XMC4500.o
                0x08000d5c                SystemCoreClockUpdate
 .text.SystemClockSetup
                0x08000ea4      0x4cc Startup/system_XMC4500.o
 .text          0x08001370        0x0 Common/Source/math_helper.o
 .text.arm_snr_f32
                0x08001370      0x16c Common/Source/math_helper.o
                0x08001370                arm_snr_f32
 .text.arm_provide_guard_bits_q15
                0x080014dc       0x50 Common/Source/math_helper.o
                0x080014dc                arm_provide_guard_bits_q15
 .text.arm_float_to_q12_20
                0x0800152c       0xec Common/Source/math_helper.o
                0x0800152c                arm_float_to_q12_20
 .text.arm_compare_fixed_q15
                0x08001618       0x74 Common/Source/math_helper.o
                0x08001618                arm_compare_fixed_q15
 .text.arm_compare_fixed_q31
                0x0800168c       0x70 Common/Source/math_helper.o
                0x0800168c                arm_compare_fixed_q31
 .text.arm_provide_guard_bits_q31
                0x080016fc       0x4c Common/Source/math_helper.o
                0x080016fc                arm_provide_guard_bits_q31
 .text.arm_provide_guard_bits_q7
                0x08001748       0x48 Common/Source/math_helper.o
                0x08001748                arm_provide_guard_bits_q7
 .text.arm_calc_guard_bits
                0x08001790       0x48 Common/Source/math_helper.o
                0x08001790                arm_calc_guard_bits
 .text.arm_apply_guard_bits
                0x080017d8       0x64 Common/Source/math_helper.o
                0x080017d8                arm_apply_guard_bits
 .text.arm_calc_2pow
                0x0800183c       0x3c Common/Source/math_helper.o
                0x0800183c                arm_calc_2pow
 .text.arm_float_to_q14
                0x08001878       0xf0 Common/Source/math_helper.o
                0x08001878                arm_float_to_q14
 .text.arm_float_to_q30
                0x08001968       0xe8 Common/Source/math_helper.o
                0x08001968                arm_float_to_q30
 .text.arm_float_to_q29
                0x08001a50       0xe8 Common/Source/math_helper.o
                0x08001a50                arm_float_to_q29
 .text.arm_float_to_q28
                0x08001b38       0xe8 Common/Source/math_helper.o
                0x08001b38                arm_float_to_q28
 .text.arm_clip_f32
                0x08001c20       0x8c Common/Source/math_helper.o
                0x08001c20                arm_clip_f32
 .text          0x08001cac        0x0 C:\DAVE-3.1\eclipse\/../CMSIS/Lib/GCC\libarm_cortexM4lf_math.a(arm_copy_f32.o)
 .text.arm_copy_f32
                0x08001cac       0xec C:\DAVE-3.1\eclipse\/../CMSIS/Lib/GCC\libarm_cortexM4lf_math.a(arm_copy_f32.o)
                0x08001cac                arm_copy_f32
 .text          0x08001d98        0x0 C:\DAVE-3.1\eclipse\/../CMSIS/Lib/GCC\libarm_cortexM4lf_math.a(arm_min_f32.o)
 .text.arm_min_f32
                0x08001d98      0x27c C:\DAVE-3.1\eclipse\/../CMSIS/Lib/GCC\libarm_cortexM4lf_math.a(arm_min_f32.o)
                0x08001d98                arm_min_f32
 .text          0x08002014        0x0 C:\DAVE-3.1\eclipse\/../CMSIS/Lib/GCC\libarm_cortexM4lf_math.a(arm_fir_f32.o)
 .text.arm_fir_f32
                0x08002014      0x514 C:\DAVE-3.1\eclipse\/../CMSIS/Lib/GCC\libarm_cortexM4lf_math.a(arm_fir_f32.o)
                0x08002014                arm_fir_f32
 .text          0x08002528        0x0 C:\DAVE-3.1\eclipse\/../CMSIS/Lib/GCC\libarm_cortexM4lf_math.a(arm_fir_init_f32.o)
 .text.arm_fir_init_f32
                0x08002528       0x24 C:\DAVE-3.1\eclipse\/../CMSIS/Lib/GCC\libarm_cortexM4lf_math.a(arm_fir_init_f32.o)
                0x08002528                arm_fir_init_f32
 .text          0x0800254c        0x0 C:\DAVE-3.1\eclipse\/../CMSIS/Lib/GCC\libarm_cortexM4lf_math.a(arm_lms_norm_f32.o)
 .text.arm_lms_norm_f32
                0x0800254c      0x4a0 C:\DAVE-3.1\eclipse\/../CMSIS/Lib/GCC\libarm_cortexM4lf_math.a(arm_lms_norm_f32.o)
                0x0800254c                arm_lms_norm_f32
 .text          0x080029ec        0x0 C:\DAVE-3.1\eclipse\/../CMSIS/Lib/GCC\libarm_cortexM4lf_math.a(arm_lms_norm_init_f32.o)
 .text.arm_lms_norm_init_f32
                0x080029ec       0x2c C:\DAVE-3.1\eclipse\/../CMSIS/Lib/GCC\libarm_cortexM4lf_math.a(arm_lms_norm_init_f32.o)
                0x080029ec                arm_lms_norm_init_f32
 .text          0x08002a18        0x0 C:\DAVE-3.1\eclipse\/../CMSIS/Lib/GCC\libarm_cortexM4lf_math.a(arm_abs_f32.o)
 .text.arm_abs_f32
                0x08002a18      0x158 C:\DAVE-3.1\eclipse\/../CMSIS/Lib/GCC\libarm_cortexM4lf_math.a(arm_abs_f32.o)
                0x08002a18                arm_abs_f32
 .text          0x08002b70        0x0 C:\DAVE-3.1\eclipse\/../CMSIS/Lib/GCC\libarm_cortexM4lf_math.a(arm_scale_f32.o)
 .text.arm_scale_f32
                0x08002b70      0x15c C:\DAVE-3.1\eclipse\/../CMSIS/Lib/GCC\libarm_cortexM4lf_math.a(arm_scale_f32.o)
                0x08002b70                arm_scale_f32
 .text          0x08002ccc        0x0 C:\DAVE-3.1\eclipse\/../CMSIS/Lib/GCC\libarm_cortexM4lf_math.a(arm_sub_f32.o)
 .text.arm_sub_f32
                0x08002ccc      0x1cc C:\DAVE-3.1\eclipse\/../CMSIS/Lib/GCC\libarm_cortexM4lf_math.a(arm_sub_f32.o)
                0x08002ccc                arm_sub_f32
 .text          0x08002e98        0x0 c:/dave-3.1/arm-gcc/bin/../lib/gcc/arm-none-eabi/4.7.4/../../../../arm-none-eabi/lib/armv7e-m\libm.a(lib_a-w_log10.o)
 .text.log10    0x08002e98       0xe4 c:/dave-3.1/arm-gcc/bin/../lib/gcc/arm-none-eabi/4.7.4/../../../../arm-none-eabi/lib/armv7e-m\libm.a(lib_a-w_log10.o)
                0x08002e98                log10
 .text          0x08002f7c        0x0 c:/dave-3.1/arm-gcc/bin/../lib/gcc/arm-none-eabi/4.7.4/../../../../arm-none-eabi/lib/armv7e-m\libm.a(lib_a-e_log10.o)
 *fill*         0x08002f7c        0x4 00
 .text.__ieee754_log10
                0x08002f80      0x128 c:/dave-3.1/arm-gcc/bin/../lib/gcc/arm-none-eabi/4.7.4/../../../../arm-none-eabi/lib/armv7e-m\libm.a(lib_a-e_log10.o)
                0x08002f80                __ieee754_log10
 .text          0x080030a8        0x0 c:/dave-3.1/arm-gcc/bin/../lib/gcc/arm-none-eabi/4.7.4/../../../../arm-none-eabi/lib/armv7e-m\libm.a(lib_a-s_fpclassify.o)
 .text.__fpclassifyd
                0x080030a8       0x68 c:/dave-3.1/arm-gcc/bin/../lib/gcc/arm-none-eabi/4.7.4/../../../../arm-none-eabi/lib/armv7e-m\libm.a(lib_a-s_fpclassify.o)
                0x080030a8                __fpclassifyd
 .text          0x08003110        0x0 c:/dave-3.1/arm-gcc/bin/../lib/gcc/arm-none-eabi/4.7.4/../../../../arm-none-eabi/lib/armv7e-m\libm.a(lib_a-s_lib_ver.o)
 .text          0x08003110        0x0 c:/dave-3.1/arm-gcc/bin/../lib/gcc/arm-none-eabi/4.7.4/../../../../arm-none-eabi/lib/armv7e-m\libm.a(lib_a-s_matherr.o)
 .text.matherr  0x08003110        0x4 c:/dave-3.1/arm-gcc/bin/../lib/gcc/arm-none-eabi/4.7.4/../../../../arm-none-eabi/lib/armv7e-m\libm.a(lib_a-s_matherr.o)
                0x08003110                matherr
 .text          0x08003114        0x0 c:/dave-3.1/arm-gcc/bin/../lib/gcc/arm-none-eabi/4.7.4/../../../../arm-none-eabi/lib/armv7e-m\libm.a(lib_a-s_nan.o)
 .text.nan      0x08003114        0xc c:/dave-3.1/arm-gcc/bin/../lib/gcc/arm-none-eabi/4.7.4/../../../../arm-none-eabi/lib/armv7e-m\libm.a(lib_a-s_nan.o)
                0x08003114                nan
 .text          0x08003120        0x0 c:/dave-3.1/arm-gcc/bin/../lib/gcc/arm-none-eabi/4.7.4/../../../../arm-none-eabi/lib/armv7e-m\libm.a(lib_a-e_log.o)
 .text.__ieee754_log
                0x08003120      0x3f8 c:/dave-3.1/arm-gcc/bin/../lib/gcc/arm-none-eabi/4.7.4/../../../../arm-none-eabi/lib/armv7e-m\libm.a(lib_a-e_log.o)
                0x08003120                __ieee754_log
 .text          0x08003518      0x370 c:/dave-3.1/arm-gcc/bin/../lib/gcc/arm-none-eabi/4.7.4/armv7e-m\libgcc.a(_arm_addsubdf3.o)
                0x08003518                __aeabi_drsub
                0x08003520                __aeabi_dsub
                0x08003520                __subdf3
                0x08003524                __aeabi_dadd
                0x08003524                __adddf3
                0x0800379c                __floatunsidf
                0x0800379c                __aeabi_ui2d
                0x080037bc                __floatsidf
                0x080037bc                __aeabi_i2d
                0x080037e0                __aeabi_f2d
                0x080037e0                __extendsfdf2
                0x0800381c                __floatundidf
                0x0800381c                __aeabi_ul2d
                0x0800382c                __floatdidf
                0x0800382c                __aeabi_l2d
 .text          0x08003888      0x424 c:/dave-3.1/arm-gcc/bin/../lib/gcc/arm-none-eabi/4.7.4/armv7e-m\libgcc.a(_arm_muldivdf3.o)
                0x08003888                __aeabi_dmul
                0x08003888                __muldf3
                0x08003adc                __divdf3
                0x08003adc                __aeabi_ddiv
 .text          0x08003cac      0x110 c:/dave-3.1/arm-gcc/bin/../lib/gcc/arm-none-eabi/4.7.4/armv7e-m\libgcc.a(_arm_cmpdf2.o)
                0x08003cac                __gtdf2
                0x08003cac                __gedf2
                0x08003cb4                __ltdf2
                0x08003cb4                __ledf2
                0x08003cbc                __nedf2
                0x08003cbc                __eqdf2
                0x08003cbc                __cmpdf2
                0x08003d38                __aeabi_cdrcmple
                0x08003d48                __aeabi_cdcmpeq
                0x08003d48                __aeabi_cdcmple
                0x08003d58                __aeabi_dcmpeq
                0x08003d6c                __aeabi_dcmplt
                0x08003d80                __aeabi_dcmple
                0x08003d94                __aeabi_dcmpge
                0x08003da8                __aeabi_dcmpgt
 .text          0x08003dbc       0x50 c:/dave-3.1/arm-gcc/bin/../lib/gcc/arm-none-eabi/4.7.4/armv7e-m\libgcc.a(_arm_fixdfsi.o)
                0x08003dbc                __aeabi_d2iz
                0x08003dbc                __fixdfsi
 .text          0x08003e0c       0xa0 c:/dave-3.1/arm-gcc/bin/../lib/gcc/arm-none-eabi/4.7.4/armv7e-m\libgcc.a(_arm_truncdfsf2.o)
                0x08003e0c                __truncdfsf2
                0x08003e0c                __aeabi_d2f
 .text          0x08003eac        0x0 c:/dave-3.1/arm-gcc/bin/../lib/gcc/arm-none-eabi/4.7.4/../../../../arm-none-eabi/lib/armv7e-m\libg.a(lib_a-errno.o)
 .text.__errno  0x08003eac        0xc c:/dave-3.1/arm-gcc/bin/../lib/gcc/arm-none-eabi/4.7.4/../../../../arm-none-eabi/lib/armv7e-m\libg.a(lib_a-errno.o)
                0x08003eac                __errno
 .text          0x08003eb8        0x0 c:/dave-3.1/arm-gcc/bin/../lib/gcc/arm-none-eabi/4.7.4/../../../../arm-none-eabi/lib/armv7e-m\libg.a(lib_a-impure.o)
 .text          0x08003eb8        0x0 c:/dave-3.1/arm-gcc/bin/../lib/gcc/arm-none-eabi/4.7.4/../../../../arm-none-eabi/lib/armv7e-m\libg.a(lib_a-init.o)
 .text.__libc_init_array
                0x08003eb8       0x94 c:/dave-3.1/arm-gcc/bin/../lib/gcc/arm-none-eabi/4.7.4/../../../../arm-none-eabi/lib/armv7e-m\libg.a(lib_a-init.o)
                0x08003eb8                __libc_init_array
 .text          0x08003f4c        0x0 c:/dave-3.1/arm-gcc/bin/../lib/gcc/arm-none-eabi/4.7.4/../../../../arm-none-eabi/lib/armv7e-m\libg.a(lib_a-memset.o)
 .text.memset   0x08003f4c      0x12c c:/dave-3.1/arm-gcc/bin/../lib/gcc/arm-none-eabi/4.7.4/../../../../arm-none-eabi/lib/armv7e-m\libg.a(lib_a-memset.o)
                0x08003f4c                memset
 .text          0x08004078        0x0 C:\DAVE-3.1\eclipse\/../CMSIS/Infineon/Lib\libxmclibcstubs.a(System_LibcStubs.o)
 .text._open    0x08004078       0x1c C:\DAVE-3.1\eclipse\/../CMSIS/Infineon/Lib\libxmclibcstubs.a(System_LibcStubs.o)
                0x08004078                _open
 .text._lseek   0x08004094       0x1c C:\DAVE-3.1\eclipse\/../CMSIS/Infineon/Lib\libxmclibcstubs.a(System_LibcStubs.o)
                0x08004094                _lseek
 .text._read    0x080040b0       0x1c C:\DAVE-3.1\eclipse\/../CMSIS/Infineon/Lib\libxmclibcstubs.a(System_LibcStubs.o)
                0x080040b0                _read
 .text._write   0x080040cc       0x1c C:\DAVE-3.1\eclipse\/../CMSIS/Infineon/Lib\libxmclibcstubs.a(System_LibcStubs.o)
                0x080040cc                _write
 .text._close   0x080040e8       0x10 C:\DAVE-3.1\eclipse\/../CMSIS/Infineon/Lib\libxmclibcstubs.a(System_LibcStubs.o)
                0x080040e8                _close
 .text._fstat   0x080040f8       0x28 C:\DAVE-3.1\eclipse\/../CMSIS/Infineon/Lib\libxmclibcstubs.a(System_LibcStubs.o)
                0x080040f8                _fstat
 .text._link    0x08004120       0x28 C:\DAVE-3.1\eclipse\/../CMSIS/Infineon/Lib\libxmclibcstubs.a(System_LibcStubs.o)
                0x08004120                _link
 .text._unlink  0x08004148       0x18 C:\DAVE-3.1\eclipse\/../CMSIS/Infineon/Lib\libxmclibcstubs.a(System_LibcStubs.o)
                0x08004148                _unlink
 .text._sbrk    0x08004160       0xa0 C:\DAVE-3.1\eclipse\/../CMSIS/Infineon/Lib\libxmclibcstubs.a(System_LibcStubs.o)
                0x08004160                _sbrk
 .text._times   0x08004200       0x18 C:\DAVE-3.1\eclipse\/../CMSIS/Infineon/Lib\libxmclibcstubs.a(System_LibcStubs.o)
                0x08004200                _times
 .text._wait    0x08004218       0x18 C:\DAVE-3.1\eclipse\/../CMSIS/Infineon/Lib\libxmclibcstubs.a(System_LibcStubs.o)
                0x08004218                _wait
 .text._kill    0x08004230       0x1c C:\DAVE-3.1\eclipse\/../CMSIS/Infineon/Lib\libxmclibcstubs.a(System_LibcStubs.o)
                0x08004230                _kill
 .text._fork    0x0800424c       0x10 C:\DAVE-3.1\eclipse\/../CMSIS/Infineon/Lib\libxmclibcstubs.a(System_LibcStubs.o)
                0x0800424c                _fork
 .text._getpid  0x0800425c       0x10 C:\DAVE-3.1\eclipse\/../CMSIS/Infineon/Lib\libxmclibcstubs.a(System_LibcStubs.o)
                0x0800425c                _getpid
 .text._exit    0x0800426c        0xc C:\DAVE-3.1\eclipse\/../CMSIS/Infineon/Lib\libxmclibcstubs.a(System_LibcStubs.o)
                0x0800426c                _exit
 .text._init    0x08004278        0xc C:\DAVE-3.1\eclipse\/../CMSIS/Infineon/Lib\libxmclibcstubs.a(System_LibcStubs.o)
                0x08004278                _init
 .text._isatty  0x08004284       0x18 C:\DAVE-3.1\eclipse\/../CMSIS/Infineon/Lib\libxmclibcstubs.a(System_LibcStubs.o)
                0x08004284                _isatty
 *(.glue*)
 .glue_7        0x00000000        0x0 linker stubs
 .glue_7t       0x00000000        0x0 linker stubs
 *(.v4*)
 .v4_bx         0x00000000        0x0 linker stubs
 *(.vfp11_veneer)
 .vfp11_veneer  0x00000000        0x0 linker stubs
 *(.init)
                0x0800429c                __preinit_array_start = .
 *(.preinit_array)
                0x0800429c                __preinit_array_end = .
                0x0800429c                __init_array_start = .
 *(SORT(.init_array.*))
 *(.init_array)
                0x0800429c                __init_array_end = .
 *crtbegin.o(.ctors)
 *(EXCLUDE_FILE(*crtend.o) .ctors)
 *(SORT(.ctors.*))
 *crtend.o(.ctors)
 *(.fini)
                0x0800429c                __fini_array_start = .
 *(.fini_array)
 *(SORT(.fini_array.*))
                0x0800429c                __fini_array_end = .
 *crtbegin.o(.dtors)
 *(EXCLUDE_FILE(*crtend.o) .dtors)
 *(SORT(.dtors.*))
 *crtend.o(.dtors)
                0x0800429c                __extab_start = .
 *(.ARM.extab* .gnu.linkonce.armextab.*)
 .ARM.extab.Xmc4500.reset
                0x0800429c        0x0 Startup/startup_XMC4500.o
 .ARM.extab.Xmc4500.postreset
                0x0800429c        0x0 Startup/startup_XMC4500.o
                0x0800429c                . = ALIGN (0x4)
                0x0800429c                __extab_end = ABSOLUTE (.)

.iplt           0x0800429c        0x0 load address 0x0c00429c
 .iplt          0x00000000        0x0 arm_signal_converge_data.o

.ARM.exidx      0x0800429c       0x10 load address 0x0c00429c
                0x0800429c                __exidx_start = .
 *(.ARM.exidx* .gnu.linkonce.armexidx.*)
 .ARM.exidx.Xmc4500.reset
                0x0800429c        0x8 Startup/startup_XMC4500.o
 .ARM.exidx.Xmc4500.postreset
                0x080042a4        0x8 Startup/startup_XMC4500.o
                0x080042ac                . = ALIGN (0x4)
                0x080042ac                __exidx_end = ABSOLUTE (.)

.rodata         0x080042ac       0x94 load address 0x0c0042ac
 *(.rodata .rodata.*)
 .rodata        0x080042ac       0x80 arm_signal_converge_data.o
                0x080042ac                FIRCoeff_f32
 .rodata.str1.4
                0x0800432c        0x9 c:/dave-3.1/arm-gcc/bin/../lib/gcc/arm-none-eabi/4.7.4/../../../../arm-none-eabi/lib/armv7e-m\libm.a(lib_a-w_log10.o)
                                  0xc (size before relaxing)
 *fill*         0x08004335        0x3 00
 .rodata.str1.4
                0x08004338        0x4 c:/dave-3.1/arm-gcc/bin/../lib/gcc/arm-none-eabi/4.7.4/../../../../arm-none-eabi/lib/armv7e-m\libg.a(lib_a-impure.o)
 .rodata._global_impure_ptr
                0x0800433c        0x4 c:/dave-3.1/arm-gcc/bin/../lib/gcc/arm-none-eabi/4.7.4/../../../../arm-none-eabi/lib/armv7e-m\libg.a(lib_a-impure.o)
                0x0800433c                _global_impure_ptr
 *(.gnu.linkonce.r*)

.rel.dyn        0x08004340        0x0 load address 0x0c004340
 .rel.iplt      0x00000000        0x0 arm_signal_converge_data.o
                0x08004340                . = ALIGN (0x10)
                0x0c004340                eROData = (. | 0x4000000)

Stack           0x20000000      0x800
                0x20000800                . = (. + stack_size)
 *fill*         0x20000000      0x800 00
                0x20000800                __Xmc4500_stack = .

Communication_Buffers
 *DMA_Descriptors.o(COMMON)

.bss            0x20000800     0x1c30
                0x20000800                __Xmc4500_sBSS = .
 *(.bss)
 .bss           0x20000800        0x0 arm_signal_converge_data.o
 .bss           0x20000800        0x0 arm_signal_converge_example_f32.o
 .bss           0x20000800        0x0 Startup/startup_XMC4500.o
 .bss           0x20000800        0x0 Startup/system_XMC4500.o
 .bss           0x20000800        0x0 Common/Source/math_helper.o
 .bss           0x20000800        0x0 C:\DAVE-3.1\eclipse\/../CMSIS/Lib/GCC\libarm_cortexM4lf_math.a(arm_copy_f32.o)
 .bss           0x20000800        0x0 C:\DAVE-3.1\eclipse\/../CMSIS/Lib/GCC\libarm_cortexM4lf_math.a(arm_min_f32.o)
 .bss           0x20000800        0x0 C:\DAVE-3.1\eclipse\/../CMSIS/Lib/GCC\libarm_cortexM4lf_math.a(arm_fir_f32.o)
 .bss           0x20000800        0x0 C:\DAVE-3.1\eclipse\/../CMSIS/Lib/GCC\libarm_cortexM4lf_math.a(arm_fir_init_f32.o)
 .bss           0x20000800        0x0 C:\DAVE-3.1\eclipse\/../CMSIS/Lib/GCC\libarm_cortexM4lf_math.a(arm_lms_norm_f32.o)
 .bss           0x20000800        0x0 C:\DAVE-3.1\eclipse\/../CMSIS/Lib/GCC\libarm_cortexM4lf_math.a(arm_lms_norm_init_f32.o)
 .bss           0x20000800        0x0 C:\DAVE-3.1\eclipse\/../CMSIS/Lib/GCC\libarm_cortexM4lf_math.a(arm_abs_f32.o)
 .bss           0x20000800        0x0 C:\DAVE-3.1\eclipse\/../CMSIS/Lib/GCC\libarm_cortexM4lf_math.a(arm_scale_f32.o)
 .bss           0x20000800        0x0 C:\DAVE-3.1\eclipse\/../CMSIS/Lib/GCC\libarm_cortexM4lf_math.a(arm_sub_f32.o)
 .bss           0x20000800        0x0 c:/dave-3.1/arm-gcc/bin/../lib/gcc/arm-none-eabi/4.7.4/../../../../arm-none-eabi/lib/armv7e-m\libm.a(lib_a-w_log10.o)
 .bss           0x20000800        0x0 c:/dave-3.1/arm-gcc/bin/../lib/gcc/arm-none-eabi/4.7.4/../../../../arm-none-eabi/lib/armv7e-m\libm.a(lib_a-e_log10.o)
 .bss           0x20000800        0x0 c:/dave-3.1/arm-gcc/bin/../lib/gcc/arm-none-eabi/4.7.4/../../../../arm-none-eabi/lib/armv7e-m\libm.a(lib_a-s_fpclassify.o)
 .bss           0x20000800        0x0 c:/dave-3.1/arm-gcc/bin/../lib/gcc/arm-none-eabi/4.7.4/../../../../arm-none-eabi/lib/armv7e-m\libm.a(lib_a-s_lib_ver.o)
 .bss           0x20000800        0x0 c:/dave-3.1/arm-gcc/bin/../lib/gcc/arm-none-eabi/4.7.4/../../../../arm-none-eabi/lib/armv7e-m\libm.a(lib_a-s_matherr.o)
 .bss           0x20000800        0x0 c:/dave-3.1/arm-gcc/bin/../lib/gcc/arm-none-eabi/4.7.4/../../../../arm-none-eabi/lib/armv7e-m\libm.a(lib_a-s_nan.o)
 .bss           0x20000800        0x0 c:/dave-3.1/arm-gcc/bin/../lib/gcc/arm-none-eabi/4.7.4/../../../../arm-none-eabi/lib/armv7e-m\libm.a(lib_a-e_log.o)
 .bss           0x20000800        0x0 c:/dave-3.1/arm-gcc/bin/../lib/gcc/arm-none-eabi/4.7.4/armv7e-m\libgcc.a(_arm_addsubdf3.o)
 .bss           0x20000800        0x0 c:/dave-3.1/arm-gcc/bin/../lib/gcc/arm-none-eabi/4.7.4/armv7e-m\libgcc.a(_arm_muldivdf3.o)
 .bss           0x20000800        0x0 c:/dave-3.1/arm-gcc/bin/../lib/gcc/arm-none-eabi/4.7.4/armv7e-m\libgcc.a(_arm_cmpdf2.o)
 .bss           0x20000800        0x0 c:/dave-3.1/arm-gcc/bin/../lib/gcc/arm-none-eabi/4.7.4/armv7e-m\libgcc.a(_arm_fixdfsi.o)
 .bss           0x20000800        0x0 c:/dave-3.1/arm-gcc/bin/../lib/gcc/arm-none-eabi/4.7.4/armv7e-m\libgcc.a(_arm_truncdfsf2.o)
 .bss           0x20000800        0x0 c:/dave-3.1/arm-gcc/bin/../lib/gcc/arm-none-eabi/4.7.4/../../../../arm-none-eabi/lib/armv7e-m\libg.a(lib_a-errno.o)
 .bss           0x20000800        0x0 c:/dave-3.1/arm-gcc/bin/../lib/gcc/arm-none-eabi/4.7.4/../../../../arm-none-eabi/lib/armv7e-m\libg.a(lib_a-impure.o)
 .bss           0x20000800        0x0 c:/dave-3.1/arm-gcc/bin/../lib/gcc/arm-none-eabi/4.7.4/../../../../arm-none-eabi/lib/armv7e-m\libg.a(lib_a-init.o)
 .bss           0x20000800        0x0 c:/dave-3.1/arm-gcc/bin/../lib/gcc/arm-none-eabi/4.7.4/../../../../arm-none-eabi/lib/armv7e-m\libg.a(lib_a-memset.o)
 .bss           0x20000800        0xc C:\DAVE-3.1\eclipse\/../CMSIS/Infineon/Lib\libxmclibcstubs.a(System_LibcStubs.o)
                0x20000800                __dso_handle
 *(.bss*)
 *(EXCLUDE_FILE(*DMA_Descriptors.o) COMMON)
 COMMON         0x2000080c     0x1c24 arm_signal_converge_example_f32.o
                0x2000080c                wire1
                0x2000088c                err_signal
                0x2000090c                lmsStateF32
                0x20000a0c                wire2
                0x20000a8c                firStateF32
                0x20000b8c                errOutput
                0x2000238c                LPF_instance
                0x20002398                lmsNorm_instance
                0x200023b0                wire3
 *(.gnu.linkonce.b*)
                0x20002430                __Xmc4500_eBSS = ALIGN (0x4)
                0x00001c30                __Xmc4500_BSS_Size = (__Xmc4500_eBSS - __Xmc4500_sBSS)

.data           0x20002430     0x1cb4 load address 0x0c004340
                0x20002430                __Xmc4500_sData = .
 *(.data)
 .data          0x20002430     0x1880 arm_signal_converge_data.o
                0x20002430                testInput_f32
                0x20003c30                lmsNormCoeff_f32
 .data          0x20003cb0        0x0 arm_signal_converge_example_f32.o
 .data          0x20003cb0        0x0 Startup/startup_XMC4500.o
 .data          0x20003cb0        0x4 Startup/system_XMC4500.o
                0x20003cb0                SystemCoreClock
 .data          0x20003cb4        0x0 Common/Source/math_helper.o
 .data          0x20003cb4        0x0 C:\DAVE-3.1\eclipse\/../CMSIS/Lib/GCC\libarm_cortexM4lf_math.a(arm_copy_f32.o)
 .data          0x20003cb4        0x0 C:\DAVE-3.1\eclipse\/../CMSIS/Lib/GCC\libarm_cortexM4lf_math.a(arm_min_f32.o)
 .data          0x20003cb4        0x0 C:\DAVE-3.1\eclipse\/../CMSIS/Lib/GCC\libarm_cortexM4lf_math.a(arm_fir_f32.o)
 .data          0x20003cb4        0x0 C:\DAVE-3.1\eclipse\/../CMSIS/Lib/GCC\libarm_cortexM4lf_math.a(arm_fir_init_f32.o)
 .data          0x20003cb4        0x0 C:\DAVE-3.1\eclipse\/../CMSIS/Lib/GCC\libarm_cortexM4lf_math.a(arm_lms_norm_f32.o)
 .data          0x20003cb4        0x0 C:\DAVE-3.1\eclipse\/../CMSIS/Lib/GCC\libarm_cortexM4lf_math.a(arm_lms_norm_init_f32.o)
 .data          0x20003cb4        0x0 C:\DAVE-3.1\eclipse\/../CMSIS/Lib/GCC\libarm_cortexM4lf_math.a(arm_abs_f32.o)
 .data          0x20003cb4        0x0 C:\DAVE-3.1\eclipse\/../CMSIS/Lib/GCC\libarm_cortexM4lf_math.a(arm_scale_f32.o)
 .data          0x20003cb4        0x0 C:\DAVE-3.1\eclipse\/../CMSIS/Lib/GCC\libarm_cortexM4lf_math.a(arm_sub_f32.o)
 .data          0x20003cb4        0x0 c:/dave-3.1/arm-gcc/bin/../lib/gcc/arm-none-eabi/4.7.4/../../../../arm-none-eabi/lib/armv7e-m\libm.a(lib_a-w_log10.o)
 .data          0x20003cb4        0x0 c:/dave-3.1/arm-gcc/bin/../lib/gcc/arm-none-eabi/4.7.4/../../../../arm-none-eabi/lib/armv7e-m\libm.a(lib_a-e_log10.o)
 .data          0x20003cb4        0x0 c:/dave-3.1/arm-gcc/bin/../lib/gcc/arm-none-eabi/4.7.4/../../../../arm-none-eabi/lib/armv7e-m\libm.a(lib_a-s_fpclassify.o)
 .data          0x20003cb4        0x0 c:/dave-3.1/arm-gcc/bin/../lib/gcc/arm-none-eabi/4.7.4/../../../../arm-none-eabi/lib/armv7e-m\libm.a(lib_a-s_lib_ver.o)
 .data          0x20003cb4        0x0 c:/dave-3.1/arm-gcc/bin/../lib/gcc/arm-none-eabi/4.7.4/../../../../arm-none-eabi/lib/armv7e-m\libm.a(lib_a-s_matherr.o)
 .data          0x20003cb4        0x0 c:/dave-3.1/arm-gcc/bin/../lib/gcc/arm-none-eabi/4.7.4/../../../../arm-none-eabi/lib/armv7e-m\libm.a(lib_a-s_nan.o)
 .data          0x20003cb4        0x0 c:/dave-3.1/arm-gcc/bin/../lib/gcc/arm-none-eabi/4.7.4/../../../../arm-none-eabi/lib/armv7e-m\libm.a(lib_a-e_log.o)
 .data          0x20003cb4        0x0 c:/dave-3.1/arm-gcc/bin/../lib/gcc/arm-none-eabi/4.7.4/armv7e-m\libgcc.a(_arm_addsubdf3.o)
 .data          0x20003cb4        0x0 c:/dave-3.1/arm-gcc/bin/../lib/gcc/arm-none-eabi/4.7.4/armv7e-m\libgcc.a(_arm_muldivdf3.o)
 .data          0x20003cb4        0x0 c:/dave-3.1/arm-gcc/bin/../lib/gcc/arm-none-eabi/4.7.4/armv7e-m\libgcc.a(_arm_cmpdf2.o)
 .data          0x20003cb4        0x0 c:/dave-3.1/arm-gcc/bin/../lib/gcc/arm-none-eabi/4.7.4/armv7e-m\libgcc.a(_arm_fixdfsi.o)
 .data          0x20003cb4        0x0 c:/dave-3.1/arm-gcc/bin/../lib/gcc/arm-none-eabi/4.7.4/armv7e-m\libgcc.a(_arm_truncdfsf2.o)
 .data          0x20003cb4        0x0 c:/dave-3.1/arm-gcc/bin/../lib/gcc/arm-none-eabi/4.7.4/../../../../arm-none-eabi/lib/armv7e-m\libg.a(lib_a-errno.o)
 .data          0x20003cb4        0x0 c:/dave-3.1/arm-gcc/bin/../lib/gcc/arm-none-eabi/4.7.4/../../../../arm-none-eabi/lib/armv7e-m\libg.a(lib_a-impure.o)
 .data          0x20003cb4        0x0 c:/dave-3.1/arm-gcc/bin/../lib/gcc/arm-none-eabi/4.7.4/../../../../arm-none-eabi/lib/armv7e-m\libg.a(lib_a-init.o)
 .data          0x20003cb4        0x0 c:/dave-3.1/arm-gcc/bin/../lib/gcc/arm-none-eabi/4.7.4/../../../../arm-none-eabi/lib/armv7e-m\libg.a(lib_a-memset.o)
 .data          0x20003cb4        0x0 C:\DAVE-3.1\eclipse\/../CMSIS/Infineon/Lib\libxmclibcstubs.a(System_LibcStubs.o)
 *(.data*)
 .data.__fdlib_version
                0x20003cb4        0x1 c:/dave-3.1/arm-gcc/bin/../lib/gcc/arm-none-eabi/4.7.4/../../../../arm-none-eabi/lib/armv7e-m\libm.a(lib_a-s_lib_ver.o)
                0x20003cb4                __fdlib_version
 *fill*         0x20003cb5        0x3 00
 .data.impure_data
                0x20003cb8      0x428 c:/dave-3.1/arm-gcc/bin/../lib/gcc/arm-none-eabi/4.7.4/../../../../arm-none-eabi/lib/armv7e-m\libg.a(lib_a-impure.o)
 .data._impure_ptr
                0x200040e0        0x4 c:/dave-3.1/arm-gcc/bin/../lib/gcc/arm-none-eabi/4.7.4/../../../../arm-none-eabi/lib/armv7e-m\libg.a(lib_a-impure.o)
                0x200040e0                _impure_ptr
 *(*.data)
 *(.gnu.linkonce.d*)
                0x200040e4                __Xmc4500_eData = ALIGN (0x4)
                0x00001cb4                __Xmc4500_Data_Size = (__Xmc4500_eData - __Xmc4500_sData)
                0x200040e8                __Xmc4500_heap_start = ALIGN (0x8)
                0x20010000                __Xmc4500_heap_end = (ORIGIN (DSRAM_1_system) + 0x10000)
                0x200040e8                Heap_Bank1_Start = __Xmc4500_heap_start
                0x0000bf18                Heap_Bank1_Size = (__Xmc4500_heap_end - __Xmc4500_heap_start)
                0x20010000                Heap_Bank1_End = ABSOLUTE (__Xmc4500_heap_end)

.igot.plt       0x200040e4        0x0 load address 0x0c005ff4
 .igot.plt      0x00000000        0x0 arm_signal_converge_data.o

DSRAM2_Heap     0x30000000        0x0
                0x30000000                Heap_Bank2_Start = .
                0x00008000                Heap_Bank2_Size = (0x8000 - (Heap_Bank2_Start - ORIGIN (DSRAM_2_comm)))

PSRAM_Heap      0x10000000        0x0
                0x10000000                Heap_Bank3_Start = .
                0x00010000                Heap_Bank3_Size = (0x10000 - (Heap_Bank3_Start - ORIGIN (PSRAM_1)))

/DISCARD/
 *(.comment)

.stab
 *(.stab)

.stabstr
 *(.stabstr)

.debug
 *(.debug)

.line
 *(.line)

.debug_srcinfo
 *(.debug_srcinfo)

.debug_sfnames
 *(.debug_sfnames)

.debug_aranges  0x00000000      0x2f0
 *(.debug_aranges)
 .debug_aranges
                0x00000000       0x18 arm_signal_converge_data.o
 .debug_aranges
                0x00000018       0x20 arm_signal_converge_example_f32.o
 .debug_aranges
                0x00000038       0x38 Startup/startup_XMC4500.o
 .debug_aranges
                0x00000070       0x30 Startup/system_XMC4500.o
 .debug_aranges
                0x000000a0       0x90 Common/Source/math_helper.o
 .debug_aranges
                0x00000130       0x20 C:\DAVE-3.1\eclipse\/../CMSIS/Lib/GCC\libarm_cortexM4lf_math.a(arm_copy_f32.o)
 .debug_aranges
                0x00000150       0x20 C:\DAVE-3.1\eclipse\/../CMSIS/Lib/GCC\libarm_cortexM4lf_math.a(arm_min_f32.o)
 .debug_aranges
                0x00000170       0x20 C:\DAVE-3.1\eclipse\/../CMSIS/Lib/GCC\libarm_cortexM4lf_math.a(arm_fir_f32.o)
 .debug_aranges
                0x00000190       0x20 C:\DAVE-3.1\eclipse\/../CMSIS/Lib/GCC\libarm_cortexM4lf_math.a(arm_fir_init_f32.o)
 .debug_aranges
                0x000001b0       0x20 C:\DAVE-3.1\eclipse\/../CMSIS/Lib/GCC\libarm_cortexM4lf_math.a(arm_lms_norm_f32.o)
 .debug_aranges
                0x000001d0       0x20 C:\DAVE-3.1\eclipse\/../CMSIS/Lib/GCC\libarm_cortexM4lf_math.a(arm_lms_norm_init_f32.o)
 .debug_aranges
                0x000001f0       0x20 C:\DAVE-3.1\eclipse\/../CMSIS/Lib/GCC\libarm_cortexM4lf_math.a(arm_abs_f32.o)
 .debug_aranges
                0x00000210       0x20 C:\DAVE-3.1\eclipse\/../CMSIS/Lib/GCC\libarm_cortexM4lf_math.a(arm_scale_f32.o)
 .debug_aranges
                0x00000230       0x20 C:\DAVE-3.1\eclipse\/../CMSIS/Lib/GCC\libarm_cortexM4lf_math.a(arm_sub_f32.o)
 .debug_aranges
                0x00000250       0xa0 C:\DAVE-3.1\eclipse\/../CMSIS/Infineon/Lib\libxmclibcstubs.a(System_LibcStubs.o)

.debug_pubnames
 *(.debug_pubnames)

.debug_pubtypes
 *(.debug_pubtypes)

.debug_info     0x00000000     0x2c57
 *(.debug_info .gnu.linkonce.wi.*)
 .debug_info    0x00000000       0xf4 arm_signal_converge_data.o
 .debug_info    0x000000f4      0x30f arm_signal_converge_example_f32.o
 .debug_info    0x00000403       0x89 Startup/startup_XMC4500.o
 .debug_info    0x0000048c      0xaf0 Startup/system_XMC4500.o
 .debug_info    0x00000f7c      0x679 Common/Source/math_helper.o
 .debug_info    0x000015f5      0x143 C:\DAVE-3.1\eclipse\/../CMSIS/Lib/GCC\libarm_cortexM4lf_math.a(arm_copy_f32.o)
 .debug_info    0x00001738      0x15f C:\DAVE-3.1\eclipse\/../CMSIS/Lib/GCC\libarm_cortexM4lf_math.a(arm_min_f32.o)
 .debug_info    0x00001897      0x349 C:\DAVE-3.1\eclipse\/../CMSIS/Lib/GCC\libarm_cortexM4lf_math.a(arm_fir_f32.o)
 .debug_info    0x00001be0      0x1a7 C:\DAVE-3.1\eclipse\/../CMSIS/Lib/GCC\libarm_cortexM4lf_math.a(arm_fir_init_f32.o)
 .debug_info    0x00001d87      0x287 C:\DAVE-3.1\eclipse\/../CMSIS/Lib/GCC\libarm_cortexM4lf_math.a(arm_lms_norm_f32.o)
 .debug_info    0x0000200e      0x1df C:\DAVE-3.1\eclipse\/../CMSIS/Lib/GCC\libarm_cortexM4lf_math.a(arm_lms_norm_init_f32.o)
 .debug_info    0x000021ed      0x143 C:\DAVE-3.1\eclipse\/../CMSIS/Lib/GCC\libarm_cortexM4lf_math.a(arm_abs_f32.o)
 .debug_info    0x00002330      0x152 C:\DAVE-3.1\eclipse\/../CMSIS/Lib/GCC\libarm_cortexM4lf_math.a(arm_scale_f32.o)
 .debug_info    0x00002482      0x18e C:\DAVE-3.1\eclipse\/../CMSIS/Lib/GCC\libarm_cortexM4lf_math.a(arm_sub_f32.o)
 .debug_info    0x00002610      0x647 C:\DAVE-3.1\eclipse\/../CMSIS/Infineon/Lib\libxmclibcstubs.a(System_LibcStubs.o)

.debug_abbrev   0x00000000      0xc72
 *(.debug_abbrev)
 .debug_abbrev  0x00000000       0x7a arm_signal_converge_data.o
 .debug_abbrev  0x0000007a      0x111 arm_signal_converge_example_f32.o
 .debug_abbrev  0x0000018b       0x12 Startup/startup_XMC4500.o
 .debug_abbrev  0x0000019d      0x154 Startup/system_XMC4500.o
 .debug_abbrev  0x000002f1      0x175 Common/Source/math_helper.o
 .debug_abbrev  0x00000466       0x97 C:\DAVE-3.1\eclipse\/../CMSIS/Lib/GCC\libarm_cortexM4lf_math.a(arm_copy_f32.o)
 .debug_abbrev  0x000004fd       0xb5 C:\DAVE-3.1\eclipse\/../CMSIS/Lib/GCC\libarm_cortexM4lf_math.a(arm_min_f32.o)
 .debug_abbrev  0x000005b2       0xda C:\DAVE-3.1\eclipse\/../CMSIS/Lib/GCC\libarm_cortexM4lf_math.a(arm_fir_f32.o)
 .debug_abbrev  0x0000068c       0xeb C:\DAVE-3.1\eclipse\/../CMSIS/Lib/GCC\libarm_cortexM4lf_math.a(arm_fir_init_f32.o)
 .debug_abbrev  0x00000777      0x100 C:\DAVE-3.1\eclipse\/../CMSIS/Lib/GCC\libarm_cortexM4lf_math.a(arm_lms_norm_f32.o)
 .debug_abbrev  0x00000877      0x109 C:\DAVE-3.1\eclipse\/../CMSIS/Lib/GCC\libarm_cortexM4lf_math.a(arm_lms_norm_init_f32.o)
 .debug_abbrev  0x00000980       0x97 C:\DAVE-3.1\eclipse\/../CMSIS/Lib/GCC\libarm_cortexM4lf_math.a(arm_abs_f32.o)
 .debug_abbrev  0x00000a17       0x97 C:\DAVE-3.1\eclipse\/../CMSIS/Lib/GCC\libarm_cortexM4lf_math.a(arm_scale_f32.o)
 .debug_abbrev  0x00000aae       0x88 C:\DAVE-3.1\eclipse\/../CMSIS/Lib/GCC\libarm_cortexM4lf_math.a(arm_sub_f32.o)
 .debug_abbrev  0x00000b36      0x13c C:\DAVE-3.1\eclipse\/../CMSIS/Infineon/Lib\libxmclibcstubs.a(System_LibcStubs.o)

.debug_line     0x00000000     0x364f
 *(.debug_line)
 .debug_line    0x00000000      0x2d0 arm_signal_converge_data.o
 .debug_line    0x000002d0      0x389 arm_signal_converge_example_f32.o
 .debug_line    0x00000659      0x1a4 Startup/startup_XMC4500.o
 .debug_line    0x000007fd      0x3a5 Startup/system_XMC4500.o
 .debug_line    0x00000ba2      0x5bd Common/Source/math_helper.o
 .debug_line    0x0000115f      0x34e C:\DAVE-3.1\eclipse\/../CMSIS/Lib/GCC\libarm_cortexM4lf_math.a(arm_copy_f32.o)
 .debug_line    0x000014ad      0x355 C:\DAVE-3.1\eclipse\/../CMSIS/Lib/GCC\libarm_cortexM4lf_math.a(arm_min_f32.o)
 .debug_line    0x00001802      0x503 C:\DAVE-3.1\eclipse\/../CMSIS/Lib/GCC\libarm_cortexM4lf_math.a(arm_fir_f32.o)
 .debug_line    0x00001d05      0x2ff C:\DAVE-3.1\eclipse\/../CMSIS/Lib/GCC\libarm_cortexM4lf_math.a(arm_fir_init_f32.o)
 .debug_line    0x00002004      0x484 C:\DAVE-3.1\eclipse\/../CMSIS/Lib/GCC\libarm_cortexM4lf_math.a(arm_lms_norm_f32.o)
 .debug_line    0x00002488      0x30c C:\DAVE-3.1\eclipse\/../CMSIS/Lib/GCC\libarm_cortexM4lf_math.a(arm_lms_norm_init_f32.o)
 .debug_line    0x00002794      0x364 C:\DAVE-3.1\eclipse\/../CMSIS/Lib/GCC\libarm_cortexM4lf_math.a(arm_abs_f32.o)
 .debug_line    0x00002af8      0x35f C:\DAVE-3.1\eclipse\/../CMSIS/Lib/GCC\libarm_cortexM4lf_math.a(arm_scale_f32.o)
 .debug_line    0x00002e57      0x36c C:\DAVE-3.1\eclipse\/../CMSIS/Lib/GCC\libarm_cortexM4lf_math.a(arm_sub_f32.o)
 .debug_line    0x000031c3      0x48c C:\DAVE-3.1\eclipse\/../CMSIS/Infineon/Lib\libxmclibcstubs.a(System_LibcStubs.o)

.debug_frame    0x00000000      0x7ec
 *(.debug_frame)
 .debug_frame   0x00000000       0x30 arm_signal_converge_example_f32.o
 .debug_frame   0x00000030       0x6c Startup/system_XMC4500.o
 .debug_frame   0x0000009c      0x1f0 Common/Source/math_helper.o
 .debug_frame   0x0000028c       0x38 C:\DAVE-3.1\eclipse\/../CMSIS/Lib/GCC\libarm_cortexM4lf_math.a(arm_copy_f32.o)
 .debug_frame   0x000002c4       0x38 C:\DAVE-3.1\eclipse\/../CMSIS/Lib/GCC\libarm_cortexM4lf_math.a(arm_min_f32.o)
 .debug_frame   0x000002fc       0x50 C:\DAVE-3.1\eclipse\/../CMSIS/Lib/GCC\libarm_cortexM4lf_math.a(arm_fir_f32.o)
 .debug_frame   0x0000034c       0x30 C:\DAVE-3.1\eclipse\/../CMSIS/Lib/GCC\libarm_cortexM4lf_math.a(arm_fir_init_f32.o)
 .debug_frame   0x0000037c       0x40 C:\DAVE-3.1\eclipse\/../CMSIS/Lib/GCC\libarm_cortexM4lf_math.a(arm_lms_norm_f32.o)
 .debug_frame   0x000003bc       0x30 C:\DAVE-3.1\eclipse\/../CMSIS/Lib/GCC\libarm_cortexM4lf_math.a(arm_lms_norm_init_f32.o)
 .debug_frame   0x000003ec       0x30 C:\DAVE-3.1\eclipse\/../CMSIS/Lib/GCC\libarm_cortexM4lf_math.a(arm_abs_f32.o)
 .debug_frame   0x0000041c       0x30 C:\DAVE-3.1\eclipse\/../CMSIS/Lib/GCC\libarm_cortexM4lf_math.a(arm_scale_f32.o)
 .debug_frame   0x0000044c       0x38 C:\DAVE-3.1\eclipse\/../CMSIS/Lib/GCC\libarm_cortexM4lf_math.a(arm_sub_f32.o)
 .debug_frame   0x00000484       0x34 c:/dave-3.1/arm-gcc/bin/../lib/gcc/arm-none-eabi/4.7.4/../../../../arm-none-eabi/lib/armv7e-m\libm.a(lib_a-w_log10.o)
 .debug_frame   0x000004b8       0x34 c:/dave-3.1/arm-gcc/bin/../lib/gcc/arm-none-eabi/4.7.4/../../../../arm-none-eabi/lib/armv7e-m\libm.a(lib_a-e_log10.o)
 .debug_frame   0x000004ec       0x20 c:/dave-3.1/arm-gcc/bin/../lib/gcc/arm-none-eabi/4.7.4/../../../../arm-none-eabi/lib/armv7e-m\libm.a(lib_a-s_fpclassify.o)
 .debug_frame   0x0000050c       0x20 c:/dave-3.1/arm-gcc/bin/../lib/gcc/arm-none-eabi/4.7.4/../../../../arm-none-eabi/lib/armv7e-m\libm.a(lib_a-s_matherr.o)
 .debug_frame   0x0000052c       0x20 c:/dave-3.1/arm-gcc/bin/../lib/gcc/arm-none-eabi/4.7.4/../../../../arm-none-eabi/lib/armv7e-m\libm.a(lib_a-s_nan.o)
 .debug_frame   0x0000054c       0x38 c:/dave-3.1/arm-gcc/bin/../lib/gcc/arm-none-eabi/4.7.4/../../../../arm-none-eabi/lib/armv7e-m\libm.a(lib_a-e_log.o)
 .debug_frame   0x00000584       0x20 c:/dave-3.1/arm-gcc/bin/../lib/gcc/arm-none-eabi/4.7.4/../../../../arm-none-eabi/lib/armv7e-m\libg.a(lib_a-errno.o)
 .debug_frame   0x000005a4       0x30 c:/dave-3.1/arm-gcc/bin/../lib/gcc/arm-none-eabi/4.7.4/../../../../arm-none-eabi/lib/armv7e-m\libg.a(lib_a-init.o)
 .debug_frame   0x000005d4       0x2c c:/dave-3.1/arm-gcc/bin/../lib/gcc/arm-none-eabi/4.7.4/../../../../arm-none-eabi/lib/armv7e-m\libg.a(lib_a-memset.o)
 .debug_frame   0x00000600      0x1ec C:\DAVE-3.1\eclipse\/../CMSIS/Infineon/Lib\libxmclibcstubs.a(System_LibcStubs.o)

.debug_str      0x00000000    0x930b9
 *(.debug_str)
 .debug_str     0x00000000     0x5e6b arm_signal_converge_data.o
                               0x5ff1 (size before relaxing)
 .debug_str     0x00005e6b      0x22c arm_signal_converge_example_f32.o
                               0x620e (size before relaxing)
 .debug_str     0x00006097    0x8c844 Startup/system_XMC4500.o
                              0x90488 (size before relaxing)
 .debug_str     0x000928db      0x1d3 Common/Source/math_helper.o
                               0x61b9 (size before relaxing)
 .debug_str     0x00092aae       0xc7 C:\DAVE-3.1\eclipse\/../CMSIS/Lib/GCC\libarm_cortexM4lf_math.a(arm_copy_f32.o)
                               0x601e (size before relaxing)
 .debug_str     0x00092b75       0x66 C:\DAVE-3.1\eclipse\/../CMSIS/Lib/GCC\libarm_cortexM4lf_math.a(arm_min_f32.o)
                               0x6048 (size before relaxing)
 .debug_str     0x00092bdb       0x72 C:\DAVE-3.1\eclipse\/../CMSIS/Lib/GCC\libarm_cortexM4lf_math.a(arm_fir_f32.o)
                               0x608e (size before relaxing)
 .debug_str     0x00092c4d       0x48 C:\DAVE-3.1\eclipse\/../CMSIS/Lib/GCC\libarm_cortexM4lf_math.a(arm_fir_init_f32.o)
                               0x6053 (size before relaxing)
 .debug_str     0x00092c95       0x46 C:\DAVE-3.1\eclipse\/../CMSIS/Lib/GCC\libarm_cortexM4lf_math.a(arm_lms_norm_f32.o)
                               0x6086 (size before relaxing)
 .debug_str     0x00092cdb       0x4b C:\DAVE-3.1\eclipse\/../CMSIS/Lib/GCC\libarm_cortexM4lf_math.a(arm_lms_norm_init_f32.o)
                               0x6069 (size before relaxing)
 .debug_str     0x00092d26       0x37 C:\DAVE-3.1\eclipse\/../CMSIS/Lib/GCC\libarm_cortexM4lf_math.a(arm_abs_f32.o)
                               0x601e (size before relaxing)
 .debug_str     0x00092d5d       0x41 C:\DAVE-3.1\eclipse\/../CMSIS/Lib/GCC\libarm_cortexM4lf_math.a(arm_scale_f32.o)
                               0x6028 (size before relaxing)
 .debug_str     0x00092d9e       0x6b C:\DAVE-3.1\eclipse\/../CMSIS/Lib/GCC\libarm_cortexM4lf_math.a(arm_sub_f32.o)
                               0x604d (size before relaxing)
 .debug_str     0x00092e09      0x2b0 C:\DAVE-3.1\eclipse\/../CMSIS/Infineon/Lib\libxmclibcstubs.a(System_LibcStubs.o)
                                0x362 (size before relaxing)

.debug_loc      0x00000000     0x2c97
 *(.debug_loc)
 .debug_loc     0x00000000       0x38 arm_signal_converge_example_f32.o
 .debug_loc     0x00000038       0xa8 Startup/system_XMC4500.o
 .debug_loc     0x000000e0      0x354 Common/Source/math_helper.o
 .debug_loc     0x00000434      0x19d C:\DAVE-3.1\eclipse\/../CMSIS/Lib/GCC\libarm_cortexM4lf_math.a(arm_copy_f32.o)
 .debug_loc     0x000005d1      0x3bb C:\DAVE-3.1\eclipse\/../CMSIS/Lib/GCC\libarm_cortexM4lf_math.a(arm_min_f32.o)
 .debug_loc     0x0000098c     0x121a C:\DAVE-3.1\eclipse\/../CMSIS/Lib/GCC\libarm_cortexM4lf_math.a(arm_fir_f32.o)
 .debug_loc     0x00001ba6       0xb6 C:\DAVE-3.1\eclipse\/../CMSIS/Lib/GCC\libarm_cortexM4lf_math.a(arm_fir_init_f32.o)
 .debug_loc     0x00001c5c      0x6be C:\DAVE-3.1\eclipse\/../CMSIS/Lib/GCC\libarm_cortexM4lf_math.a(arm_lms_norm_f32.o)
 .debug_loc     0x0000231a       0xb6 C:\DAVE-3.1\eclipse\/../CMSIS/Lib/GCC\libarm_cortexM4lf_math.a(arm_lms_norm_init_f32.o)
 .debug_loc     0x000023d0      0x191 C:\DAVE-3.1\eclipse\/../CMSIS/Lib/GCC\libarm_cortexM4lf_math.a(arm_abs_f32.o)
 .debug_loc     0x00002561      0x210 C:\DAVE-3.1\eclipse\/../CMSIS/Lib/GCC\libarm_cortexM4lf_math.a(arm_scale_f32.o)
 .debug_loc     0x00002771      0x19e C:\DAVE-3.1\eclipse\/../CMSIS/Lib/GCC\libarm_cortexM4lf_math.a(arm_sub_f32.o)
 .debug_loc     0x0000290f      0x388 C:\DAVE-3.1\eclipse\/../CMSIS/Infineon/Lib\libxmclibcstubs.a(System_LibcStubs.o)

.debug_macinfo  0x00000000     0x5ad0
 *(.debug_macinfo)
 .debug_macinfo
                0x00000000     0x5ad0 C:\DAVE-3.1\eclipse\/../CMSIS/Infineon/Lib\libxmclibcstubs.a(System_LibcStubs.o)

.debug_ranges   0x00000000      0x200
 *(.debug_ranges)
 .debug_ranges  0x00000000       0x10 arm_signal_converge_example_f32.o
 .debug_ranges  0x00000010       0x30 Startup/startup_XMC4500.o
 .debug_ranges  0x00000040       0x20 Startup/system_XMC4500.o
 .debug_ranges  0x00000060       0x80 Common/Source/math_helper.o
 .debug_ranges  0x000000e0       0x10 C:\DAVE-3.1\eclipse\/../CMSIS/Lib/GCC\libarm_cortexM4lf_math.a(arm_copy_f32.o)
 .debug_ranges  0x000000f0       0x10 C:\DAVE-3.1\eclipse\/../CMSIS/Lib/GCC\libarm_cortexM4lf_math.a(arm_min_f32.o)
 .debug_ranges  0x00000100       0x10 C:\DAVE-3.1\eclipse\/../CMSIS/Lib/GCC\libarm_cortexM4lf_math.a(arm_fir_f32.o)
 .debug_ranges  0x00000110       0x10 C:\DAVE-3.1\eclipse\/../CMSIS/Lib/GCC\libarm_cortexM4lf_math.a(arm_fir_init_f32.o)
 .debug_ranges  0x00000120       0x10 C:\DAVE-3.1\eclipse\/../CMSIS/Lib/GCC\libarm_cortexM4lf_math.a(arm_lms_norm_f32.o)
 .debug_ranges  0x00000130       0x10 C:\DAVE-3.1\eclipse\/../CMSIS/Lib/GCC\libarm_cortexM4lf_math.a(arm_lms_norm_init_f32.o)
 .debug_ranges  0x00000140       0x10 C:\DAVE-3.1\eclipse\/../CMSIS/Lib/GCC\libarm_cortexM4lf_math.a(arm_abs_f32.o)
 .debug_ranges  0x00000150       0x10 C:\DAVE-3.1\eclipse\/../CMSIS/Lib/GCC\libarm_cortexM4lf_math.a(arm_scale_f32.o)
 .debug_ranges  0x00000160       0x10 C:\DAVE-3.1\eclipse\/../CMSIS/Lib/GCC\libarm_cortexM4lf_math.a(arm_sub_f32.o)
 .debug_ranges  0x00000170       0x90 C:\DAVE-3.1\eclipse\/../CMSIS/Infineon/Lib\libxmclibcstubs.a(System_LibcStubs.o)

.debug_weaknames
 *(.debug_weaknames)

.debug_funcnames
 *(.debug_funcnames)

.debug_typenames
 *(.debug_typenames)

.debug_varnames
 *(.debug_varnames)

.build_attributes
                0x00000000      0x5d5
 *(.ARM.attributes)
 .ARM.attributes
                0x00000000       0x39 arm_signal_converge_data.o
 .ARM.attributes
                0x00000039       0x39 arm_signal_converge_example_f32.o
 .ARM.attributes
                0x00000072       0x27 Startup/startup_XMC4500.o
 .ARM.attributes
                0x00000099       0x39 Startup/system_XMC4500.o
 .ARM.attributes
                0x000000d2       0x39 Common/Source/math_helper.o
 .ARM.attributes
                0x0000010b       0x39 C:\DAVE-3.1\eclipse\/../CMSIS/Lib/GCC\libarm_cortexM4lf_math.a(arm_copy_f32.o)
 .ARM.attributes
                0x00000144       0x39 C:\DAVE-3.1\eclipse\/../CMSIS/Lib/GCC\libarm_cortexM4lf_math.a(arm_min_f32.o)
 .ARM.attributes
                0x0000017d       0x39 C:\DAVE-3.1\eclipse\/../CMSIS/Lib/GCC\libarm_cortexM4lf_math.a(arm_fir_f32.o)
 .ARM.attributes
                0x000001b6       0x39 C:\DAVE-3.1\eclipse\/../CMSIS/Lib/GCC\libarm_cortexM4lf_math.a(arm_fir_init_f32.o)
 .ARM.attributes
                0x000001ef       0x39 C:\DAVE-3.1\eclipse\/../CMSIS/Lib/GCC\libarm_cortexM4lf_math.a(arm_lms_norm_f32.o)
 .ARM.attributes
                0x00000228       0x39 C:\DAVE-3.1\eclipse\/../CMSIS/Lib/GCC\libarm_cortexM4lf_math.a(arm_lms_norm_init_f32.o)
 .ARM.attributes
                0x00000261       0x39 C:\DAVE-3.1\eclipse\/../CMSIS/Lib/GCC\libarm_cortexM4lf_math.a(arm_abs_f32.o)
 .ARM.attributes
                0x0000029a       0x39 C:\DAVE-3.1\eclipse\/../CMSIS/Lib/GCC\libarm_cortexM4lf_math.a(arm_scale_f32.o)
 .ARM.attributes
                0x000002d3       0x39 C:\DAVE-3.1\eclipse\/../CMSIS/Lib/GCC\libarm_cortexM4lf_math.a(arm_sub_f32.o)
 .ARM.attributes
                0x0000030c       0x2e c:/dave-3.1/arm-gcc/bin/../lib/gcc/arm-none-eabi/4.7.4/../../../../arm-none-eabi/lib/armv7e-m\libm.a(lib_a-w_log10.o)
 .ARM.attributes
                0x0000033a       0x2e c:/dave-3.1/arm-gcc/bin/../lib/gcc/arm-none-eabi/4.7.4/../../../../arm-none-eabi/lib/armv7e-m\libm.a(lib_a-e_log10.o)
 .ARM.attributes
                0x00000368       0x2e c:/dave-3.1/arm-gcc/bin/../lib/gcc/arm-none-eabi/4.7.4/../../../../arm-none-eabi/lib/armv7e-m\libm.a(lib_a-s_fpclassify.o)
 .ARM.attributes
                0x00000396       0x2e c:/dave-3.1/arm-gcc/bin/../lib/gcc/arm-none-eabi/4.7.4/../../../../arm-none-eabi/lib/armv7e-m\libm.a(lib_a-s_lib_ver.o)
 .ARM.attributes
                0x000003c4       0x2e c:/dave-3.1/arm-gcc/bin/../lib/gcc/arm-none-eabi/4.7.4/../../../../arm-none-eabi/lib/armv7e-m\libm.a(lib_a-s_matherr.o)
 .ARM.attributes
                0x000003f2       0x2e c:/dave-3.1/arm-gcc/bin/../lib/gcc/arm-none-eabi/4.7.4/../../../../arm-none-eabi/lib/armv7e-m\libm.a(lib_a-s_nan.o)
 .ARM.attributes
                0x00000420       0x2e c:/dave-3.1/arm-gcc/bin/../lib/gcc/arm-none-eabi/4.7.4/../../../../arm-none-eabi/lib/armv7e-m\libm.a(lib_a-e_log.o)
 .ARM.attributes
                0x0000044e       0x1e c:/dave-3.1/arm-gcc/bin/../lib/gcc/arm-none-eabi/4.7.4/armv7e-m\libgcc.a(_arm_addsubdf3.o)
 .ARM.attributes
                0x0000046c       0x1e c:/dave-3.1/arm-gcc/bin/../lib/gcc/arm-none-eabi/4.7.4/armv7e-m\libgcc.a(_arm_muldivdf3.o)
 .ARM.attributes
                0x0000048a       0x1e c:/dave-3.1/arm-gcc/bin/../lib/gcc/arm-none-eabi/4.7.4/armv7e-m\libgcc.a(_arm_cmpdf2.o)
 .ARM.attributes
                0x000004a8       0x1e c:/dave-3.1/arm-gcc/bin/../lib/gcc/arm-none-eabi/4.7.4/armv7e-m\libgcc.a(_arm_fixdfsi.o)
 .ARM.attributes
                0x000004c6       0x1e c:/dave-3.1/arm-gcc/bin/../lib/gcc/arm-none-eabi/4.7.4/armv7e-m\libgcc.a(_arm_truncdfsf2.o)
 .ARM.attributes
                0x000004e4       0x2e c:/dave-3.1/arm-gcc/bin/../lib/gcc/arm-none-eabi/4.7.4/../../../../arm-none-eabi/lib/armv7e-m\libg.a(lib_a-errno.o)
 .ARM.attributes
                0x00000512       0x2e c:/dave-3.1/arm-gcc/bin/../lib/gcc/arm-none-eabi/4.7.4/../../../../arm-none-eabi/lib/armv7e-m\libg.a(lib_a-impure.o)
 .ARM.attributes
                0x00000540       0x2e c:/dave-3.1/arm-gcc/bin/../lib/gcc/arm-none-eabi/4.7.4/../../../../arm-none-eabi/lib/armv7e-m\libg.a(lib_a-init.o)
 .ARM.attributes
                0x0000056e       0x2e c:/dave-3.1/arm-gcc/bin/../lib/gcc/arm-none-eabi/4.7.4/../../../../arm-none-eabi/lib/armv7e-m\libg.a(lib_a-memset.o)
 .ARM.attributes
                0x0000059c       0x39 C:\DAVE-3.1\eclipse\/../CMSIS/Infineon/Lib\libxmclibcstubs.a(System_LibcStubs.o)
OUTPUT(Signal_converge.elf elf32-littlearm)

.debug_macro    0x00000000    0x189bf
 .debug_macro   0x00000000      0x122 arm_signal_converge_data.o
 .debug_macro   0x00000122      0x814 arm_signal_converge_data.o
 .debug_macro   0x00000936       0x12 arm_signal_converge_data.o
 .debug_macro   0x00000948       0x3b arm_signal_converge_data.o
 .debug_macro   0x00000983       0x3a arm_signal_converge_data.o
 .debug_macro   0x000009bd       0x10 arm_signal_converge_data.o
 .debug_macro   0x000009cd       0x2e arm_signal_converge_data.o
 .debug_macro   0x000009fb       0xa3 arm_signal_converge_data.o
 .debug_macro   0x00000a9e      0x20e arm_signal_converge_data.o
 .debug_macro   0x00000cac       0x2d arm_signal_converge_data.o
 .debug_macro   0x00000cd9       0x42 arm_signal_converge_data.o
 .debug_macro   0x00000d1b       0x3a arm_signal_converge_data.o
 .debug_macro   0x00000d55       0x52 arm_signal_converge_data.o
 .debug_macro   0x00000da7       0x19 arm_signal_converge_data.o
 .debug_macro   0x00000dc0      0x16d arm_signal_converge_data.o
 .debug_macro   0x00000f2d       0x89 arm_signal_converge_data.o
 .debug_macro   0x00000fb6       0x22 arm_signal_converge_data.o
 .debug_macro   0x00000fd8      0x1da arm_signal_converge_data.o
 .debug_macro   0x000011b2       0xa5 arm_signal_converge_data.o
 .debug_macro   0x00001257      0x156 arm_signal_converge_example_f32.o
 .debug_macro   0x000013ad      0x17e Startup/system_XMC4500.o
 .debug_macro   0x0000152b       0x6a Startup/system_XMC4500.o
 .debug_macro   0x00001595       0x2d Startup/system_XMC4500.o
 .debug_macro   0x000015c2       0x3b Startup/system_XMC4500.o
 .debug_macro   0x000015fd      0xd39 Startup/system_XMC4500.o
 .debug_macro   0x00002336    0x150f5 Startup/system_XMC4500.o
 .debug_macro   0x0001742b      0x11e Common/Source/math_helper.o
 .debug_macro   0x00017549      0x214 Common/Source/math_helper.o
 .debug_macro   0x0001775d       0x10 Common/Source/math_helper.o
 .debug_macro   0x0001776d      0x122 C:\DAVE-3.1\eclipse\/../CMSIS/Lib/GCC\libarm_cortexM4lf_math.a(arm_copy_f32.o)
 .debug_macro   0x0001788f      0x820 C:\DAVE-3.1\eclipse\/../CMSIS/Lib/GCC\libarm_cortexM4lf_math.a(arm_copy_f32.o)
 .debug_macro   0x000180af      0x122 C:\DAVE-3.1\eclipse\/../CMSIS/Lib/GCC\libarm_cortexM4lf_math.a(arm_min_f32.o)
 .debug_macro   0x000181d1      0x122 C:\DAVE-3.1\eclipse\/../CMSIS/Lib/GCC\libarm_cortexM4lf_math.a(arm_fir_f32.o)
 .debug_macro   0x000182f3      0x122 C:\DAVE-3.1\eclipse\/../CMSIS/Lib/GCC\libarm_cortexM4lf_math.a(arm_fir_init_f32.o)
 .debug_macro   0x00018415      0x122 C:\DAVE-3.1\eclipse\/../CMSIS/Lib/GCC\libarm_cortexM4lf_math.a(arm_lms_norm_f32.o)
 .debug_macro   0x00018537      0x122 C:\DAVE-3.1\eclipse\/../CMSIS/Lib/GCC\libarm_cortexM4lf_math.a(arm_lms_norm_init_f32.o)
 .debug_macro   0x00018659      0x122 C:\DAVE-3.1\eclipse\/../CMSIS/Lib/GCC\libarm_cortexM4lf_math.a(arm_abs_f32.o)
 .debug_macro   0x0001877b      0x122 C:\DAVE-3.1\eclipse\/../CMSIS/Lib/GCC\libarm_cortexM4lf_math.a(arm_scale_f32.o)
 .debug_macro   0x0001889d      0x122 C:\DAVE-3.1\eclipse\/../CMSIS/Lib/GCC\libarm_cortexM4lf_math.a(arm_sub_f32.o)
