Archive member included because of file (symbol)

C:\DAVE-3.1\eclipse\/../CMSIS/Lib/GCC\libarm_cortexM4lf_math.a(arm_add_f32.o)
                              arm_dotproduct_example_f32.o (arm_add_f32)
C:\DAVE-3.1\eclipse\/../CMSIS/Lib/GCC\libarm_cortexM4lf_math.a(arm_mult_f32.o)
                              arm_dotproduct_example_f32.o (arm_mult_f32)
c:/dave-3.1/arm-gcc/bin/../lib/gcc/arm-none-eabi/4.7.4/../../../../arm-none-eabi/lib/armv7e-m\libg.a(lib_a-init.o)
                              Startup/startup_XMC4500.o (__libc_init_array)
C:\DAVE-3.1\eclipse\/../CMSIS/Infineon/Lib\libxmclibcstubs.a(System_LibcStubs.o)
                              c:/dave-3.1/arm-gcc/bin/../lib/gcc/arm-none-eabi/4.7.4/../../../../arm-none-eabi/lib/armv7e-m\libg.a(lib_a-init.o) (_init)

Allocating common symbols
Common symbol       size              file

multOutput          0x80              arm_dotproduct_example_f32.o
testOutput          0x4               arm_dotproduct_example_f32.o
status              0x1               arm_dotproduct_example_f32.o

Discarded input sections

 .group         0x00000000        0x8 arm_dotproduct_example_f32.o
 .group         0x00000000        0x8 arm_dotproduct_example_f32.o
 .group         0x00000000        0x8 arm_dotproduct_example_f32.o
 .group         0x00000000        0x8 arm_dotproduct_example_f32.o
 .group         0x00000000        0x8 arm_dotproduct_example_f32.o
 .group         0x00000000        0x8 arm_dotproduct_example_f32.o
 .group         0x00000000        0x8 arm_dotproduct_example_f32.o
 .group         0x00000000        0x8 arm_dotproduct_example_f32.o
 .group         0x00000000        0x8 arm_dotproduct_example_f32.o
 .group         0x00000000        0x8 arm_dotproduct_example_f32.o
 .group         0x00000000        0x8 arm_dotproduct_example_f32.o
 .group         0x00000000        0x8 arm_dotproduct_example_f32.o
 .group         0x00000000        0x8 arm_dotproduct_example_f32.o
 .group         0x00000000        0x8 arm_dotproduct_example_f32.o
 .group         0x00000000        0x8 arm_dotproduct_example_f32.o
 .group         0x00000000        0x8 arm_dotproduct_example_f32.o
 .group         0x00000000        0x8 arm_dotproduct_example_f32.o
 .group         0x00000000        0x8 arm_dotproduct_example_f32.o
 .group         0x00000000        0x8 arm_dotproduct_example_f32.o
 .comment       0x00000000       0x71 arm_dotproduct_example_f32.o
 .group         0x00000000        0x8 Startup/system_XMC4500.o
 .group         0x00000000        0x8 Startup/system_XMC4500.o
 .group         0x00000000        0x8 Startup/system_XMC4500.o
 .group         0x00000000        0x8 Startup/system_XMC4500.o
 .group         0x00000000        0x8 Startup/system_XMC4500.o
 .group         0x00000000        0x8 Startup/system_XMC4500.o
 .group         0x00000000        0x8 Startup/system_XMC4500.o
 .group         0x00000000        0x8 Startup/system_XMC4500.o
 .group         0x00000000        0x8 Startup/system_XMC4500.o
 .group         0x00000000        0x8 Startup/system_XMC4500.o
 .group         0x00000000        0x8 Startup/system_XMC4500.o
 .group         0x00000000        0x8 Startup/system_XMC4500.o
 .group         0x00000000        0x8 Startup/system_XMC4500.o
 .debug_macro   0x00000000      0x814 Startup/system_XMC4500.o
 .debug_macro   0x00000000       0x3a Startup/system_XMC4500.o
 .debug_macro   0x00000000       0x10 Startup/system_XMC4500.o
 .debug_macro   0x00000000       0x2e Startup/system_XMC4500.o
 .debug_macro   0x00000000       0xa3 Startup/system_XMC4500.o
 .debug_macro   0x00000000       0x2d Startup/system_XMC4500.o
 .debug_macro   0x00000000       0x42 Startup/system_XMC4500.o
 .comment       0x00000000       0x71 Startup/system_XMC4500.o
 .group         0x00000000        0x8 C:\DAVE-3.1\eclipse\/../CMSIS/Lib/GCC\libarm_cortexM4lf_math.a(arm_add_f32.o)
 .group         0x00000000        0x8 C:\DAVE-3.1\eclipse\/../CMSIS/Lib/GCC\libarm_cortexM4lf_math.a(arm_add_f32.o)
 .group         0x00000000        0x8 C:\DAVE-3.1\eclipse\/../CMSIS/Lib/GCC\libarm_cortexM4lf_math.a(arm_add_f32.o)
 .group         0x00000000        0x8 C:\DAVE-3.1\eclipse\/../CMSIS/Lib/GCC\libarm_cortexM4lf_math.a(arm_add_f32.o)
 .group         0x00000000        0x8 C:\DAVE-3.1\eclipse\/../CMSIS/Lib/GCC\libarm_cortexM4lf_math.a(arm_add_f32.o)
 .group         0x00000000        0x8 C:\DAVE-3.1\eclipse\/../CMSIS/Lib/GCC\libarm_cortexM4lf_math.a(arm_add_f32.o)
 .group         0x00000000        0x8 C:\DAVE-3.1\eclipse\/../CMSIS/Lib/GCC\libarm_cortexM4lf_math.a(arm_add_f32.o)
 .group         0x00000000        0x8 C:\DAVE-3.1\eclipse\/../CMSIS/Lib/GCC\libarm_cortexM4lf_math.a(arm_add_f32.o)
 .group         0x00000000        0x8 C:\DAVE-3.1\eclipse\/../CMSIS/Lib/GCC\libarm_cortexM4lf_math.a(arm_add_f32.o)
 .group         0x00000000        0x8 C:\DAVE-3.1\eclipse\/../CMSIS/Lib/GCC\libarm_cortexM4lf_math.a(arm_add_f32.o)
 .group         0x00000000        0x8 C:\DAVE-3.1\eclipse\/../CMSIS/Lib/GCC\libarm_cortexM4lf_math.a(arm_add_f32.o)
 .group         0x00000000        0x8 C:\DAVE-3.1\eclipse\/../CMSIS/Lib/GCC\libarm_cortexM4lf_math.a(arm_add_f32.o)
 .group         0x00000000        0x8 C:\DAVE-3.1\eclipse\/../CMSIS/Lib/GCC\libarm_cortexM4lf_math.a(arm_add_f32.o)
 .group         0x00000000        0x8 C:\DAVE-3.1\eclipse\/../CMSIS/Lib/GCC\libarm_cortexM4lf_math.a(arm_add_f32.o)
 .group         0x00000000        0x8 C:\DAVE-3.1\eclipse\/../CMSIS/Lib/GCC\libarm_cortexM4lf_math.a(arm_add_f32.o)
 .group         0x00000000        0x8 C:\DAVE-3.1\eclipse\/../CMSIS/Lib/GCC\libarm_cortexM4lf_math.a(arm_add_f32.o)
 .group         0x00000000        0x8 C:\DAVE-3.1\eclipse\/../CMSIS/Lib/GCC\libarm_cortexM4lf_math.a(arm_add_f32.o)
 .group         0x00000000        0x8 C:\DAVE-3.1\eclipse\/../CMSIS/Lib/GCC\libarm_cortexM4lf_math.a(arm_add_f32.o)
 .debug_macro   0x00000000       0x12 C:\DAVE-3.1\eclipse\/../CMSIS/Lib/GCC\libarm_cortexM4lf_math.a(arm_add_f32.o)
 .debug_macro   0x00000000       0x3b C:\DAVE-3.1\eclipse\/../CMSIS/Lib/GCC\libarm_cortexM4lf_math.a(arm_add_f32.o)
 .debug_macro   0x00000000       0x3a C:\DAVE-3.1\eclipse\/../CMSIS/Lib/GCC\libarm_cortexM4lf_math.a(arm_add_f32.o)
 .debug_macro   0x00000000       0x10 C:\DAVE-3.1\eclipse\/../CMSIS/Lib/GCC\libarm_cortexM4lf_math.a(arm_add_f32.o)
 .debug_macro   0x00000000       0x2e C:\DAVE-3.1\eclipse\/../CMSIS/Lib/GCC\libarm_cortexM4lf_math.a(arm_add_f32.o)
 .debug_macro   0x00000000       0xa3 C:\DAVE-3.1\eclipse\/../CMSIS/Lib/GCC\libarm_cortexM4lf_math.a(arm_add_f32.o)
 .debug_macro   0x00000000      0x20e C:\DAVE-3.1\eclipse\/../CMSIS/Lib/GCC\libarm_cortexM4lf_math.a(arm_add_f32.o)
 .debug_macro   0x00000000       0x2d C:\DAVE-3.1\eclipse\/../CMSIS/Lib/GCC\libarm_cortexM4lf_math.a(arm_add_f32.o)
 .debug_macro   0x00000000       0x42 C:\DAVE-3.1\eclipse\/../CMSIS/Lib/GCC\libarm_cortexM4lf_math.a(arm_add_f32.o)
 .debug_macro   0x00000000       0x3a C:\DAVE-3.1\eclipse\/../CMSIS/Lib/GCC\libarm_cortexM4lf_math.a(arm_add_f32.o)
 .debug_macro   0x00000000       0x52 C:\DAVE-3.1\eclipse\/../CMSIS/Lib/GCC\libarm_cortexM4lf_math.a(arm_add_f32.o)
 .debug_macro   0x00000000       0x19 C:\DAVE-3.1\eclipse\/../CMSIS/Lib/GCC\libarm_cortexM4lf_math.a(arm_add_f32.o)
 .debug_macro   0x00000000      0x16d C:\DAVE-3.1\eclipse\/../CMSIS/Lib/GCC\libarm_cortexM4lf_math.a(arm_add_f32.o)
 .debug_macro   0x00000000       0x89 C:\DAVE-3.1\eclipse\/../CMSIS/Lib/GCC\libarm_cortexM4lf_math.a(arm_add_f32.o)
 .debug_macro   0x00000000       0x22 C:\DAVE-3.1\eclipse\/../CMSIS/Lib/GCC\libarm_cortexM4lf_math.a(arm_add_f32.o)
 .debug_macro   0x00000000      0x1da C:\DAVE-3.1\eclipse\/../CMSIS/Lib/GCC\libarm_cortexM4lf_math.a(arm_add_f32.o)
 .debug_macro   0x00000000       0xa5 C:\DAVE-3.1\eclipse\/../CMSIS/Lib/GCC\libarm_cortexM4lf_math.a(arm_add_f32.o)
 .comment       0x00000000       0x71 C:\DAVE-3.1\eclipse\/../CMSIS/Lib/GCC\libarm_cortexM4lf_math.a(arm_add_f32.o)
 .group         0x00000000        0x8 C:\DAVE-3.1\eclipse\/../CMSIS/Lib/GCC\libarm_cortexM4lf_math.a(arm_mult_f32.o)
 .group         0x00000000        0x8 C:\DAVE-3.1\eclipse\/../CMSIS/Lib/GCC\libarm_cortexM4lf_math.a(arm_mult_f32.o)
 .group         0x00000000        0x8 C:\DAVE-3.1\eclipse\/../CMSIS/Lib/GCC\libarm_cortexM4lf_math.a(arm_mult_f32.o)
 .group         0x00000000        0x8 C:\DAVE-3.1\eclipse\/../CMSIS/Lib/GCC\libarm_cortexM4lf_math.a(arm_mult_f32.o)
 .group         0x00000000        0x8 C:\DAVE-3.1\eclipse\/../CMSIS/Lib/GCC\libarm_cortexM4lf_math.a(arm_mult_f32.o)
 .group         0x00000000        0x8 C:\DAVE-3.1\eclipse\/../CMSIS/Lib/GCC\libarm_cortexM4lf_math.a(arm_mult_f32.o)
 .group         0x00000000        0x8 C:\DAVE-3.1\eclipse\/../CMSIS/Lib/GCC\libarm_cortexM4lf_math.a(arm_mult_f32.o)
 .group         0x00000000        0x8 C:\DAVE-3.1\eclipse\/../CMSIS/Lib/GCC\libarm_cortexM4lf_math.a(arm_mult_f32.o)
 .group         0x00000000        0x8 C:\DAVE-3.1\eclipse\/../CMSIS/Lib/GCC\libarm_cortexM4lf_math.a(arm_mult_f32.o)
 .group         0x00000000        0x8 C:\DAVE-3.1\eclipse\/../CMSIS/Lib/GCC\libarm_cortexM4lf_math.a(arm_mult_f32.o)
 .group         0x00000000        0x8 C:\DAVE-3.1\eclipse\/../CMSIS/Lib/GCC\libarm_cortexM4lf_math.a(arm_mult_f32.o)
 .group         0x00000000        0x8 C:\DAVE-3.1\eclipse\/../CMSIS/Lib/GCC\libarm_cortexM4lf_math.a(arm_mult_f32.o)
 .group         0x00000000        0x8 C:\DAVE-3.1\eclipse\/../CMSIS/Lib/GCC\libarm_cortexM4lf_math.a(arm_mult_f32.o)
 .group         0x00000000        0x8 C:\DAVE-3.1\eclipse\/../CMSIS/Lib/GCC\libarm_cortexM4lf_math.a(arm_mult_f32.o)
 .group         0x00000000        0x8 C:\DAVE-3.1\eclipse\/../CMSIS/Lib/GCC\libarm_cortexM4lf_math.a(arm_mult_f32.o)
 .group         0x00000000        0x8 C:\DAVE-3.1\eclipse\/../CMSIS/Lib/GCC\libarm_cortexM4lf_math.a(arm_mult_f32.o)
 .group         0x00000000        0x8 C:\DAVE-3.1\eclipse\/../CMSIS/Lib/GCC\libarm_cortexM4lf_math.a(arm_mult_f32.o)
 .group         0x00000000        0x8 C:\DAVE-3.1\eclipse\/../CMSIS/Lib/GCC\libarm_cortexM4lf_math.a(arm_mult_f32.o)
 .debug_macro   0x00000000      0x820 C:\DAVE-3.1\eclipse\/../CMSIS/Lib/GCC\libarm_cortexM4lf_math.a(arm_mult_f32.o)
 .debug_macro   0x00000000       0x12 C:\DAVE-3.1\eclipse\/../CMSIS/Lib/GCC\libarm_cortexM4lf_math.a(arm_mult_f32.o)
 .debug_macro   0x00000000       0x3b C:\DAVE-3.1\eclipse\/../CMSIS/Lib/GCC\libarm_cortexM4lf_math.a(arm_mult_f32.o)
 .debug_macro   0x00000000       0x3a C:\DAVE-3.1\eclipse\/../CMSIS/Lib/GCC\libarm_cortexM4lf_math.a(arm_mult_f32.o)
 .debug_macro   0x00000000       0x10 C:\DAVE-3.1\eclipse\/../CMSIS/Lib/GCC\libarm_cortexM4lf_math.a(arm_mult_f32.o)
 .debug_macro   0x00000000       0x2e C:\DAVE-3.1\eclipse\/../CMSIS/Lib/GCC\libarm_cortexM4lf_math.a(arm_mult_f32.o)
 .debug_macro   0x00000000       0xa3 C:\DAVE-3.1\eclipse\/../CMSIS/Lib/GCC\libarm_cortexM4lf_math.a(arm_mult_f32.o)
 .debug_macro   0x00000000      0x20e C:\DAVE-3.1\eclipse\/../CMSIS/Lib/GCC\libarm_cortexM4lf_math.a(arm_mult_f32.o)
 .debug_macro   0x00000000       0x2d C:\DAVE-3.1\eclipse\/../CMSIS/Lib/GCC\libarm_cortexM4lf_math.a(arm_mult_f32.o)
 .debug_macro   0x00000000       0x42 C:\DAVE-3.1\eclipse\/../CMSIS/Lib/GCC\libarm_cortexM4lf_math.a(arm_mult_f32.o)
 .debug_macro   0x00000000       0x3a C:\DAVE-3.1\eclipse\/../CMSIS/Lib/GCC\libarm_cortexM4lf_math.a(arm_mult_f32.o)
 .debug_macro   0x00000000       0x52 C:\DAVE-3.1\eclipse\/../CMSIS/Lib/GCC\libarm_cortexM4lf_math.a(arm_mult_f32.o)
 .debug_macro   0x00000000       0x19 C:\DAVE-3.1\eclipse\/../CMSIS/Lib/GCC\libarm_cortexM4lf_math.a(arm_mult_f32.o)
 .debug_macro   0x00000000      0x16d C:\DAVE-3.1\eclipse\/../CMSIS/Lib/GCC\libarm_cortexM4lf_math.a(arm_mult_f32.o)
 .debug_macro   0x00000000       0x89 C:\DAVE-3.1\eclipse\/../CMSIS/Lib/GCC\libarm_cortexM4lf_math.a(arm_mult_f32.o)
 .debug_macro   0x00000000       0x22 C:\DAVE-3.1\eclipse\/../CMSIS/Lib/GCC\libarm_cortexM4lf_math.a(arm_mult_f32.o)
 .debug_macro   0x00000000      0x1da C:\DAVE-3.1\eclipse\/../CMSIS/Lib/GCC\libarm_cortexM4lf_math.a(arm_mult_f32.o)
 .debug_macro   0x00000000       0xa5 C:\DAVE-3.1\eclipse\/../CMSIS/Lib/GCC\libarm_cortexM4lf_math.a(arm_mult_f32.o)
 .comment       0x00000000       0x71 C:\DAVE-3.1\eclipse\/../CMSIS/Lib/GCC\libarm_cortexM4lf_math.a(arm_mult_f32.o)
 .comment       0x00000000       0x71 C:\DAVE-3.1\eclipse\/../CMSIS/Infineon/Lib\libxmclibcstubs.a(System_LibcStubs.o)

Memory Configuration

Name             Origin             Length             Attributes
FLASH_1_cached   0x08000000         0x00100000         xr
FLASH_1_uncached 0x0c000000         0x00100000         xr
PSRAM_1          0x10000000         0x00010000         !xr
DSRAM_1_system   0x20000000         0x00010000         !xr
DSRAM_2_comm     0x30000000         0x00008000         !xr
*default*        0x00000000         0xffffffff

Linker script and memory map

LOAD arm_dotproduct_example_f32.o
LOAD Startup/startup_XMC4500.o
LOAD Startup/system_XMC4500.o
LOAD C:\DAVE-3.1\eclipse\/../CMSIS/Lib/GCC\libarm_cortexM4lf_math.a
START GROUP
LOAD c:/dave-3.1/arm-gcc/bin/../lib/gcc/arm-none-eabi/4.7.4/armv7e-m\libgcc.a
LOAD c:/dave-3.1/arm-gcc/bin/../lib/gcc/arm-none-eabi/4.7.4/../../../../arm-none-eabi/lib/armv7e-m\libg.a
LOAD c:/dave-3.1/arm-gcc/bin/../lib/gcc/arm-none-eabi/4.7.4/../../../../arm-none-eabi/lib/armv7e-m\libc.a
END GROUP
START GROUP
LOAD C:\DAVE-3.1\eclipse\/../CMSIS/Infineon/Lib\libxmclibcstubs.a
END GROUP
                0x00000800                stack_size = 0x800

.text           0x08000000     0x18b4 load address 0x0c000000
                0x08000000                sText = .
 *(.Xmc4500.reset)
 .Xmc4500.reset
                0x08000000      0x21c Startup/startup_XMC4500.o
                0x08000000                __Xmc4500_interrupt_vector_cortex_m
                0x08000200                __Xmc4500_reset_cortex_m
 *(.Xmc4500.postreset)
 .Xmc4500.postreset
                0x0800021c       0xa8 Startup/startup_XMC4500.o
 *(.XmcStartup)
 .XmcStartup    0x080002c4        0x4 Startup/startup_XMC4500.o
                0x080002c4                SystemInit_DAVE3
 *(.text .text.* .gnu.linkonce.t.*)
 .text          0x080002c8        0x0 arm_dotproduct_example_f32.o
 .text.main     0x080002c8       0xc4 arm_dotproduct_example_f32.o
                0x080002c8                main
 .text          0x0800038c      0x82c Startup/startup_XMC4500.o
                0x0800038c                NMI_Handler
                0x0800038e                NMI_Handler_Veneer
                0x0800039c                HardFault_Handler
                0x0800039e                HardFault_Handler_Veneer
                0x080003ac                MemManage_Handler
                0x080003ae                MemManage_Handler_Veneer
                0x080003bc                BusFault_Handler
                0x080003be                BusFault_Handler_Veneer
                0x080003cc                UsageFault_Handler
                0x080003ce                UsageFault_Handler_Veneer
                0x080003dc                SVC_Handler
                0x080003de                SVC_Handler_Veneer
                0x080003ec                DebugMon_Handler
                0x080003ee                DebugMon_Handler_Veneer
                0x080003fc                PendSV_Handler
                0x080003fe                PendSV_Handler_Veneer
                0x0800040c                SysTick_Handler
                0x0800040e                SysTick_Handler_Veneer
                0x0800041c                SCU_0_IRQHandler
                0x0800041e                SCU_0_IRQHandler_Veneer
                0x0800042c                ERU0_0_IRQHandler
                0x0800042e                ERU0_0_IRQHandler_Veneer
                0x0800043c                ERU0_1_IRQHandler
                0x0800043e                ERU0_1_IRQHandler_Veneer
                0x0800044c                ERU0_2_IRQHandler
                0x0800044e                ERU0_2_IRQHandler_Veneer
                0x0800045c                ERU0_3_IRQHandler
                0x0800045e                ERU0_3_IRQHandler_Veneer
                0x0800046c                ERU1_0_IRQHandler
                0x0800046e                ERU1_0_IRQHandler_Veneer
                0x0800047c                ERU1_1_IRQHandler
                0x0800047e                ERU1_1_IRQHandler_Veneer
                0x0800048c                ERU1_2_IRQHandler
                0x0800048e                ERU1_2_IRQHandler_Veneer
                0x0800049c                ERU1_3_IRQHandler
                0x0800049e                ERU1_3_IRQHandler_Veneer
                0x080004ac                PMU0_0_IRQHandler
                0x080004ae                PMU0_0_IRQHandler_Veneer
                0x080004bc                VADC0_C0_0_IRQHandler
                0x080004be                VADC0_C0_0_IRQHandler_Veneer
                0x080004cc                VADC0_C0_1_IRQHandler
                0x080004ce                VADC0_C0_1_IRQHandler_Veneer
                0x080004dc                VADC0_C0_2_IRQHandler
                0x080004de                VADC0_C0_2_IRQHandler_Veneer
                0x080004ec                VADC0_C0_3_IRQHandler
                0x080004ee                VADC0_C0_3_IRQHandler_Veneer
                0x080004fc                VADC0_G0_0_IRQHandler
                0x080004fe                VADC0_G0_0_IRQHandler_Veneer
                0x0800050c                VADC0_G0_1_IRQHandler
                0x0800050e                VADC0_G0_1_IRQHandler_Veneer
                0x0800051c                VADC0_G0_2_IRQHandler
                0x0800051e                VADC0_G0_2_IRQHandler_Veneer
                0x0800052c                VADC0_G0_3_IRQHandler
                0x0800052e                VADC0_G0_3_IRQHandler_Veneer
                0x0800053c                VADC0_G1_0_IRQHandler
                0x0800053e                VADC0_G1_0_IRQHandler_Veneer
                0x0800054c                VADC0_G1_1_IRQHandler
                0x0800054e                VADC0_G1_1_IRQHandler_Veneer
                0x0800055c                VADC0_G1_2_IRQHandler
                0x0800055e                VADC0_G1_2_IRQHandler_Veneer
                0x0800056c                VADC0_G1_3_IRQHandler
                0x0800056e                VADC0_G1_3_IRQHandler_Veneer
                0x0800057c                VADC0_G2_0_IRQHandler
                0x0800057e                VADC0_G2_0_IRQHandler_Veneer
                0x0800058c                VADC0_G2_1_IRQHandler
                0x0800058e                VADC0_G2_1_IRQHandler_Veneer
                0x0800059c                VADC0_G2_2_IRQHandler
                0x0800059e                VADC0_G2_2_IRQHandler_Veneer
                0x080005ac                VADC0_G2_3_IRQHandler
                0x080005ae                VADC0_G2_3_IRQHandler_Veneer
                0x080005bc                VADC0_G3_0_IRQHandler
                0x080005be                VADC0_G3_0_IRQHandler_Veneer
                0x080005cc                VADC0_G3_1_IRQHandler
                0x080005ce                VADC0_G3_1_IRQHandler_Veneer
                0x080005dc                VADC0_G3_2_IRQHandler
                0x080005de                VADC0_G3_2_IRQHandler_Veneer
                0x080005ec                VADC0_G3_3_IRQHandler
                0x080005ee                VADC0_G3_3_IRQHandler_Veneer
                0x080005fc                DSD0_0_IRQHandler
                0x080005fe                DSD0_0_IRQHandler_Veneer
                0x0800060c                DSD0_1_IRQHandler
                0x0800060e                DSD0_1_IRQHandler_Veneer
                0x0800061c                DSD0_2_IRQHandler
                0x0800061e                DSD0_2_IRQHandler_Veneer
                0x0800062c                DSD0_3_IRQHandler
                0x0800062e                DSD0_3_IRQHandler_Veneer
                0x0800063c                DSD0_4_IRQHandler
                0x0800063e                DSD0_4_IRQHandler_Veneer
                0x0800064c                DSD0_5_IRQHandler
                0x0800064e                DSD0_5_IRQHandler_Veneer
                0x0800065c                DSD0_6_IRQHandler
                0x0800065e                DSD0_6_IRQHandler_Veneer
                0x0800066c                DSD0_7_IRQHandler
                0x0800066e                DSD0_7_IRQHandler_Veneer
                0x0800067c                DAC0_0_IRQHandler
                0x0800067e                DAC0_0_IRQHandler_Veneer
                0x0800068c                DAC0_1_IRQHandler
                0x0800068e                DAC0_1_IRQHandler_Veneer
                0x0800069c                CCU40_0_IRQHandler
                0x0800069e                CCU40_0_IRQHandler_Veneer
                0x080006ac                CCU40_1_IRQHandler
                0x080006ae                CCU40_1_IRQHandler_Veneer
                0x080006bc                CCU40_2_IRQHandler
                0x080006be                CCU40_2_IRQHandler_Veneer
                0x080006cc                CCU40_3_IRQHandler
                0x080006ce                CCU40_3_IRQHandler_Veneer
                0x080006dc                CCU41_0_IRQHandler
                0x080006de                CCU41_0_IRQHandler_Veneer
                0x080006ea                CCU41_1_IRQHandler
                0x080006ec                CCU41_1_IRQHandler_Veneer
                0x080006f8                CCU41_2_IRQHandler
                0x080006fa                CCU41_2_IRQHandler_Veneer
                0x08000706                CCU41_3_IRQHandler
                0x08000708                CCU41_3_IRQHandler_Veneer
                0x08000714                CCU42_0_IRQHandler
                0x08000716                CCU42_0_IRQHandler_Veneer
                0x08000722                CCU42_1_IRQHandler
                0x08000724                CCU42_1_IRQHandler_Veneer
                0x08000730                CCU42_2_IRQHandler
                0x08000732                CCU42_2_IRQHandler_Veneer
                0x0800073e                CCU42_3_IRQHandler
                0x08000740                CCU42_3_IRQHandler_Veneer
                0x0800074c                CCU43_0_IRQHandler
                0x0800074e                CCU43_0_IRQHandler_Veneer
                0x0800075a                CCU43_1_IRQHandler
                0x0800075c                CCU43_1_IRQHandler_Veneer
                0x08000768                CCU43_2_IRQHandler
                0x0800076a                CCU43_2_IRQHandler_Veneer
                0x08000776                CCU43_3_IRQHandler
                0x08000778                CCU43_3_IRQHandler_Veneer
                0x08000784                CCU80_0_IRQHandler
                0x08000786                CCU80_0_IRQHandler_Veneer
                0x08000792                CCU80_1_IRQHandler
                0x08000794                CCU80_1_IRQHandler_Veneer
                0x080007a0                CCU80_2_IRQHandler
                0x080007a2                CCU80_2_IRQHandler_Veneer
                0x080007ae                CCU80_3_IRQHandler
                0x080007b0                CCU80_3_IRQHandler_Veneer
                0x080007bc                CCU81_0_IRQHandler
                0x080007be                CCU81_0_IRQHandler_Veneer
                0x080007ca                CCU81_1_IRQHandler
                0x080007cc                CCU81_1_IRQHandler_Veneer
                0x080007d8                CCU81_2_IRQHandler
                0x080007da                CCU81_2_IRQHandler_Veneer
                0x080007e6                CCU81_3_IRQHandler
                0x080007e8                CCU81_3_IRQHandler_Veneer
                0x080007f4                POSIF0_0_IRQHandler
                0x080007f6                POSIF0_0_IRQHandler_Veneer
                0x08000802                POSIF0_1_IRQHandler
                0x08000804                POSIF0_1_IRQHandler_Veneer
                0x08000810                POSIF1_0_IRQHandler
                0x08000812                POSIF1_0_IRQHandler_Veneer
                0x0800081e                POSIF1_1_IRQHandler
                0x08000820                POSIF1_1_IRQHandler_Veneer
                0x0800082c                CAN0_0_IRQHandler
                0x0800082e                CAN0_0_IRQHandler_Veneer
                0x0800083a                CAN0_1_IRQHandler
                0x0800083c                CAN0_1_IRQHandler_Veneer
                0x08000848                CAN0_2_IRQHandler
                0x0800084a                CAN0_2_IRQHandler_Veneer
                0x08000856                CAN0_3_IRQHandler
                0x08000858                CAN0_3_IRQHandler_Veneer
                0x08000864                CAN0_4_IRQHandler
                0x08000866                CAN0_4_IRQHandler_Veneer
                0x08000872                CAN0_5_IRQHandler
                0x08000874                CAN0_5_IRQHandler_Veneer
                0x08000880                CAN0_6_IRQHandler
                0x08000882                CAN0_6_IRQHandler_Veneer
                0x0800088e                CAN0_7_IRQHandler
                0x08000890                CAN0_7_IRQHandler_Veneer
                0x0800089c                USIC0_0_IRQHandler
                0x0800089e                USIC0_0_IRQHandler_Veneer
                0x080008aa                USIC0_1_IRQHandler
                0x080008ac                USIC0_1_IRQHandler_Veneer
                0x080008b8                USIC0_2_IRQHandler
                0x080008ba                USIC0_2_IRQHandler_Veneer
                0x080008c6                USIC0_3_IRQHandler
                0x080008c8                USIC0_3_IRQHandler_Veneer
                0x080008d4                USIC0_4_IRQHandler
                0x080008d6                USIC0_4_IRQHandler_Veneer
                0x080008e2                USIC0_5_IRQHandler
                0x080008e4                USIC0_5_IRQHandler_Veneer
                0x080008f0                USIC1_0_IRQHandler
                0x080008f2                USIC1_0_IRQHandler_Veneer
                0x080008fe                USIC1_1_IRQHandler
                0x08000900                USIC1_1_IRQHandler_Veneer
                0x0800090c                USIC1_2_IRQHandler
                0x0800090e                USIC1_2_IRQHandler_Veneer
                0x0800091a                USIC1_3_IRQHandler
                0x0800091c                USIC1_3_IRQHandler_Veneer
                0x08000928                USIC1_4_IRQHandler
                0x0800092a                USIC1_4_IRQHandler_Veneer
                0x08000936                USIC1_5_IRQHandler
                0x08000938                USIC1_5_IRQHandler_Veneer
                0x08000944                USIC2_0_IRQHandler
                0x08000946                USIC2_0_IRQHandler_Veneer
                0x08000952                USIC2_1_IRQHandler
                0x08000954                USIC2_1_IRQHandler_Veneer
                0x08000960                USIC2_2_IRQHandler
                0x08000962                USIC2_2_IRQHandler_Veneer
                0x0800096e                USIC2_3_IRQHandler
                0x08000970                USIC2_3_IRQHandler_Veneer
                0x0800097c                USIC2_4_IRQHandler
                0x0800097e                USIC2_4_IRQHandler_Veneer
                0x0800098a                USIC2_5_IRQHandler
                0x0800098c                USIC2_5_IRQHandler_Veneer
                0x08000998                LEDTS0_0_IRQHandler
                0x0800099a                LEDTS0_0_IRQHandler_Veneer
                0x080009a6                FCE0_0_IRQHandler
                0x080009a8                FCE0_0_IRQHandler_Veneer
                0x080009b4                GPDMA0_0_IRQHandler
                0x080009b6                GPDMA0_0_IRQHandler_Veneer
                0x080009c2                SDMMC0_0_IRQHandler
                0x080009c4                SDMMC0_0_IRQHandler_Veneer
                0x080009d0                USB0_0_IRQHandler
                0x080009d2                USB0_0_IRQHandler_Veneer
                0x080009de                ETH0_0_IRQHandler
                0x080009e0                ETH0_0_IRQHandler_Veneer
                0x080009ec                GPDMA1_0_IRQHandler
                0x080009ee                GPDMA1_0_IRQHandler_Veneer
                0x080009fa                AllowPLLInitByStartup
 .text          0x08000bb8        0x0 Startup/system_XMC4500.o
 .text.SystemInit
                0x08000bb8       0x9c Startup/system_XMC4500.o
                0x08000bb8                SystemInit
 .text.SystemCoreClockUpdate
                0x08000c54      0x148 Startup/system_XMC4500.o
                0x08000c54                SystemCoreClockUpdate
 .text.SystemClockSetup
                0x08000d9c      0x4cc Startup/system_XMC4500.o
 .text          0x08001268        0x0 C:\DAVE-3.1\eclipse\/../CMSIS/Lib/GCC\libarm_cortexM4lf_math.a(arm_add_f32.o)
 .text.arm_add_f32
                0x08001268      0x1cc C:\DAVE-3.1\eclipse\/../CMSIS/Lib/GCC\libarm_cortexM4lf_math.a(arm_add_f32.o)
                0x08001268                arm_add_f32
 .text          0x08001434        0x0 C:\DAVE-3.1\eclipse\/../CMSIS/Lib/GCC\libarm_cortexM4lf_math.a(arm_mult_f32.o)
 .text.arm_mult_f32
                0x08001434      0x1c8 C:\DAVE-3.1\eclipse\/../CMSIS/Lib/GCC\libarm_cortexM4lf_math.a(arm_mult_f32.o)
                0x08001434                arm_mult_f32
 .text          0x080015fc        0x0 c:/dave-3.1/arm-gcc/bin/../lib/gcc/arm-none-eabi/4.7.4/../../../../arm-none-eabi/lib/armv7e-m\libg.a(lib_a-init.o)
 .text.__libc_init_array
                0x080015fc       0x94 c:/dave-3.1/arm-gcc/bin/../lib/gcc/arm-none-eabi/4.7.4/../../../../arm-none-eabi/lib/armv7e-m\libg.a(lib_a-init.o)
                0x080015fc                __libc_init_array
 .text          0x08001690        0x0 C:\DAVE-3.1\eclipse\/../CMSIS/Infineon/Lib\libxmclibcstubs.a(System_LibcStubs.o)
 .text._open    0x08001690       0x1c C:\DAVE-3.1\eclipse\/../CMSIS/Infineon/Lib\libxmclibcstubs.a(System_LibcStubs.o)
                0x08001690                _open
 .text._lseek   0x080016ac       0x1c C:\DAVE-3.1\eclipse\/../CMSIS/Infineon/Lib\libxmclibcstubs.a(System_LibcStubs.o)
                0x080016ac                _lseek
 .text._read    0x080016c8       0x1c C:\DAVE-3.1\eclipse\/../CMSIS/Infineon/Lib\libxmclibcstubs.a(System_LibcStubs.o)
                0x080016c8                _read
 .text._write   0x080016e4       0x1c C:\DAVE-3.1\eclipse\/../CMSIS/Infineon/Lib\libxmclibcstubs.a(System_LibcStubs.o)
                0x080016e4                _write
 .text._close   0x08001700       0x10 C:\DAVE-3.1\eclipse\/../CMSIS/Infineon/Lib\libxmclibcstubs.a(System_LibcStubs.o)
                0x08001700                _close
 .text._fstat   0x08001710       0x28 C:\DAVE-3.1\eclipse\/../CMSIS/Infineon/Lib\libxmclibcstubs.a(System_LibcStubs.o)
                0x08001710                _fstat
 .text._link    0x08001738       0x28 C:\DAVE-3.1\eclipse\/../CMSIS/Infineon/Lib\libxmclibcstubs.a(System_LibcStubs.o)
                0x08001738                _link
 .text._unlink  0x08001760       0x18 C:\DAVE-3.1\eclipse\/../CMSIS/Infineon/Lib\libxmclibcstubs.a(System_LibcStubs.o)
                0x08001760                _unlink
 .text._sbrk    0x08001778       0xa0 C:\DAVE-3.1\eclipse\/../CMSIS/Infineon/Lib\libxmclibcstubs.a(System_LibcStubs.o)
                0x08001778                _sbrk
 .text._times   0x08001818       0x18 C:\DAVE-3.1\eclipse\/../CMSIS/Infineon/Lib\libxmclibcstubs.a(System_LibcStubs.o)
                0x08001818                _times
 .text._wait    0x08001830       0x18 C:\DAVE-3.1\eclipse\/../CMSIS/Infineon/Lib\libxmclibcstubs.a(System_LibcStubs.o)
                0x08001830                _wait
 .text._kill    0x08001848       0x1c C:\DAVE-3.1\eclipse\/../CMSIS/Infineon/Lib\libxmclibcstubs.a(System_LibcStubs.o)
                0x08001848                _kill
 .text._fork    0x08001864       0x10 C:\DAVE-3.1\eclipse\/../CMSIS/Infineon/Lib\libxmclibcstubs.a(System_LibcStubs.o)
                0x08001864                _fork
 .text._getpid  0x08001874       0x10 C:\DAVE-3.1\eclipse\/../CMSIS/Infineon/Lib\libxmclibcstubs.a(System_LibcStubs.o)
                0x08001874                _getpid
 .text._exit    0x08001884        0xc C:\DAVE-3.1\eclipse\/../CMSIS/Infineon/Lib\libxmclibcstubs.a(System_LibcStubs.o)
                0x08001884                _exit
 .text._init    0x08001890        0xc C:\DAVE-3.1\eclipse\/../CMSIS/Infineon/Lib\libxmclibcstubs.a(System_LibcStubs.o)
                0x08001890                _init
 .text._isatty  0x0800189c       0x18 C:\DAVE-3.1\eclipse\/../CMSIS/Infineon/Lib\libxmclibcstubs.a(System_LibcStubs.o)
                0x0800189c                _isatty
 *(.glue*)
 .glue_7        0x00000000        0x0 linker stubs
 .glue_7t       0x00000000        0x0 linker stubs
 *(.v4*)
 .v4_bx         0x00000000        0x0 linker stubs
 *(.vfp11_veneer)
 .vfp11_veneer  0x00000000        0x0 linker stubs
 *(.init)
                0x080018b4                __preinit_array_start = .
 *(.preinit_array)
                0x080018b4                __preinit_array_end = .
                0x080018b4                __init_array_start = .
 *(SORT(.init_array.*))
 *(.init_array)
                0x080018b4                __init_array_end = .
 *crtbegin.o(.ctors)
 *(EXCLUDE_FILE(*crtend.o) .ctors)
 *(SORT(.ctors.*))
 *crtend.o(.ctors)
 *(.fini)
                0x080018b4                __fini_array_start = .
 *(.fini_array)
 *(SORT(.fini_array.*))
                0x080018b4                __fini_array_end = .
 *crtbegin.o(.dtors)
 *(EXCLUDE_FILE(*crtend.o) .dtors)
 *(SORT(.dtors.*))
 *crtend.o(.dtors)
                0x080018b4                __extab_start = .
 *(.ARM.extab* .gnu.linkonce.armextab.*)
 .ARM.extab.Xmc4500.reset
                0x080018b4        0x0 Startup/startup_XMC4500.o
 .ARM.extab.Xmc4500.postreset
                0x080018b4        0x0 Startup/startup_XMC4500.o
                0x080018b4                . = ALIGN (0x4)
                0x080018b4                __extab_end = ABSOLUTE (.)

.iplt           0x080018b4        0x0 load address 0x0c0018b4
 .iplt          0x00000000        0x0 arm_dotproduct_example_f32.o

.ARM.exidx      0x080018b4       0x10 load address 0x0c0018b4
                0x080018b4                __exidx_start = .
 *(.ARM.exidx* .gnu.linkonce.armexidx.*)
 .ARM.exidx.Xmc4500.reset
                0x080018b4        0x8 Startup/startup_XMC4500.o
 .ARM.exidx.Xmc4500.postreset
                0x080018bc        0x8 Startup/startup_XMC4500.o
                0x080018c4                . = ALIGN (0x4)
                0x080018c4                __exidx_end = ABSOLUTE (.)

.rel.dyn        0x080018c4        0x0 load address 0x0c0018c4
 .rel.iplt      0x00000000        0x0 arm_dotproduct_example_f32.o

.rodata
 *(.rodata .rodata.*)
 *(.gnu.linkonce.r*)
                0x080018d0                . = ALIGN (0x10)
                0x0c0018d0                eROData = (. | 0x4000000)

Stack           0x20000000      0x800
                0x20000800                . = (. + stack_size)
 *fill*         0x20000000      0x800 00
                0x20000800                __Xmc4500_stack = .

Communication_Buffers
 *DMA_Descriptors.o(COMMON)

.bss            0x20000800       0x91
                0x20000800                __Xmc4500_sBSS = .
 *(.bss)
 .bss           0x20000800        0x0 arm_dotproduct_example_f32.o
 .bss           0x20000800        0x0 Startup/startup_XMC4500.o
 .bss           0x20000800        0x0 Startup/system_XMC4500.o
 .bss           0x20000800        0x0 C:\DAVE-3.1\eclipse\/../CMSIS/Lib/GCC\libarm_cortexM4lf_math.a(arm_add_f32.o)
 .bss           0x20000800        0x0 C:\DAVE-3.1\eclipse\/../CMSIS/Lib/GCC\libarm_cortexM4lf_math.a(arm_mult_f32.o)
 .bss           0x20000800        0x0 c:/dave-3.1/arm-gcc/bin/../lib/gcc/arm-none-eabi/4.7.4/../../../../arm-none-eabi/lib/armv7e-m\libg.a(lib_a-init.o)
 .bss           0x20000800        0xc C:\DAVE-3.1\eclipse\/../CMSIS/Infineon/Lib\libxmclibcstubs.a(System_LibcStubs.o)
                0x20000800                __dso_handle
 *(.bss*)
 *(EXCLUDE_FILE(*DMA_Descriptors.o) COMMON)
 COMMON         0x2000080c       0x85 arm_dotproduct_example_f32.o
                0x2000080c                multOutput
                0x2000088c                testOutput
                0x20000890                status
 *(.gnu.linkonce.b*)
                0x20000894                __Xmc4500_eBSS = ALIGN (0x4)
                0x00000094                __Xmc4500_BSS_Size = (__Xmc4500_eBSS - __Xmc4500_sBSS)

.data           0x200008a0      0x108 load address 0x0c0018d0
                0x200008a0                __Xmc4500_sData = .
 *(.data)
 .data          0x200008a0      0x104 arm_dotproduct_example_f32.o
                0x200008a0                srcA_buf_f32
                0x20000920                srcB_buf_f32
                0x200009a0                refDotProdOut
 .data          0x200009a4        0x0 Startup/startup_XMC4500.o
 .data          0x200009a4        0x4 Startup/system_XMC4500.o
                0x200009a4                SystemCoreClock
 .data          0x200009a8        0x0 C:\DAVE-3.1\eclipse\/../CMSIS/Lib/GCC\libarm_cortexM4lf_math.a(arm_add_f32.o)
 .data          0x200009a8        0x0 C:\DAVE-3.1\eclipse\/../CMSIS/Lib/GCC\libarm_cortexM4lf_math.a(arm_mult_f32.o)
 .data          0x200009a8        0x0 c:/dave-3.1/arm-gcc/bin/../lib/gcc/arm-none-eabi/4.7.4/../../../../arm-none-eabi/lib/armv7e-m\libg.a(lib_a-init.o)
 .data          0x200009a8        0x0 C:\DAVE-3.1\eclipse\/../CMSIS/Infineon/Lib\libxmclibcstubs.a(System_LibcStubs.o)
 *(.data*)
 *(*.data)
 *(.gnu.linkonce.d*)
                0x200009a8                __Xmc4500_eData = ALIGN (0x4)
                0x00000108                __Xmc4500_Data_Size = (__Xmc4500_eData - __Xmc4500_sData)
                0x200009a8                __Xmc4500_heap_start = ALIGN (0x8)
                0x20010000                __Xmc4500_heap_end = (ORIGIN (DSRAM_1_system) + 0x10000)
                0x200009a8                Heap_Bank1_Start = __Xmc4500_heap_start
                0x0000f658                Heap_Bank1_Size = (__Xmc4500_heap_end - __Xmc4500_heap_start)
                0x20010000                Heap_Bank1_End = ABSOLUTE (__Xmc4500_heap_end)

.igot.plt       0x200009a8        0x0 load address 0x0c0019d8
 .igot.plt      0x00000000        0x0 arm_dotproduct_example_f32.o

DSRAM2_Heap     0x30000000        0x0
                0x30000000                Heap_Bank2_Start = .
                0x00008000                Heap_Bank2_Size = (0x8000 - (Heap_Bank2_Start - ORIGIN (DSRAM_2_comm)))

PSRAM_Heap      0x10000000        0x0
                0x10000000                Heap_Bank3_Start = .
                0x00010000                Heap_Bank3_Size = (0x10000 - (Heap_Bank3_Start - ORIGIN (PSRAM_1)))

/DISCARD/
 *(.comment)

.stab
 *(.stab)

.stabstr
 *(.stabstr)

.debug
 *(.debug)

.line
 *(.line)

.debug_srcinfo
 *(.debug_srcinfo)

.debug_sfnames
 *(.debug_sfnames)

.debug_aranges  0x00000000      0x168
 *(.debug_aranges)
 .debug_aranges
                0x00000000       0x20 arm_dotproduct_example_f32.o
 .debug_aranges
                0x00000020       0x38 Startup/startup_XMC4500.o
 .debug_aranges
                0x00000058       0x30 Startup/system_XMC4500.o
 .debug_aranges
                0x00000088       0x20 C:\DAVE-3.1\eclipse\/../CMSIS/Lib/GCC\libarm_cortexM4lf_math.a(arm_add_f32.o)
 .debug_aranges
                0x000000a8       0x20 C:\DAVE-3.1\eclipse\/../CMSIS/Lib/GCC\libarm_cortexM4lf_math.a(arm_mult_f32.o)
 .debug_aranges
                0x000000c8       0xa0 C:\DAVE-3.1\eclipse\/../CMSIS/Infineon/Lib\libxmclibcstubs.a(System_LibcStubs.o)

.debug_pubnames
 *(.debug_pubnames)

.debug_pubtypes
 *(.debug_pubtypes)

.debug_info     0x00000000     0x16ad
 *(.debug_info .gnu.linkonce.wi.*)
 .debug_info    0x00000000      0x1ae arm_dotproduct_example_f32.o
 .debug_info    0x000001ae       0x84 Startup/startup_XMC4500.o
 .debug_info    0x00000232      0xaf0 Startup/system_XMC4500.o
 .debug_info    0x00000d22      0x18e C:\DAVE-3.1\eclipse\/../CMSIS/Lib/GCC\libarm_cortexM4lf_math.a(arm_add_f32.o)
 .debug_info    0x00000eb0      0x1b6 C:\DAVE-3.1\eclipse\/../CMSIS/Lib/GCC\libarm_cortexM4lf_math.a(arm_mult_f32.o)
 .debug_info    0x00001066      0x647 C:\DAVE-3.1\eclipse\/../CMSIS/Infineon/Lib\libxmclibcstubs.a(System_LibcStubs.o)

.debug_abbrev   0x00000000      0x47b
 *(.debug_abbrev)
 .debug_abbrev  0x00000000       0xbc arm_dotproduct_example_f32.o
 .debug_abbrev  0x000000bc       0x12 Startup/startup_XMC4500.o
 .debug_abbrev  0x000000ce      0x154 Startup/system_XMC4500.o
 .debug_abbrev  0x00000222       0x88 C:\DAVE-3.1\eclipse\/../CMSIS/Lib/GCC\libarm_cortexM4lf_math.a(arm_add_f32.o)
 .debug_abbrev  0x000002aa       0x95 C:\DAVE-3.1\eclipse\/../CMSIS/Lib/GCC\libarm_cortexM4lf_math.a(arm_mult_f32.o)
 .debug_abbrev  0x0000033f      0x13c C:\DAVE-3.1\eclipse\/../CMSIS/Infineon/Lib\libxmclibcstubs.a(System_LibcStubs.o)

.debug_line     0x00000000     0x13ca
 *(.debug_line)
 .debug_line    0x00000000      0x305 arm_dotproduct_example_f32.o
 .debug_line    0x00000305      0x1a4 Startup/startup_XMC4500.o
 .debug_line    0x000004a9      0x3a5 Startup/system_XMC4500.o
 .debug_line    0x0000084e      0x369 C:\DAVE-3.1\eclipse\/../CMSIS/Lib/GCC\libarm_cortexM4lf_math.a(arm_add_f32.o)
 .debug_line    0x00000bb7      0x387 C:\DAVE-3.1\eclipse\/../CMSIS/Lib/GCC\libarm_cortexM4lf_math.a(arm_mult_f32.o)
 .debug_line    0x00000f3e      0x48c C:\DAVE-3.1\eclipse\/../CMSIS/Infineon/Lib\libxmclibcstubs.a(System_LibcStubs.o)

.debug_frame    0x00000000      0x328
 *(.debug_frame)
 .debug_frame   0x00000000       0x30 arm_dotproduct_example_f32.o
 .debug_frame   0x00000030       0x6c Startup/system_XMC4500.o
 .debug_frame   0x0000009c       0x38 C:\DAVE-3.1\eclipse\/../CMSIS/Lib/GCC\libarm_cortexM4lf_math.a(arm_add_f32.o)
 .debug_frame   0x000000d4       0x38 C:\DAVE-3.1\eclipse\/../CMSIS/Lib/GCC\libarm_cortexM4lf_math.a(arm_mult_f32.o)
 .debug_frame   0x0000010c       0x30 c:/dave-3.1/arm-gcc/bin/../lib/gcc/arm-none-eabi/4.7.4/../../../../arm-none-eabi/lib/armv7e-m\libg.a(lib_a-init.o)
 .debug_frame   0x0000013c      0x1ec C:\DAVE-3.1\eclipse\/../CMSIS/Infineon/Lib\libxmclibcstubs.a(System_LibcStubs.o)

.debug_str      0x00000000    0x92b8a
 *(.debug_str)
 .debug_str     0x00000000     0x5f49 arm_dotproduct_example_f32.o
                               0x60de (size before relaxing)
 .debug_str     0x00005f49    0x8c844 Startup/system_XMC4500.o
                              0x90483 (size before relaxing)
 .debug_str     0x0009278d      0x100 C:\DAVE-3.1\eclipse\/../CMSIS/Lib/GCC\libarm_cortexM4lf_math.a(arm_add_f32.o)
                               0x604d (size before relaxing)
 .debug_str     0x0009288d       0x4d C:\DAVE-3.1\eclipse\/../CMSIS/Lib/GCC\libarm_cortexM4lf_math.a(arm_mult_f32.o)
                               0x6063 (size before relaxing)
 .debug_str     0x000928da      0x2b0 C:\DAVE-3.1\eclipse\/../CMSIS/Infineon/Lib\libxmclibcstubs.a(System_LibcStubs.o)
                                0x362 (size before relaxing)

.debug_loc      0x00000000      0x7da
 *(.debug_loc)
 .debug_loc     0x00000000       0x38 arm_dotproduct_example_f32.o
 .debug_loc     0x00000038       0xa8 Startup/system_XMC4500.o
 .debug_loc     0x000000e0      0x19e C:\DAVE-3.1\eclipse\/../CMSIS/Lib/GCC\libarm_cortexM4lf_math.a(arm_add_f32.o)
 .debug_loc     0x0000027e      0x1d4 C:\DAVE-3.1\eclipse\/../CMSIS/Lib/GCC\libarm_cortexM4lf_math.a(arm_mult_f32.o)
 .debug_loc     0x00000452      0x388 C:\DAVE-3.1\eclipse\/../CMSIS/Infineon/Lib\libxmclibcstubs.a(System_LibcStubs.o)

.debug_macinfo  0x00000000     0x5ad0
 *(.debug_macinfo)
 .debug_macinfo
                0x00000000     0x5ad0 C:\DAVE-3.1\eclipse\/../CMSIS/Infineon/Lib\libxmclibcstubs.a(System_LibcStubs.o)

.debug_ranges   0x00000000      0x110
 *(.debug_ranges)
 .debug_ranges  0x00000000       0x10 arm_dotproduct_example_f32.o
 .debug_ranges  0x00000010       0x30 Startup/startup_XMC4500.o
 .debug_ranges  0x00000040       0x20 Startup/system_XMC4500.o
 .debug_ranges  0x00000060       0x10 C:\DAVE-3.1\eclipse\/../CMSIS/Lib/GCC\libarm_cortexM4lf_math.a(arm_add_f32.o)
 .debug_ranges  0x00000070       0x10 C:\DAVE-3.1\eclipse\/../CMSIS/Lib/GCC\libarm_cortexM4lf_math.a(arm_mult_f32.o)
 .debug_ranges  0x00000080       0x90 C:\DAVE-3.1\eclipse\/../CMSIS/Infineon/Lib\libxmclibcstubs.a(System_LibcStubs.o)

.debug_weaknames
 *(.debug_weaknames)

.debug_funcnames
 *(.debug_funcnames)

.debug_typenames
 *(.debug_typenames)

.debug_varnames
 *(.debug_varnames)

.build_attributes
                0x00000000      0x172
 *(.ARM.attributes)
 .ARM.attributes
                0x00000000       0x39 arm_dotproduct_example_f32.o
 .ARM.attributes
                0x00000039       0x27 Startup/startup_XMC4500.o
 .ARM.attributes
                0x00000060       0x39 Startup/system_XMC4500.o
 .ARM.attributes
                0x00000099       0x39 C:\DAVE-3.1\eclipse\/../CMSIS/Lib/GCC\libarm_cortexM4lf_math.a(arm_add_f32.o)
 .ARM.attributes
                0x000000d2       0x39 C:\DAVE-3.1\eclipse\/../CMSIS/Lib/GCC\libarm_cortexM4lf_math.a(arm_mult_f32.o)
 .ARM.attributes
                0x0000010b       0x2e c:/dave-3.1/arm-gcc/bin/../lib/gcc/arm-none-eabi/4.7.4/../../../../arm-none-eabi/lib/armv7e-m\libg.a(lib_a-init.o)
 .ARM.attributes
                0x00000139       0x39 C:\DAVE-3.1\eclipse\/../CMSIS/Infineon/Lib\libxmclibcstubs.a(System_LibcStubs.o)
OUTPUT(Dotproduct.elf elf32-littlearm)

.debug_macro    0x00000000    0x17f5b
 .debug_macro   0x00000000      0x120 arm_dotproduct_example_f32.o
 .debug_macro   0x00000120      0x814 arm_dotproduct_example_f32.o
 .debug_macro   0x00000934       0x3a arm_dotproduct_example_f32.o
 .debug_macro   0x0000096e       0x10 arm_dotproduct_example_f32.o
 .debug_macro   0x0000097e       0x2e arm_dotproduct_example_f32.o
 .debug_macro   0x000009ac       0xa3 arm_dotproduct_example_f32.o
 .debug_macro   0x00000a4f       0x3a arm_dotproduct_example_f32.o
 .debug_macro   0x00000a89       0x52 arm_dotproduct_example_f32.o
 .debug_macro   0x00000adb       0x19 arm_dotproduct_example_f32.o
 .debug_macro   0x00000af4      0x16d arm_dotproduct_example_f32.o
 .debug_macro   0x00000c61      0x1da arm_dotproduct_example_f32.o
 .debug_macro   0x00000e3b       0x12 arm_dotproduct_example_f32.o
 .debug_macro   0x00000e4d       0x3b arm_dotproduct_example_f32.o
 .debug_macro   0x00000e88      0x214 arm_dotproduct_example_f32.o
 .debug_macro   0x0000109c       0x2d arm_dotproduct_example_f32.o
 .debug_macro   0x000010c9       0x42 arm_dotproduct_example_f32.o
 .debug_macro   0x0000110b       0x10 arm_dotproduct_example_f32.o
 .debug_macro   0x0000111b       0x89 arm_dotproduct_example_f32.o
 .debug_macro   0x000011a4       0x22 arm_dotproduct_example_f32.o
 .debug_macro   0x000011c6       0xa5 arm_dotproduct_example_f32.o
 .debug_macro   0x0000126b      0x17e Startup/system_XMC4500.o
 .debug_macro   0x000013e9      0x20e Startup/system_XMC4500.o
 .debug_macro   0x000015f7       0x6a Startup/system_XMC4500.o
 .debug_macro   0x00001661       0x2d Startup/system_XMC4500.o
 .debug_macro   0x0000168e       0x3b Startup/system_XMC4500.o
 .debug_macro   0x000016c9      0xd39 Startup/system_XMC4500.o
 .debug_macro   0x00002402    0x150f5 Startup/system_XMC4500.o
 .debug_macro   0x000174f7      0x122 C:\DAVE-3.1\eclipse\/../CMSIS/Lib/GCC\libarm_cortexM4lf_math.a(arm_add_f32.o)
 .debug_macro   0x00017619      0x820 C:\DAVE-3.1\eclipse\/../CMSIS/Lib/GCC\libarm_cortexM4lf_math.a(arm_add_f32.o)
 .debug_macro   0x00017e39      0x122 C:\DAVE-3.1\eclipse\/../CMSIS/Lib/GCC\libarm_cortexM4lf_math.a(arm_mult_f32.o)
