Archive member included because of file (symbol)

C:\DAVE-3.1\eclipse\/../CMSIS/Lib/GCC\libarm_cortexM0l_math.a(arm_float_to_q31.o)
                              arm_graphic_equalizer_example_q31.o (arm_float_to_q31)
C:\DAVE-3.1\eclipse\/../CMSIS/Lib/GCC\libarm_cortexM0l_math.a(arm_q31_to_float.o)
                              arm_graphic_equalizer_example_q31.o (arm_q31_to_float)
C:\DAVE-3.1\eclipse\/../CMSIS/Lib/GCC\libarm_cortexM0l_math.a(arm_biquad_cascade_df1_32x64_init_q31.o)
                              arm_graphic_equalizer_example_q31.o (arm_biquad_cas_df1_32x64_init_q31)
C:\DAVE-3.1\eclipse\/../CMSIS/Lib/GCC\libarm_cortexM0l_math.a(arm_biquad_cascade_df1_32x64_q31.o)
                              arm_graphic_equalizer_example_q31.o (arm_biquad_cas_df1_32x64_q31)
C:\DAVE-3.1\eclipse\/../CMSIS/Lib/GCC\libarm_cortexM0l_math.a(arm_biquad_cascade_df1_init_q31.o)
                              arm_graphic_equalizer_example_q31.o (arm_biquad_cascade_df1_init_q31)
C:\DAVE-3.1\eclipse\/../CMSIS/Lib/GCC\libarm_cortexM0l_math.a(arm_biquad_cascade_df1_q31.o)
                              arm_graphic_equalizer_example_q31.o (arm_biquad_cascade_df1_q31)
C:\DAVE-3.1\eclipse\/../CMSIS/Lib/GCC\libarm_cortexM0l_math.a(arm_scale_f32.o)
                              arm_graphic_equalizer_example_q31.o (arm_scale_f32)
C:\DAVE-3.1\eclipse\/../CMSIS/Lib/GCC\libarm_cortexM0l_math.a(arm_scale_q31.o)
                              arm_graphic_equalizer_example_q31.o (arm_scale_q31)
c:/dave-3.1/arm-gcc/bin/../lib/gcc/arm-none-eabi/4.7.4/../../../../arm-none-eabi/lib/armv6-m\libm.a(lib_a-w_log10.o)
                              Common/Source/math_helper.o (log10)
c:/dave-3.1/arm-gcc/bin/../lib/gcc/arm-none-eabi/4.7.4/../../../../arm-none-eabi/lib/armv6-m\libm.a(lib_a-e_log10.o)
                              c:/dave-3.1/arm-gcc/bin/../lib/gcc/arm-none-eabi/4.7.4/../../../../arm-none-eabi/lib/armv6-m\libm.a(lib_a-w_log10.o) (__ieee754_log10)
c:/dave-3.1/arm-gcc/bin/../lib/gcc/arm-none-eabi/4.7.4/../../../../arm-none-eabi/lib/armv6-m\libm.a(lib_a-s_fpclassify.o)
                              c:/dave-3.1/arm-gcc/bin/../lib/gcc/arm-none-eabi/4.7.4/../../../../arm-none-eabi/lib/armv6-m\libm.a(lib_a-w_log10.o) (__fpclassifyd)
c:/dave-3.1/arm-gcc/bin/../lib/gcc/arm-none-eabi/4.7.4/../../../../arm-none-eabi/lib/armv6-m\libm.a(lib_a-s_lib_ver.o)
                              c:/dave-3.1/arm-gcc/bin/../lib/gcc/arm-none-eabi/4.7.4/../../../../arm-none-eabi/lib/armv6-m\libm.a(lib_a-w_log10.o) (__fdlib_version)
c:/dave-3.1/arm-gcc/bin/../lib/gcc/arm-none-eabi/4.7.4/../../../../arm-none-eabi/lib/armv6-m\libm.a(lib_a-s_matherr.o)
                              c:/dave-3.1/arm-gcc/bin/../lib/gcc/arm-none-eabi/4.7.4/../../../../arm-none-eabi/lib/armv6-m\libm.a(lib_a-w_log10.o) (matherr)
c:/dave-3.1/arm-gcc/bin/../lib/gcc/arm-none-eabi/4.7.4/../../../../arm-none-eabi/lib/armv6-m\libm.a(lib_a-s_nan.o)
                              c:/dave-3.1/arm-gcc/bin/../lib/gcc/arm-none-eabi/4.7.4/../../../../arm-none-eabi/lib/armv6-m\libm.a(lib_a-w_log10.o) (nan)
c:/dave-3.1/arm-gcc/bin/../lib/gcc/arm-none-eabi/4.7.4/../../../../arm-none-eabi/lib/armv6-m\libm.a(lib_a-e_log.o)
                              c:/dave-3.1/arm-gcc/bin/../lib/gcc/arm-none-eabi/4.7.4/../../../../arm-none-eabi/lib/armv6-m\libm.a(lib_a-e_log10.o) (__ieee754_log)
c:/dave-3.1/arm-gcc/bin/../lib/gcc/arm-none-eabi/4.7.4/armv6-m\libgcc.a(_udivsi3.o)
                              Startup/system_XMC1300.o (__aeabi_uidiv)
c:/dave-3.1/arm-gcc/bin/../lib/gcc/arm-none-eabi/4.7.4/armv6-m\libgcc.a(_dvmd_tls.o)
                              c:/dave-3.1/arm-gcc/bin/../lib/gcc/arm-none-eabi/4.7.4/armv6-m\libgcc.a(_udivsi3.o) (__aeabi_idiv0)
c:/dave-3.1/arm-gcc/bin/../lib/gcc/arm-none-eabi/4.7.4/armv6-m\libgcc.a(_arm_cmpdf2.o)
                              c:/dave-3.1/arm-gcc/bin/../lib/gcc/arm-none-eabi/4.7.4/../../../../arm-none-eabi/lib/armv6-m\libm.a(lib_a-w_log10.o) (__aeabi_dcmpeq)
c:/dave-3.1/arm-gcc/bin/../lib/gcc/arm-none-eabi/4.7.4/armv6-m\libgcc.a(_arm_cmpsf2.o)
                              Common/Source/math_helper.o (__aeabi_fcmpeq)
c:/dave-3.1/arm-gcc/bin/../lib/gcc/arm-none-eabi/4.7.4/armv6-m\libgcc.a(_muldi3.o)
                              C:\DAVE-3.1\eclipse\/../CMSIS/Lib/GCC\libarm_cortexM0l_math.a(arm_biquad_cascade_df1_32x64_q31.o) (__aeabi_lmul)
c:/dave-3.1/arm-gcc/bin/../lib/gcc/arm-none-eabi/4.7.4/armv6-m\libgcc.a(_fixsfdi.o)
                              C:\DAVE-3.1\eclipse\/../CMSIS/Lib/GCC\libarm_cortexM0l_math.a(arm_float_to_q31.o) (__aeabi_f2lz)
c:/dave-3.1/arm-gcc/bin/../lib/gcc/arm-none-eabi/4.7.4/armv6-m\libgcc.a(_fixunssfdi.o)
                              c:/dave-3.1/arm-gcc/bin/../lib/gcc/arm-none-eabi/4.7.4/armv6-m\libgcc.a(_fixsfdi.o) (__aeabi_f2ulz)
c:/dave-3.1/arm-gcc/bin/../lib/gcc/arm-none-eabi/4.7.4/armv6-m\libgcc.a(addsf3.o)
                              Common/Source/math_helper.o (__aeabi_fadd)
[...]
Memory Configuration

Name             Origin             Length             Attributes
FLASH            0x10001000         0x00032000         xr
SRAM             0x20000000         0x00004000         !xr
*default*        0x00000000         0xffffffff

Linker script and memory map

LOAD arm_graphic_equalizer_data.o
LOAD arm_graphic_equalizer_example_q31.o
LOAD Startup/startup_XMC1300.o
LOAD Startup/system_XMC1300.o
LOAD Common/Source/math_helper.o
LOAD C:\DAVE-3.1\eclipse\/../CMSIS/Lib/GCC\libarm_cortexM0l_math.a
LOAD c:/dave-3.1/arm-gcc/bin/../lib/gcc/arm-none-eabi/4.7.4/../../../../arm-none-eabi/lib/armv6-m\libm.a
START GROUP
LOAD c:/dave-3.1/arm-gcc/bin/../lib/gcc/arm-none-eabi/4.7.4/armv6-m\libgcc.a
LOAD c:/dave-3.1/arm-gcc/bin/../lib/gcc/arm-none-eabi/4.7.4/../../../../arm-none-eabi/lib/armv6-m\libg.a
LOAD c:/dave-3.1/arm-gcc/bin/../lib/gcc/arm-none-eabi/4.7.4/../../../../arm-none-eabi/lib/armv6-m\libc.a
END GROUP
START GROUP
LOAD C:\DAVE-3.1\eclipse\/../CMSIS/Infineon/Lib\libxmclibcstubs.a
END GROUP
                0x00000800                stack_size = 0x800

.text           0x10001000     0x4c4c
                0x10001000                sText = .
 *(.Xmc1300.reset)
 .Xmc1300.reset
                0x10001000       0x34 Startup/startup_XMC1300.o
                0x10001000                __Xmc1300_interrupt_vector_cortex_m
                0x10001018                __Xmc1300_reset_cortex_m
 *(.Xmc1300.postreset)
 .Xmc1300.postreset
                0x10001034       0x90 Startup/startup_XMC1300.o
 *(.XmcStartup)
 .XmcStartup    0x100010c4        0x8 Startup/startup_XMC1300.o
                0x100010c4                AllowClkInitByStartup
                0x100010c8                SystemInit_DAVE3
 *(.text .text.* .gnu.linkonce.t.*)
 .text          0x100010cc        0x0 arm_graphic_equalizer_data.o
 .text          0x100010cc        0x0 arm_graphic_equalizer_example_q31.o
 .text.main     0x100010cc      0x224 arm_graphic_equalizer_example_q31.o
                0x100010cc                main
 .text          0x100012f0       0x44 Startup/startup_XMC1300.o
                0x100012f0                NMI_Handler
                0x100012f2                HardFault_Handler
                0x100012f4                SVC_Handler
                0x100012f6                PendSV_Handler
                0x100012f8                SysTick_Handler
                0x100012fa                SCU_0_IRQHandler
                0x100012fc                SCU_1_IRQHandler
                0x100012fe                SCU_2_IRQHandler
                0x10001300                ERU0_0_IRQHandler
                0x10001302                ERU0_1_IRQHandler
                0x10001304                ERU0_2_IRQHandler
                0x10001306                ERU0_3_IRQHandler
                0x10001308                MATH0_0_IRQHandler
                0x1000130a                VADC0_C0_0_IRQHandler
                0x1000130c                VADC0_C0_1_IRQHandler
                0x1000130e                VADC0_G0_0_IRQHandler
                0x10001310                VADC0_G0_1_IRQHandler
                0x10001312                VADC0_G1_0_IRQHandler
                0x10001314                VADC0_G1_1_IRQHandler
                0x10001316                CCU40_0_IRQHandler
                0x10001318                CCU40_1_IRQHandler
                0x1000131a                CCU40_2_IRQHandler
                0x1000131c                CCU40_3_IRQHandler
                0x1000131e                CCU80_0_IRQHandler
                0x10001320                CCU80_1_IRQHandler
                0x10001322                POSIF0_0_IRQHandler
                0x10001324                POSIF0_1_IRQHandler
                0x10001326                USIC0_0_IRQHandler
                0x10001328                USIC0_1_IRQHandler
                0x1000132a                USIC0_2_IRQHandler
                0x1000132c                USIC0_3_IRQHandler
                0x1000132e                USIC0_4_IRQHandler
                0x10001330                USIC0_5_IRQHandler
                0x10001332                BCCU0_0_IRQHandler
 .text          0x10001334        0x0 Startup/system_XMC1300.o
 .text.SystemInit
                0x10001334        0xc Startup/system_XMC1300.o
                0x10001334                SystemInit
 .text.SystemCoreClockUpdate
                0x10001340       0x84 Startup/system_XMC1300.o
                0x10001340                SystemCoreClockUpdate
 .text          0x100013c4        0x0 Common/Source/math_helper.o
 *fill*         0x100013c4        0x4 00
 .text.arm_snr_f32
                0x100013c8      0x158 Common/Source/math_helper.o
                0x100013c8                arm_snr_f32
 .text.arm_provide_guard_bits_q15
                0x10001520       0x48 Common/Source/math_helper.o
                0x10001520                arm_provide_guard_bits_q15
 .text.arm_float_to_q12_20
                0x10001568       0xf8 Common/Source/math_helper.o
                0x10001568                arm_float_to_q12_20
 .text.arm_compare_fixed_q15
                0x10001660       0x64 Common/Source/math_helper.o
                0x10001660                arm_compare_fixed_q15
 .text.arm_compare_fixed_q31
                0x100016c4       0x60 Common/Source/math_helper.o
                0x100016c4                arm_compare_fixed_q31
 .text.arm_provide_guard_bits_q31
                0x10001724       0x44 Common/Source/math_helper.o
                0x10001724                arm_provide_guard_bits_q31
 .text.arm_provide_guard_bits_q7
                0x10001768       0x44 Common/Source/math_helper.o
                0x10001768                arm_provide_guard_bits_q7
 .text.arm_calc_guard_bits
                0x100017ac       0x38 Common/Source/math_helper.o
                0x100017ac                arm_calc_guard_bits
 .text.arm_apply_guard_bits
                0x100017e4       0x58 Common/Source/math_helper.o
                0x100017e4                arm_apply_guard_bits
 .text.arm_calc_2pow
                0x1000183c       0x30 Common/Source/math_helper.o
                0x1000183c                arm_calc_2pow
 *fill*         0x1000186c        0x4 00
 .text.arm_float_to_q14
                0x10001870       0xf8 Common/Source/math_helper.o
                0x10001870                arm_float_to_q14
 .text.arm_float_to_q30
                0x10001968       0xf8 Common/Source/math_helper.o
                0x10001968                arm_float_to_q30
 .text.arm_float_to_q29
                0x10001a60       0xf8 Common/Source/math_helper.o
                0x10001a60                arm_float_to_q29
 .text.arm_float_to_q28
                0x10001b58       0xf8 Common/Source/math_helper.o
                0x10001b58                arm_float_to_q28
 .text.arm_clip_f32
                0x10001c50       0x78 Common/Source/math_helper.o
                0x10001c50                arm_clip_f32
 .text          0x10001cc8        0x0 C:\DAVE-3.1\eclipse\/../CMSIS/Lib/GCC\libarm_cortexM0l_math.a(arm_float_to_q31.o)
 .text.arm_float_to_q31
                0x10001cc8       0xf0 C:\DAVE-3.1\eclipse\/../CMSIS/Lib/GCC\libarm_cortexM0l_math.a(arm_float_to_q31.o)
                0x10001cc8                arm_float_to_q31
 .text          0x10001db8        0x0 C:\DAVE-3.1\eclipse\/../CMSIS/Lib/GCC\libarm_cortexM0l_math.a(arm_q31_to_float.o)
 .text.arm_q31_to_float
                0x10001db8       0x88 C:\DAVE-3.1\eclipse\/../CMSIS/Lib/GCC\libarm_cortexM0l_math.a(arm_q31_to_float.o)
                0x10001db8                arm_q31_to_float
 .text          0x10001e40        0x0 C:\DAVE-3.1\eclipse\/../CMSIS/Lib/GCC\libarm_cortexM0l_math.a(arm_biquad_cascade_df1_32x64_init_q31.o)
 .text.arm_biquad_cas_df1_32x64_init_q31
                0x10001e40       0x20 C:\DAVE-3.1\eclipse\/../CMSIS/Lib/GCC\libarm_cortexM0l_math.a(arm_biquad_cascade_df1_32x64_init_q31.o)
                0x10001e40                arm_biquad_cas_df1_32x64_init_q31
 .text          0x10001e60        0x0 C:\DAVE-3.1\eclipse\/../CMSIS/Lib/GCC\libarm_cortexM0l_math.a(arm_biquad_cascade_df1_32x64_q31.o)
 .text.arm_biquad_cas_df1_32x64_q31
                0x10001e60      0x1fc C:\DAVE-3.1\eclipse\/../CMSIS/Lib/GCC\libarm_cortexM0l_math.a(arm_biquad_cascade_df1_32x64_q31.o)
                0x10001e60                arm_biquad_cas_df1_32x64_q31
 .text          0x1000205c        0x0 C:\DAVE-3.1\eclipse\/../CMSIS/Lib/GCC\libarm_cortexM0l_math.a(arm_biquad_cascade_df1_init_q31.o)
 .text.arm_biquad_cascade_df1_init_q31
                0x1000205c       0x20 C:\DAVE-3.1\eclipse\/../CMSIS/Lib/GCC\libarm_cortexM0l_math.a(arm_biquad_cascade_df1_init_q31.o)
                0x1000205c                arm_biquad_cascade_df1_init_q31
 .text          0x1000207c        0x0 C:\DAVE-3.1\eclipse\/../CMSIS/Lib/GCC\libarm_cortexM0l_math.a(arm_biquad_cascade_df1_q31.o)
 .text.arm_biquad_cascade_df1_q31
                0x1000207c      0x170 C:\DAVE-3.1\eclipse\/../CMSIS/Lib/GCC\libarm_cortexM0l_math.a(arm_biquad_cascade_df1_q31.o)
                0x1000207c                arm_biquad_cascade_df1_q31
 .text          0x100021ec        0x0 C:\DAVE-3.1\eclipse\/../CMSIS/Lib/GCC\libarm_cortexM0l_math.a(arm_scale_f32.o)
 .text.arm_scale_f32
                0x100021ec       0x74 C:\DAVE-3.1\eclipse\/../CMSIS/Lib/GCC\libarm_cortexM0l_math.a(arm_scale_f32.o)
                0x100021ec                arm_scale_f32
 .text          0x10002260        0x0 C:\DAVE-3.1\eclipse\/../CMSIS/Lib/GCC\libarm_cortexM0l_math.a(arm_scale_q31.o)
 .text.arm_scale_q31
                0x10002260      0x178 C:\DAVE-3.1\eclipse\/../CMSIS/Lib/GCC\libarm_cortexM0l_math.a(arm_scale_q31.o)
                0x10002260                arm_scale_q31
 .text          0x100023d8        0x0 c:/dave-3.1/arm-gcc/bin/../lib/gcc/arm-none-eabi/4.7.4/../../../../arm-none-eabi/lib/armv6-m\libm.a(lib_a-w_log10.o)
 .text.log10    0x100023d8      0x108 c:/dave-3.1/arm-gcc/bin/../lib/gcc/arm-none-eabi/4.7.4/../../../../arm-none-eabi/lib/armv6-m\libm.a(lib_a-w_log10.o)
                0x100023d8                log10
 .text          0x100024e0        0x0 c:/dave-3.1/arm-gcc/bin/../lib/gcc/arm-none-eabi/4.7.4/../../../../arm-none-eabi/lib/armv6-m\libm.a(lib_a-e_log10.o)
 .text.__ieee754_log10
                0x100024e0      0x140 c:/dave-3.1/arm-gcc/bin/../lib/gcc/arm-none-eabi/4.7.4/../../../../arm-none-eabi/lib/armv6-m\libm.a(lib_a-e_log10.o)
                0x100024e0                __ieee754_log10
 .text          0x10002620        0x0 c:/dave-3.1/arm-gcc/bin/../lib/gcc/arm-none-eabi/4.7.4/../../../../arm-none-eabi/lib/armv6-m\libm.a(lib_a-s_fpclassify.o)
 .text.__fpclassifyd
                0x10002620       0x70 c:/dave-3.1/arm-gcc/bin/../lib/gcc/arm-none-eabi/4.7.4/../../../../arm-none-eabi/lib/armv6-m\libm.a(lib_a-s_fpclassify.o)
                0x10002620                __fpclassifyd
 .text          0x10002690        0x0 c:/dave-3.1/arm-gcc/bin/../lib/gcc/arm-none-eabi/4.7.4/../../../../arm-none-eabi/lib/armv6-m\libm.a(lib_a-s_lib_ver.o)
 .text          0x10002690        0x0 c:/dave-3.1/arm-gcc/bin/../lib/gcc/arm-none-eabi/4.7.4/../../../../arm-none-eabi/lib/armv6-m\libm.a(lib_a-s_matherr.o)
 .text.matherr  0x10002690        0x4 c:/dave-3.1/arm-gcc/bin/../lib/gcc/arm-none-eabi/4.7.4/../../../../arm-none-eabi/lib/armv6-m\libm.a(lib_a-s_matherr.o)
                0x10002690                matherr
 .text          0x10002694        0x0 c:/dave-3.1/arm-gcc/bin/../lib/gcc/arm-none-eabi/4.7.4/../../../../arm-none-eabi/lib/armv6-m\libm.a(lib_a-s_nan.o)
 *fill*         0x10002694        0x4 00
 .text.nan      0x10002698       0x10 c:/dave-3.1/arm-gcc/bin/../lib/gcc/arm-none-eabi/4.7.4/../../../../arm-none-eabi/lib/armv6-m\libm.a(lib_a-s_nan.o)
                0x10002698                nan
 .text          0x100026a8        0x0 c:/dave-3.1/arm-gcc/bin/../lib/gcc/arm-none-eabi/4.7.4/../../../../arm-none-eabi/lib/armv6-m\libm.a(lib_a-e_log.o)
 .text.__ieee754_log
                0x100026a8      0x418 c:/dave-3.1/arm-gcc/bin/../lib/gcc/arm-none-eabi/4.7.4/../../../../arm-none-eabi/lib/armv6-m\libm.a(lib_a-e_log.o)
                0x100026a8                __ieee754_log
 .text          0x10002ac0       0x9c c:/dave-3.1/arm-gcc/bin/../lib/gcc/arm-none-eabi/4.7.4/armv6-m\libgcc.a(_udivsi3.o)
                0x10002ac0                __aeabi_uidiv
                0x10002ac0                __udivsi3
                0x10002b48                __aeabi_uidivmod
 .text          0x10002b5c        0x4 c:/dave-3.1/arm-gcc/bin/../lib/gcc/arm-none-eabi/4.7.4/armv6-m\libgcc.a(_dvmd_tls.o)
                0x10002b5c                __aeabi_idiv0
                0x10002b5c                __aeabi_ldiv0
 .text          0x10002b60       0x7c c:/dave-3.1/arm-gcc/bin/../lib/gcc/arm-none-eabi/4.7.4/armv6-m\libgcc.a(_arm_cmpdf2.o)
                0x10002b60                __aeabi_cdrcmple
                0x10002b70                __aeabi_cdcmple
                0x10002b70                __aeabi_cdcmpeq
                0x10002b80                __aeabi_dcmpeq
                0x10002b8c                __aeabi_dcmplt
                0x10002ba0                __aeabi_dcmple
                0x10002bb4                __aeabi_dcmpgt
                0x10002bc8                __aeabi_dcmpge
 .text          0x10002bdc       0x74 c:/dave-3.1/arm-gcc/bin/../lib/gcc/arm-none-eabi/4.7.4/armv6-m\libgcc.a(_arm_cmpsf2.o)
                0x10002bdc                __aeabi_cfrcmple
                0x10002be4                __aeabi_cfcmpeq
                0x10002be4                __aeabi_cfcmple
                0x10002bf4                __aeabi_fcmpeq
                0x10002c00                __aeabi_fcmplt
                0x10002c14                __aeabi_fcmple
                0x10002c28                __aeabi_fcmpgt
                0x10002c3c                __aeabi_fcmpge
 .text          0x10002c50       0x44 c:/dave-3.1/arm-gcc/bin/../lib/gcc/arm-none-eabi/4.7.4/armv6-m\libgcc.a(_muldi3.o)
                0x10002c50                __muldi3
                0x10002c50                __aeabi_lmul
 .text          0x10002c94       0x30 c:/dave-3.1/arm-gcc/bin/../lib/gcc/arm-none-eabi/4.7.4/armv6-m\libgcc.a(_fixsfdi.o)
                0x10002c94                __fixsfdi
                0x10002c94                __aeabi_f2lz
 *fill*         0x10002cc4        0x4 00
 .text          0x10002cc8       0x48 c:/dave-3.1/arm-gcc/bin/../lib/gcc/arm-none-eabi/4.7.4/armv6-m\libgcc.a(_fixunssfdi.o)
                0x10002cc8                __fixunssfdi
                0x10002cc8                __aeabi_f2ulz
 .text          0x10002d10      0x3ac c:/dave-3.1/arm-gcc/bin/../lib/gcc/arm-none-eabi/4.7.4/armv6-m\libgcc.a(addsf3.o)
                0x10002d10                __aeabi_fadd
 .text          0x100030bc      0x274 c:/dave-3.1/arm-gcc/bin/../lib/gcc/arm-none-eabi/4.7.4/armv6-m\libgcc.a(divsf3.o)
                0x100030bc                __aeabi_fdiv
 .text          0x10003330       0x50 c:/dave-3.1/arm-gcc/bin/../lib/gcc/arm-none-eabi/4.7.4/armv6-m\libgcc.a(eqsf2.o)
                0x10003330                __eqsf2
                0x10003330                __nesf2
 .text          0x10003380       0x90 c:/dave-3.1/arm-gcc/bin/../lib/gcc/arm-none-eabi/4.7.4/armv6-m\libgcc.a(gesf2.o)
                0x10003380                __gesf2
                0x10003380                __gtsf2
 .text          0x10003410       0x90 c:/dave-3.1/arm-gcc/bin/../lib/gcc/arm-none-eabi/4.7.4/armv6-m\libgcc.a(lesf2.o)
                0x10003410                __ltsf2
                0x10003410                __lesf2
 .text          0x100034a0      0x260 c:/dave-3.1/arm-gcc/bin/../lib/gcc/arm-none-eabi/4.7.4/armv6-m\libgcc.a(mulsf3.o)
                0x100034a0                __aeabi_fmul
 .text          0x10003700      0x3b4 c:/dave-3.1/arm-gcc/bin/../lib/gcc/arm-none-eabi/4.7.4/armv6-m\libgcc.a(subsf3.o)
                0x10003700                __aeabi_fsub
 .text          0x10003ab4       0x40 c:/dave-3.1/arm-gcc/bin/../lib/gcc/arm-none-eabi/4.7.4/armv6-m\libgcc.a(fixsfsi.o)
                0x10003ab4                __aeabi_f2iz
 .text          0x10003af4       0xa8 c:/dave-3.1/arm-gcc/bin/../lib/gcc/arm-none-eabi/4.7.4/armv6-m\libgcc.a(floatsisf.o)
                0x10003af4                __aeabi_i2f
 .text          0x10003b9c       0xa8 c:/dave-3.1/arm-gcc/bin/../lib/gcc/arm-none-eabi/4.7.4/armv6-m\libgcc.a(floatunsisf.o)
                0x10003b9c                __aeabi_ui2f
 .text          0x10003c44      0x760 c:/dave-3.1/arm-gcc/bin/../lib/gcc/arm-none-eabi/4.7.4/armv6-m\libgcc.a(adddf3.o)
                0x10003c44                __aeabi_dadd
 .text          0x100043a4      0x5b8 c:/dave-3.1/arm-gcc/bin/../lib/gcc/arm-none-eabi/4.7.4/armv6-m\libgcc.a(divdf3.o)
                0x100043a4                __aeabi_ddiv
 .text          0x1000495c       0x7c c:/dave-3.1/arm-gcc/bin/../lib/gcc/arm-none-eabi/4.7.4/armv6-m\libgcc.a(eqdf2.o)
                0x1000495c                __nedf2
                0x1000495c                __eqdf2
 .text          0x100049d8       0xe8 c:/dave-3.1/arm-gcc/bin/../lib/gcc/arm-none-eabi/4.7.4/armv6-m\libgcc.a(gedf2.o)
                0x100049d8                __gedf2
                0x100049d8                __gtdf2
 .text          0x10004ac0       0xd8 c:/dave-3.1/arm-gcc/bin/../lib/gcc/arm-none-eabi/4.7.4/armv6-m\libgcc.a(ledf2.o)
                0x10004ac0                __ledf2
                0x10004ac0                __ltdf2
 .text          0x10004b98      0x4e4 c:/dave-3.1/arm-gcc/bin/../lib/gcc/arm-none-eabi/4.7.4/armv6-m\libgcc.a(muldf3.o)
                0x10004b98                __aeabi_dmul
 .text          0x1000507c      0x704 c:/dave-3.1/arm-gcc/bin/../lib/gcc/arm-none-eabi/4.7.4/armv6-m\libgcc.a(subdf3.o)
                0x1000507c                __aeabi_dsub
 .text          0x10005780       0x68 c:/dave-3.1/arm-gcc/bin/../lib/gcc/arm-none-eabi/4.7.4/armv6-m\libgcc.a(fixdfsi.o)
                0x10005780                __aeabi_d2iz
 .text          0x100057e8       0x74 c:/dave-3.1/arm-gcc/bin/../lib/gcc/arm-none-eabi/4.7.4/armv6-m\libgcc.a(floatsidf.o)
                0x100057e8                __aeabi_i2d
 .text          0x1000585c       0x64 c:/dave-3.1/arm-gcc/bin/../lib/gcc/arm-none-eabi/4.7.4/armv6-m\libgcc.a(floatunsidf.o)
                0x1000585c                __aeabi_ui2d
 .text          0x100058c0       0xa8 c:/dave-3.1/arm-gcc/bin/../lib/gcc/arm-none-eabi/4.7.4/armv6-m\libgcc.a(extendsfdf2.o)
                0x100058c0                __aeabi_f2d
 .text          0x10005968      0x144 c:/dave-3.1/arm-gcc/bin/../lib/gcc/arm-none-eabi/4.7.4/armv6-m\libgcc.a(truncdfsf2.o)
                0x10005968                __aeabi_d2f
 .text          0x10005aac       0x3c c:/dave-3.1/arm-gcc/bin/../lib/gcc/arm-none-eabi/4.7.4/armv6-m\libgcc.a(_clzsi2.o)
                0x10005aac                __clzsi2
 .text          0x10005ae8       0x40 c:/dave-3.1/arm-gcc/bin/../lib/gcc/arm-none-eabi/4.7.4/armv6-m\libgcc.a(_fixunsdfsi.o)
                0x10005ae8                __aeabi_d2uiz
                0x10005ae8                __fixunsdfsi
 .text          0x10005b28        0x0 c:/dave-3.1/arm-gcc/bin/../lib/gcc/arm-none-eabi/4.7.4/../../../../arm-none-eabi/lib/armv6-m\libg.a(lib_a-errno.o)
 .text.__errno  0x10005b28        0xc c:/dave-3.1/arm-gcc/bin/../lib/gcc/arm-none-eabi/4.7.4/../../../../arm-none-eabi/lib/armv6-m\libg.a(lib_a-errno.o)
                0x10005b28                __errno
 .text          0x10005b34        0x0 c:/dave-3.1/arm-gcc/bin/../lib/gcc/arm-none-eabi/4.7.4/../../../../arm-none-eabi/lib/armv6-m\libg.a(lib_a-impure.o)
 .text          0x10005b34        0x0 c:/dave-3.1/arm-gcc/bin/../lib/gcc/arm-none-eabi/4.7.4/../../../../arm-none-eabi/lib/armv6-m\libg.a(lib_a-memset.o)
 .text.memset   0x10005b34      0x118 c:/dave-3.1/arm-gcc/bin/../lib/gcc/arm-none-eabi/4.7.4/../../../../arm-none-eabi/lib/armv6-m\libg.a(lib_a-memset.o)
                0x10005b34                memset
 *(.glue*)
 .glue_7        0x00000000        0x0 linker stubs
 .glue_7t       0x00000000        0x0 linker stubs
 *(.v4*)
 .v4_bx         0x00000000        0x0 linker stubs
 *(.vfp11_veneer)
 .vfp11_veneer  0x00000000        0x0 linker stubs
 *(.init)
                0x10005c4c                __preinit_array_start = .
 *(.preinit_array)
                0x10005c4c                __preinit_array_end = .
                0x10005c4c                __init_array_start = .
 *(SORT(.init_array.*))
 *(.init_array)
                0x10005c4c                __init_array_end = .
 *crtbegin.o(.ctors)
 *(EXCLUDE_FILE(*crtend.o) .ctors)
 *(SORT(.ctors.*))
 *crtend.o(.ctors)
 *(.fini)
                0x10005c4c                __fini_array_start = .
 *(.fini_array)
 *(SORT(.fini_array.*))
                0x10005c4c                __fini_array_end = .
 *crtbegin.o(.dtors)
 *(EXCLUDE_FILE(*crtend.o) .dtors)
 *(SORT(.dtors.*))
 *crtend.o(.dtors)
                0x10005c4c                __extab_start = .
 *(.ARM.extab* .gnu.linkonce.armextab.*)
 .ARM.extab.Xmc1300.reset
                0x10005c4c        0x0 Startup/startup_XMC1300.o
 .ARM.extab.Xmc1300.postreset
                0x10005c4c        0x0 Startup/startup_XMC1300.o
                0x10005c4c                . = ALIGN (0x4)
                0x10005c4c                __extab_end = ABSOLUTE (.)

.iplt           0x10005c4c        0x0
 .iplt          0x00000000        0x0 arm_graphic_equalizer_data.o

.ARM.exidx      0x10005c4c       0x10
                0x10005c4c                __exidx_start = .
 *(.ARM.exidx* .gnu.linkonce.armexidx.*)
 .ARM.exidx.Xmc1300.reset
                0x10005c4c        0x8 Startup/startup_XMC1300.o
 .ARM.exidx.Xmc1300.postreset
                0x10005c54        0x8 Startup/startup_XMC1300.o
                0x10005c5c                . = ALIGN (0x4)
                0x10005c5c                __exidx_end = ABSOLUTE (.)

.rodata         0x10005c5c      0xfec
 *(.rodata .rodata.*)
 .rodata        0x10005c5c      0xed8 arm_graphic_equalizer_example_q31.o
                0x10005c5c                coeffTable
 .rodata.str1.4
                0x10006b34        0x9 c:/dave-3.1/arm-gcc/bin/../lib/gcc/arm-none-eabi/4.7.4/../../../../arm-none-eabi/lib/armv6-m\libm.a(lib_a-w_log10.o)
                                  0xc (size before relaxing)
 *fill*         0x10006b3d        0x3 00
 .rodata        0x10006b40       0x40 c:/dave-3.1/arm-gcc/bin/../lib/gcc/arm-none-eabi/4.7.4/armv6-m\libgcc.a(divsf3.o)
 .rodata        0x10006b80       0x40 c:/dave-3.1/arm-gcc/bin/../lib/gcc/arm-none-eabi/4.7.4/armv6-m\libgcc.a(mulsf3.o)
 .rodata        0x10006bc0       0x40 c:/dave-3.1/arm-gcc/bin/../lib/gcc/arm-none-eabi/4.7.4/armv6-m\libgcc.a(divdf3.o)
 .rodata        0x10006c00       0x40 c:/dave-3.1/arm-gcc/bin/../lib/gcc/arm-none-eabi/4.7.4/armv6-m\libgcc.a(muldf3.o)
 .rodata.str1.4
                0x10006c40        0x4 c:/dave-3.1/arm-gcc/bin/../lib/gcc/arm-none-eabi/4.7.4/../../../../arm-none-eabi/lib/armv6-m\libg.a(lib_a-impure.o)
 .rodata._global_impure_ptr
                0x10006c44        0x4 c:/dave-3.1/arm-gcc/bin/../lib/gcc/arm-none-eabi/4.7.4/../../../../arm-none-eabi/lib/armv6-m\libg.a(lib_a-impure.o)
                0x10006c44                _global_impure_ptr
 *(.gnu.linkonce.r*)
                0x10006c50                . = ALIGN (0x10)
                0x10006c50                eROData = .
                0x10006c50                VeneerLoadAddr = ABSOLUTE (eROData)

.VENEER_Code    0x2000000c      0x138 load address 0x10006c50
                0x2000000c                VeneerStart = .
 *(.XmcVeneerCode)
 .XmcVeneerCode
                0x2000000c      0x138 Startup/startup_XMC1300.o
                0x2000000c                HardFault_Veneer
                0x2000002c                SVC_Veneer
                0x20000038                PendSV_Veneer
                0x2000003c                SysTick_Veneer
                0x20000040                SCU_0_Veneer
                0x20000044                SCU_1_Veneer
                0x20000048                SCU_2_Veneer
                0x2000004c                SCU_3_Veneer
                0x20000050                SCU_4_Veneer
                0x20000054                SCU_5_Veneer
                0x20000058                SCU_6_Veneer
                0x2000005c                MATH_Veneer
                0x20000064                USIC0_0_Veneer
                0x20000068                USIC0_1_Veneer
                0x2000006c                USIC0_2_Veneer
                0x20000070                USIC0_3_Veneer
                0x20000074                USIC0_4_Veneer
                0x20000078                USIC0_5_Veneer
                0x2000007c                VADC0_C0_0_Veneer
                0x20000080                VADC0_C0_1_Veneer
                0x20000084                VADC0_G0_0_Veneer
                0x20000088                VADC0_G0_1_Veneer
                0x2000008c                VADC0_G1_0_Veneer
                0x20000090                VADC0_G1_1_Veneer
                0x20000094                CCU40_0_Veneer
                0x20000098                CCU40_1_Veneer
                0x2000009c                CCU40_2_Veneer
                0x200000a0                CCU40_3_Veneer
                0x200000a4                CCU80_0_Veneer
                0x200000a8                CCU80_1_Veneer
                0x200000ac                POSIF0_0_Veneer
                0x200000b0                POSIF0_1_Veneer
                0x200000bc                BCCU0_0_Veneer
                0x20000144                . = ALIGN (0x4)
                0x20000144                VeneerEnd = .
                0x00000138                VeneerSize = (ABSOLUTE (VeneerEnd) - ABSOLUTE (VeneerStart))

.rel.dyn        0x20000144        0x0 load address 0x10006d88
 .rel.iplt      0x00000000        0x0 arm_graphic_equalizer_data.o

.GUARD_Band     0x20000144        0xc load address 0x00000000
                0x20000147                . = (. + 0x3)
 *fill*         0x20000144        0x3 00
                0x20000150                . = ALIGN (0x10)
 *fill*         0x20000147        0x9 00
                0x20000150                Guard_Band_End = .

Stack           0x20000150      0x800 load address 0x00000000
                0x20000950                . = (. + stack_size)
 *fill*         0x20000150      0x800 00
                0x20000950                __Xmc1300_stack = .

.bss            0x20000950      0x6e8
                0x20000950                __Xmc1300_sBSS = .
 *(.bss)
 .bss           0x20000950        0x0 arm_graphic_equalizer_data.o
 .bss           0x20000950      0x5e0 arm_graphic_equalizer_example_q31.o
 .bss           0x20000f30        0x0 Startup/startup_XMC1300.o
 .bss           0x20000f30        0x0 Startup/system_XMC1300.o
 .bss           0x20000f30        0x0 Common/Source/math_helper.o
 .bss           0x20000f30        0x0 C:\DAVE-3.1\eclipse\/../CMSIS/Lib/GCC\libarm_cortexM0l_math.a(arm_float_to_q31.o)
 .bss           0x20000f30        0x0 C:\DAVE-3.1\eclipse\/../CMSIS/Lib/GCC\libarm_cortexM0l_math.a(arm_q31_to_float.o)
 .bss           0x20000f30        0x0 C:\DAVE-3.1\eclipse\/../CMSIS/Lib/GCC\libarm_cortexM0l_math.a(arm_biquad_cascade_df1_32x64_init_q31.o)
 .bss           0x20000f30        0x0 C:\DAVE-3.1\eclipse\/../CMSIS/Lib/GCC\libarm_cortexM0l_math.a(arm_biquad_cascade_df1_32x64_q31.o)
 .bss           0x20000f30        0x0 C:\DAVE-3.1\eclipse\/../CMSIS/Lib/GCC\libarm_cortexM0l_math.a(arm_biquad_cascade_df1_init_q31.o)
 .bss           0x20000f30        0x0 C:\DAVE-3.1\eclipse\/../CMSIS/Lib/GCC\libarm_cortexM0l_math.a(arm_biquad_cascade_df1_q31.o)
 .bss           0x20000f30        0x0 C:\DAVE-3.1\eclipse\/../CMSIS/Lib/GCC\libarm_cortexM0l_math.a(arm_scale_f32.o)
 .bss           0x20000f30        0x0 C:\DAVE-3.1\eclipse\/../CMSIS/Lib/GCC\libarm_cortexM0l_math.a(arm_scale_q31.o)
 .bss           0x20000f30        0x0 c:/dave-3.1/arm-gcc/bin/../lib/gcc/arm-none-eabi/4.7.4/../../../../arm-none-eabi/lib/armv6-m\libm.a(lib_a-w_log10.o)
 .bss           0x20000f30        0x0 c:/dave-3.1/arm-gcc/bin/../lib/gcc/arm-none-eabi/4.7.4/../../../../arm-none-eabi/lib/armv6-m\libm.a(lib_a-e_log10.o)
 .bss           0x20000f30        0x0 c:/dave-3.1/arm-gcc/bin/../lib/gcc/arm-none-eabi/4.7.4/../../../../arm-none-eabi/lib/armv6-m\libm.a(lib_a-s_fpclassify.o)
 .bss           0x20000f30        0x0 c:/dave-3.1/arm-gcc/bin/../lib/gcc/arm-none-eabi/4.7.4/../../../../arm-none-eabi/lib/armv6-m\libm.a(lib_a-s_lib_ver.o)
 .bss           0x20000f30        0x0 c:/dave-3.1/arm-gcc/bin/../lib/gcc/arm-none-eabi/4.7.4/../../../../arm-none-eabi/lib/armv6-m\libm.a(lib_a-s_matherr.o)
 .bss           0x20000f30        0x0 c:/dave-3.1/arm-gcc/bin/../lib/gcc/arm-none-eabi/4.7.4/../../../../arm-none-eabi/lib/armv6-m\libm.a(lib_a-s_nan.o)
 .bss           0x20000f30        0x0 c:/dave-3.1/arm-gcc/bin/../lib/gcc/arm-none-eabi/4.7.4/../../../../arm-none-eabi/lib/armv6-m\libm.a(lib_a-e_log.o)
 .bss           0x20000f30        0x0 c:/dave-3.1/arm-gcc/bin/../lib/gcc/arm-none-eabi/4.7.4/armv6-m\libgcc.a(_udivsi3.o)
 .bss           0x20000f30        0x0 c:/dave-3.1/arm-gcc/bin/../lib/gcc/arm-none-eabi/4.7.4/armv6-m\libgcc.a(_dvmd_tls.o)
 .bss           0x20000f30        0x0 c:/dave-3.1/arm-gcc/bin/../lib/gcc/arm-none-eabi/4.7.4/armv6-m\libgcc.a(_arm_cmpdf2.o)
 .bss           0x20000f30        0x0 c:/dave-3.1/arm-gcc/bin/../lib/gcc/arm-none-eabi/4.7.4/armv6-m\libgcc.a(_arm_cmpsf2.o)
 .bss           0x20000f30        0x0 c:/dave-3.1/arm-gcc/bin/../lib/gcc/arm-none-eabi/4.7.4/armv6-m\libgcc.a(_muldi3.o)
 .bss           0x20000f30        0x0 c:/dave-3.1/arm-gcc/bin/../lib/gcc/arm-none-eabi/4.7.4/armv6-m\libgcc.a(_fixsfdi.o)
 .bss           0x20000f30        0x0 c:/dave-3.1/arm-gcc/bin/../lib/gcc/arm-none-eabi/4.7.4/armv6-m\libgcc.a(_fixunssfdi.o)
 .bss           0x20000f30        0x0 c:/dave-3.1/arm-gcc/bin/../lib/gcc/arm-none-eabi/4.7.4/armv6-m\libgcc.a(addsf3.o)
 .bss           0x20000f30        0x0 c:/dave-3.1/arm-gcc/bin/../lib/gcc/arm-none-eabi/4.7.4/armv6-m\libgcc.a(divsf3.o)
 .bss           0x20000f30        0x0 c:/dave-3.1/arm-gcc/bin/../lib/gcc/arm-none-eabi/4.7.4/armv6-m\libgcc.a(eqsf2.o)
 .bss           0x20000f30        0x0 c:/dave-3.1/arm-gcc/bin/../lib/gcc/arm-none-eabi/4.7.4/armv6-m\libgcc.a(gesf2.o)
 .bss           0x20000f30        0x0 c:/dave-3.1/arm-gcc/bin/../lib/gcc/arm-none-eabi/4.7.4/armv6-m\libgcc.a(lesf2.o)
 .bss           0x20000f30        0x0 c:/dave-3.1/arm-gcc/bin/../lib/gcc/arm-none-eabi/4.7.4/armv6-m\libgcc.a(mulsf3.o)
 .bss           0x20000f30        0x0 c:/dave-3.1/arm-gcc/bin/../lib/gcc/arm-none-eabi/4.7.4/armv6-m\libgcc.a(subsf3.o)
 .bss           0x20000f30        0x0 c:/dave-3.1/arm-gcc/bin/../lib/gcc/arm-none-eabi/4.7.4/armv6-m\libgcc.a(fixsfsi.o)
 .bss           0x20000f30        0x0 c:/dave-3.1/arm-gcc/bin/../lib/gcc/arm-none-eabi/4.7.4/armv6-m\libgcc.a(floatsisf.o)
 .bss           0x20000f30        0x0 c:/dave-3.1/arm-gcc/bin/../lib/gcc/arm-none-eabi/4.7.4/armv6-m\libgcc.a(floatunsisf.o)
 .bss           0x20000f30        0x0 c:/dave-3.1/arm-gcc/bin/../lib/gcc/arm-none-eabi/4.7.4/armv6-m\libgcc.a(adddf3.o)
 .bss           0x20000f30        0x0 c:/dave-3.1/arm-gcc/bin/../lib/gcc/arm-none-eabi/4.7.4/armv6-m\libgcc.a(divdf3.o)
 .bss           0x20000f30        0x0 c:/dave-3.1/arm-gcc/bin/../lib/gcc/arm-none-eabi/4.7.4/armv6-m\libgcc.a(eqdf2.o)
 .bss           0x20000f30        0x0 c:/dave-3.1/arm-gcc/bin/../lib/gcc/arm-none-eabi/4.7.4/armv6-m\libgcc.a(gedf2.o)
 .bss           0x20000f30        0x0 c:/dave-3.1/arm-gcc/bin/../lib/gcc/arm-none-eabi/4.7.4/armv6-m\libgcc.a(ledf2.o)
 .bss           0x20000f30        0x0 c:/dave-3.1/arm-gcc/bin/../lib/gcc/arm-none-eabi/4.7.4/armv6-m\libgcc.a(muldf3.o)
 .bss           0x20000f30        0x0 c:/dave-3.1/arm-gcc/bin/../lib/gcc/arm-none-eabi/4.7.4/armv6-m\libgcc.a(subdf3.o)
 .bss           0x20000f30        0x0 c:/dave-3.1/arm-gcc/bin/../lib/gcc/arm-none-eabi/4.7.4/armv6-m\libgcc.a(fixdfsi.o)
 .bss           0x20000f30        0x0 c:/dave-3.1/arm-gcc/bin/../lib/gcc/arm-none-eabi/4.7.4/armv6-m\libgcc.a(floatsidf.o)
 .bss           0x20000f30        0x0 c:/dave-3.1/arm-gcc/bin/../lib/gcc/arm-none-eabi/4.7.4/armv6-m\libgcc.a(floatunsidf.o)
 .bss           0x20000f30        0x0 c:/dave-3.1/arm-gcc/bin/../lib/gcc/arm-none-eabi/4.7.4/armv6-m\libgcc.a(extendsfdf2.o)
 .bss           0x20000f30        0x0 c:/dave-3.1/arm-gcc/bin/../lib/gcc/arm-none-eabi/4.7.4/armv6-m\libgcc.a(truncdfsf2.o)
 .bss           0x20000f30        0x0 c:/dave-3.1/arm-gcc/bin/../lib/gcc/arm-none-eabi/4.7.4/armv6-m\libgcc.a(_clzsi2.o)
 .bss           0x20000f30        0x0 c:/dave-3.1/arm-gcc/bin/../lib/gcc/arm-none-eabi/4.7.4/armv6-m\libgcc.a(_fixunsdfsi.o)
 .bss           0x20000f30        0x0 c:/dave-3.1/arm-gcc/bin/../lib/gcc/arm-none-eabi/4.7.4/../../../../arm-none-eabi/lib/armv6-m\libg.a(lib_a-errno.o)
 .bss           0x20000f30        0x0 c:/dave-3.1/arm-gcc/bin/../lib/gcc/arm-none-eabi/4.7.4/../../../../arm-none-eabi/lib/armv6-m\libg.a(lib_a-impure.o)
 .bss           0x20000f30        0x0 c:/dave-3.1/arm-gcc/bin/../lib/gcc/arm-none-eabi/4.7.4/../../../../arm-none-eabi/lib/armv6-m\libg.a(lib_a-memset.o)
 *(.bss*)
 *(COMMON)
 COMMON         0x20000f30      0x104 arm_graphic_equalizer_example_q31.o
                0x20000f30                inputQ31
                0x20000fb0                outputQ31
                0x20001030                snr
 COMMON         0x20001034        0x4 Startup/system_XMC1300.o
                0x20001034                SystemCoreClock
 *(.gnu.linkonce.b*)
                0x20001038                __Xmc1300_eBSS = ALIGN (0x4)
                0x000006e8                __Xmc1300_BSS_Size = (__Xmc1300_eBSS - __Xmc1300_sBSS)
                0x10006d88                DataLoadAddr = (eROData + VeneerSize)

.data           0x20001040      0xe44 load address 0x10006d88
                0x20001040                __Xmc1300_sData = .
 *(.data)
 .data          0x20001040      0xa00 arm_graphic_equalizer_data.o
                0x20001040                testRefOutput_f32
                0x20001540                testInput_f32
 .data          0x20001a40       0x14 arm_graphic_equalizer_example_q31.o
                0x20001a40                gainDB
 .data          0x20001a54        0x0 Startup/startup_XMC1300.o
 .data          0x20001a54        0x0 Startup/system_XMC1300.o
 .data          0x20001a54        0x0 Common/Source/math_helper.o
 .data          0x20001a54        0x0 C:\DAVE-3.1\eclipse\/../CMSIS/Lib/GCC\libarm_cortexM0l_math.a(arm_float_to_q31.o)
 .data          0x20001a54        0x0 C:\DAVE-3.1\eclipse\/../CMSIS/Lib/GCC\libarm_cortexM0l_math.a(arm_q31_to_float.o)
 .data          0x20001a54        0x0 C:\DAVE-3.1\eclipse\/../CMSIS/Lib/GCC\libarm_cortexM0l_math.a(arm_biquad_cascade_df1_32x64_init_q31.o)
 .data          0x20001a54        0x0 C:\DAVE-3.1\eclipse\/../CMSIS/Lib/GCC\libarm_cortexM0l_math.a(arm_biquad_cascade_df1_32x64_q31.o)
 .data          0x20001a54        0x0 C:\DAVE-3.1\eclipse\/../CMSIS/Lib/GCC\libarm_cortexM0l_math.a(arm_biquad_cascade_df1_init_q31.o)
 .data          0x20001a54        0x0 C:\DAVE-3.1\eclipse\/../CMSIS/Lib/GCC\libarm_cortexM0l_math.a(arm_biquad_cascade_df1_q31.o)
 .data          0x20001a54        0x0 C:\DAVE-3.1\eclipse\/../CMSIS/Lib/GCC\libarm_cortexM0l_math.a(arm_scale_f32.o)
 .data          0x20001a54        0x0 C:\DAVE-3.1\eclipse\/../CMSIS/Lib/GCC\libarm_cortexM0l_math.a(arm_scale_q31.o)
 .data          0x20001a54        0x0 c:/dave-3.1/arm-gcc/bin/../lib/gcc/arm-none-eabi/4.7.4/../../../../arm-none-eabi/lib/armv6-m\libm.a(lib_a-w_log10.o)
 .data          0x20001a54        0x0 c:/dave-3.1/arm-gcc/bin/../lib/gcc/arm-none-eabi/4.7.4/../../../../arm-none-eabi/lib/armv6-m\libm.a(lib_a-e_log10.o)
 .data          0x20001a54        0x0 c:/dave-3.1/arm-gcc/bin/../lib/gcc/arm-none-eabi/4.7.4/../../../../arm-none-eabi/lib/armv6-m\libm.a(lib_a-s_fpclassify.o)
 .data          0x20001a54        0x0 c:/dave-3.1/arm-gcc/bin/../lib/gcc/arm-none-eabi/4.7.4/../../../../arm-none-eabi/lib/armv6-m\libm.a(lib_a-s_lib_ver.o)
 .data          0x20001a54        0x0 c:/dave-3.1/arm-gcc/bin/../lib/gcc/arm-none-eabi/4.7.4/../../../../arm-none-eabi/lib/armv6-m\libm.a(lib_a-s_matherr.o)
 .data          0x20001a54        0x0 c:/dave-3.1/arm-gcc/bin/../lib/gcc/arm-none-eabi/4.7.4/../../../../arm-none-eabi/lib/armv6-m\libm.a(lib_a-s_nan.o)
 .data          0x20001a54        0x0 c:/dave-3.1/arm-gcc/bin/../lib/gcc/arm-none-eabi/4.7.4/../../../../arm-none-eabi/lib/armv6-m\libm.a(lib_a-e_log.o)
 .data          0x20001a54        0x0 c:/dave-3.1/arm-gcc/bin/../lib/gcc/arm-none-eabi/4.7.4/armv6-m\libgcc.a(_udivsi3.o)
 .data          0x20001a54        0x0 c:/dave-3.1/arm-gcc/bin/../lib/gcc/arm-none-eabi/4.7.4/armv6-m\libgcc.a(_dvmd_tls.o)
 .data          0x20001a54        0x0 c:/dave-3.1/arm-gcc/bin/../lib/gcc/arm-none-eabi/4.7.4/armv6-m\libgcc.a(_arm_cmpdf2.o)
 .data          0x20001a54        0x0 c:/dave-3.1/arm-gcc/bin/../lib/gcc/arm-none-eabi/4.7.4/armv6-m\libgcc.a(_arm_cmpsf2.o)
 .data          0x20001a54        0x0 c:/dave-3.1/arm-gcc/bin/../lib/gcc/arm-none-eabi/4.7.4/armv6-m\libgcc.a(_muldi3.o)
 .data          0x20001a54        0x0 c:/dave-3.1/arm-gcc/bin/../lib/gcc/arm-none-eabi/4.7.4/armv6-m\libgcc.a(_fixsfdi.o)
 .data          0x20001a54        0x0 c:/dave-3.1/arm-gcc/bin/../lib/gcc/arm-none-eabi/4.7.4/armv6-m\libgcc.a(_fixunssfdi.o)
 .data          0x20001a54        0x0 c:/dave-3.1/arm-gcc/bin/../lib/gcc/arm-none-eabi/4.7.4/armv6-m\libgcc.a(addsf3.o)
 .data          0x20001a54        0x0 c:/dave-3.1/arm-gcc/bin/../lib/gcc/arm-none-eabi/4.7.4/armv6-m\libgcc.a(divsf3.o)
 .data          0x20001a54        0x0 c:/dave-3.1/arm-gcc/bin/../lib/gcc/arm-none-eabi/4.7.4/armv6-m\libgcc.a(eqsf2.o)
 .data          0x20001a54        0x0 c:/dave-3.1/arm-gcc/bin/../lib/gcc/arm-none-eabi/4.7.4/armv6-m\libgcc.a(gesf2.o)
 .data          0x20001a54        0x0 c:/dave-3.1/arm-gcc/bin/../lib/gcc/arm-none-eabi/4.7.4/armv6-m\libgcc.a(lesf2.o)
 .data          0x20001a54        0x0 c:/dave-3.1/arm-gcc/bin/../lib/gcc/arm-none-eabi/4.7.4/armv6-m\libgcc.a(mulsf3.o)
 .data          0x20001a54        0x0 c:/dave-3.1/arm-gcc/bin/../lib/gcc/arm-none-eabi/4.7.4/armv6-m\libgcc.a(subsf3.o)
 .data          0x20001a54        0x0 c:/dave-3.1/arm-gcc/bin/../lib/gcc/arm-none-eabi/4.7.4/armv6-m\libgcc.a(fixsfsi.o)
 .data          0x20001a54        0x0 c:/dave-3.1/arm-gcc/bin/../lib/gcc/arm-none-eabi/4.7.4/armv6-m\libgcc.a(floatsisf.o)
 .data          0x20001a54        0x0 c:/dave-3.1/arm-gcc/bin/../lib/gcc/arm-none-eabi/4.7.4/armv6-m\libgcc.a(floatunsisf.o)
 .data          0x20001a54        0x0 c:/dave-3.1/arm-gcc/bin/../lib/gcc/arm-none-eabi/4.7.4/armv6-m\libgcc.a(adddf3.o)
 .data          0x20001a54        0x0 c:/dave-3.1/arm-gcc/bin/../lib/gcc/arm-none-eabi/4.7.4/armv6-m\libgcc.a(divdf3.o)
 .data          0x20001a54        0x0 c:/dave-3.1/arm-gcc/bin/../lib/gcc/arm-none-eabi/4.7.4/armv6-m\libgcc.a(eqdf2.o)
 .data          0x20001a54        0x0 c:/dave-3.1/arm-gcc/bin/../lib/gcc/arm-none-eabi/4.7.4/armv6-m\libgcc.a(gedf2.o)
 .data          0x20001a54        0x0 c:/dave-3.1/arm-gcc/bin/../lib/gcc/arm-none-eabi/4.7.4/armv6-m\libgcc.a(ledf2.o)
 .data          0x20001a54        0x0 c:/dave-3.1/arm-gcc/bin/../lib/gcc/arm-none-eabi/4.7.4/armv6-m\libgcc.a(muldf3.o)
 .data          0x20001a54        0x0 c:/dave-3.1/arm-gcc/bin/../lib/gcc/arm-none-eabi/4.7.4/armv6-m\libgcc.a(subdf3.o)
 .data          0x20001a54        0x0 c:/dave-3.1/arm-gcc/bin/../lib/gcc/arm-none-eabi/4.7.4/armv6-m\libgcc.a(fixdfsi.o)
 .data          0x20001a54        0x0 c:/dave-3.1/arm-gcc/bin/../lib/gcc/arm-none-eabi/4.7.4/armv6-m\libgcc.a(floatsidf.o)
 .data          0x20001a54        0x0 c:/dave-3.1/arm-gcc/bin/../lib/gcc/arm-none-eabi/4.7.4/armv6-m\libgcc.a(floatunsidf.o)
 .data          0x20001a54        0x0 c:/dave-3.1/arm-gcc/bin/../lib/gcc/arm-none-eabi/4.7.4/armv6-m\libgcc.a(extendsfdf2.o)
 .data          0x20001a54        0x0 c:/dave-3.1/arm-gcc/bin/../lib/gcc/arm-none-eabi/4.7.4/armv6-m\libgcc.a(truncdfsf2.o)
 .data          0x20001a54        0x0 c:/dave-3.1/arm-gcc/bin/../lib/gcc/arm-none-eabi/4.7.4/armv6-m\libgcc.a(_clzsi2.o)
 .data          0x20001a54        0x0 c:/dave-3.1/arm-gcc/bin/../lib/gcc/arm-none-eabi/4.7.4/armv6-m\libgcc.a(_fixunsdfsi.o)
 .data          0x20001a54        0x0 c:/dave-3.1/arm-gcc/bin/../lib/gcc/arm-none-eabi/4.7.4/../../../../arm-none-eabi/lib/armv6-m\libg.a(lib_a-errno.o)
 .data          0x20001a54        0x0 c:/dave-3.1/arm-gcc/bin/../lib/gcc/arm-none-eabi/4.7.4/../../../../arm-none-eabi/lib/armv6-m\libg.a(lib_a-impure.o)
 .data          0x20001a54        0x0 c:/dave-3.1/arm-gcc/bin/../lib/gcc/arm-none-eabi/4.7.4/../../../../arm-none-eabi/lib/armv6-m\libg.a(lib_a-memset.o)
 *(.data*)
 .data.__fdlib_version
                0x20001a54        0x1 c:/dave-3.1/arm-gcc/bin/../lib/gcc/arm-none-eabi/4.7.4/../../../../arm-none-eabi/lib/armv6-m\libm.a(lib_a-s_lib_ver.o)
                0x20001a54                __fdlib_version
 *fill*         0x20001a55        0x3 00
 .data.impure_data
                0x20001a58      0x428 c:/dave-3.1/arm-gcc/bin/../lib/gcc/arm-none-eabi/4.7.4/../../../../arm-none-eabi/lib/armv6-m\libg.a(lib_a-impure.o)
 .data._impure_ptr
                0x20001e80        0x4 c:/dave-3.1/arm-gcc/bin/../lib/gcc/arm-none-eabi/4.7.4/../../../../arm-none-eabi/lib/armv6-m\libg.a(lib_a-impure.o)
                0x20001e80                _impure_ptr
 *(*.data)
 *(.gnu.linkonce.d*)
                0x20001e84                __Xmc1300_eData = ALIGN (0x4)
                0x00000e44                __Xmc1300_Data_Size = (__Xmc1300_eData - __Xmc1300_sData)
                0x20001e88                __Xmc1300_heap_start = ALIGN (0x8)
                0x20004000                __Xmc1300_heap_end = (ORIGIN (SRAM) + 0x4000)
                0x20001e88                Heap_Bank1_Start = __Xmc1300_heap_start
                0x00002178                Heap_Bank1_Size = (__Xmc1300_heap_end - __Xmc1300_heap_start)

.igot.plt       0x20001e84        0x0 load address 0x10007bcc
 .igot.plt      0x00000000        0x0 arm_graphic_equalizer_data.o

/DISCARD/
 *(.comment)

.stab
 *(.stab)

.stabstr
 *(.stabstr)

.debug
 *(.debug)

.line
 *(.line)

.debug_srcinfo
 *(.debug_srcinfo)

.debug_sfnames
 *(.debug_sfnames)

.debug_aranges  0x00000000      0x230
 *(.debug_aranges)
 .debug_aranges
                0x00000000       0x18 arm_graphic_equalizer_data.o
 .debug_aranges
                0x00000018       0x20 arm_graphic_equalizer_example_q31.o
 .debug_aranges
                0x00000038       0x40 Startup/startup_XMC1300.o
 .debug_aranges
                0x00000078       0x28 Startup/system_XMC1300.o
 .debug_aranges
                0x000000a0       0x90 Common/Source/math_helper.o
 .debug_aranges
                0x00000130       0x20 C:\DAVE-3.1\eclipse\/../CMSIS/Lib/GCC\libarm_cortexM0l_math.a(arm_float_to_q31.o)
 .debug_aranges
                0x00000150       0x20 C:\DAVE-3.1\eclipse\/../CMSIS/Lib/GCC\libarm_cortexM0l_math.a(arm_q31_to_float.o)
 .debug_aranges
                0x00000170       0x20 C:\DAVE-3.1\eclipse\/../CMSIS/Lib/GCC\libarm_cortexM0l_math.a(arm_biquad_cascade_df1_32x64_init_q31.o)
 .debug_aranges
                0x00000190       0x20 C:\DAVE-3.1\eclipse\/../CMSIS/Lib/GCC\libarm_cortexM0l_math.a(arm_biquad_cascade_df1_32x64_q31.o)
 .debug_aranges
                0x000001b0       0x20 C:\DAVE-3.1\eclipse\/../CMSIS/Lib/GCC\libarm_cortexM0l_math.a(arm_biquad_cascade_df1_init_q31.o)
 .debug_aranges
                0x000001d0       0x20 C:\DAVE-3.1\eclipse\/../CMSIS/Lib/GCC\libarm_cortexM0l_math.a(arm_biquad_cascade_df1_q31.o)
 .debug_aranges
                0x000001f0       0x20 C:\DAVE-3.1\eclipse\/../CMSIS/Lib/GCC\libarm_cortexM0l_math.a(arm_scale_f32.o)
 .debug_aranges
                0x00000210       0x20 C:\DAVE-3.1\eclipse\/../CMSIS/Lib/GCC\libarm_cortexM0l_math.a(arm_scale_q31.o)

.debug_pubnames
 *(.debug_pubnames)

.debug_pubtypes
 *(.debug_pubtypes)

.debug_info     0x00000000     0x1c2a
 *(.debug_info .gnu.linkonce.wi.*)
 .debug_info    0x00000000       0xcc arm_graphic_equalizer_data.o
 .debug_info    0x000000cc      0x3b7 arm_graphic_equalizer_example_q31.o
 .debug_info    0x00000483       0x8b Startup/startup_XMC1300.o
 .debug_info    0x0000050e      0x1c2 Startup/system_XMC1300.o
 .debug_info    0x000006d0      0x679 Common/Source/math_helper.o
 .debug_info    0x00000d49      0x186 C:\DAVE-3.1\eclipse\/../CMSIS/Lib/GCC\libarm_cortexM0l_math.a(arm_float_to_q31.o)
 .debug_info    0x00000ecf      0x133 C:\DAVE-3.1\eclipse\/../CMSIS/Lib/GCC\libarm_cortexM0l_math.a(arm_q31_to_float.o)
 .debug_info    0x00001002      0x1d6 C:\DAVE-3.1\eclipse\/../CMSIS/Lib/GCC\libarm_cortexM0l_math.a(arm_biquad_cascade_df1_32x64_init_q31.o)
 .debug_info    0x000011d8      0x342 C:\DAVE-3.1\eclipse\/../CMSIS/Lib/GCC\libarm_cortexM0l_math.a(arm_biquad_cascade_df1_32x64_q31.o)
 .debug_info    0x0000151a      0x1c4 C:\DAVE-3.1\eclipse\/../CMSIS/Lib/GCC\libarm_cortexM0l_math.a(arm_biquad_cascade_df1_init_q31.o)
 .debug_info    0x000016de      0x2aa C:\DAVE-3.1\eclipse\/../CMSIS/Lib/GCC\libarm_cortexM0l_math.a(arm_biquad_cascade_df1_q31.o)
 .debug_info    0x00001988      0x116 C:\DAVE-3.1\eclipse\/../CMSIS/Lib/GCC\libarm_cortexM0l_math.a(arm_scale_f32.o)
 .debug_info    0x00001a9e      0x18c C:\DAVE-3.1\eclipse\/../CMSIS/Lib/GCC\libarm_cortexM0l_math.a(arm_scale_q31.o)

.debug_abbrev   0x00000000      0xa49
 *(.debug_abbrev)
 .debug_abbrev  0x00000000       0x59 arm_graphic_equalizer_data.o
 .debug_abbrev  0x00000059      0x133 arm_graphic_equalizer_example_q31.o
 .debug_abbrev  0x0000018c       0x12 Startup/startup_XMC1300.o
 .debug_abbrev  0x0000019e       0xce Startup/system_XMC1300.o
 .debug_abbrev  0x0000026c      0x175 Common/Source/math_helper.o
 .debug_abbrev  0x000003e1       0xda C:\DAVE-3.1\eclipse\/../CMSIS/Lib/GCC\libarm_cortexM0l_math.a(arm_float_to_q31.o)
 .debug_abbrev  0x000004bb       0x97 C:\DAVE-3.1\eclipse\/../CMSIS/Lib/GCC\libarm_cortexM0l_math.a(arm_q31_to_float.o)
 .debug_abbrev  0x00000552       0xeb C:\DAVE-3.1\eclipse\/../CMSIS/Lib/GCC\libarm_cortexM0l_math.a(arm_biquad_cascade_df1_32x64_init_q31.o)
 .debug_abbrev  0x0000063d      0x128 C:\DAVE-3.1\eclipse\/../CMSIS/Lib/GCC\libarm_cortexM0l_math.a(arm_biquad_cascade_df1_32x64_q31.o)
 .debug_abbrev  0x00000765       0xeb C:\DAVE-3.1\eclipse\/../CMSIS/Lib/GCC\libarm_cortexM0l_math.a(arm_biquad_cascade_df1_init_q31.o)
 .debug_abbrev  0x00000850       0xcb C:\DAVE-3.1\eclipse\/../CMSIS/Lib/GCC\libarm_cortexM0l_math.a(arm_biquad_cascade_df1_q31.o)
 .debug_abbrev  0x0000091b       0x88 C:\DAVE-3.1\eclipse\/../CMSIS/Lib/GCC\libarm_cortexM0l_math.a(arm_scale_f32.o)
 .debug_abbrev  0x000009a3       0xa6 C:\DAVE-3.1\eclipse\/../CMSIS/Lib/GCC\libarm_cortexM0l_math.a(arm_scale_q31.o)

.debug_line     0x00000000     0x2a28
 *(.debug_line)
 .debug_line    0x00000000      0x2bf arm_graphic_equalizer_data.o
 .debug_line    0x000002bf      0x395 arm_graphic_equalizer_example_q31.o
 .debug_line    0x00000654      0x16b Startup/startup_XMC1300.o
 .debug_line    0x000007bf      0x2ec Startup/system_XMC1300.o
 .debug_line    0x00000aab      0x5ab Common/Source/math_helper.o
 .debug_line    0x00001056      0x357 C:\DAVE-3.1\eclipse\/../CMSIS/Lib/GCC\libarm_cortexM0l_math.a(arm_float_to_q31.o)
 .debug_line    0x000013ad      0x2f9 C:\DAVE-3.1\eclipse\/../CMSIS/Lib/GCC\libarm_cortexM0l_math.a(arm_q31_to_float.o)
 .debug_line    0x000016a6      0x2fc C:\DAVE-3.1\eclipse\/../CMSIS/Lib/GCC\libarm_cortexM0l_math.a(arm_biquad_cascade_df1_32x64_init_q31.o)
 .debug_line    0x000019a2      0x3d2 C:\DAVE-3.1\eclipse\/../CMSIS/Lib/GCC\libarm_cortexM0l_math.a(arm_biquad_cascade_df1_32x64_q31.o)
 .debug_line    0x00001d74      0x2fa C:\DAVE-3.1\eclipse\/../CMSIS/Lib/GCC\libarm_cortexM0l_math.a(arm_biquad_cascade_df1_init_q31.o)
 .debug_line    0x0000206e      0x387 C:\DAVE-3.1\eclipse\/../CMSIS/Lib/GCC\libarm_cortexM0l_math.a(arm_biquad_cascade_df1_q31.o)
 .debug_line    0x000023f5      0x2f5 C:\DAVE-3.1\eclipse\/../CMSIS/Lib/GCC\libarm_cortexM0l_math.a(arm_scale_f32.o)
 .debug_line    0x000026ea      0x33e C:\DAVE-3.1\eclipse\/../CMSIS/Lib/GCC\libarm_cortexM0l_math.a(arm_scale_q31.o)

.debug_frame    0x00000000      0xb40
 *(.debug_frame)
 .debug_frame   0x00000000       0x34 arm_graphic_equalizer_example_q31.o
 .debug_frame   0x00000034       0x4c Startup/system_XMC1300.o
 .debug_frame   0x00000080      0x24c Common/Source/math_helper.o
 .debug_frame   0x000002cc       0x40 C:\DAVE-3.1\eclipse\/../CMSIS/Lib/GCC\libarm_cortexM0l_math.a(arm_float_to_q31.o)
 .debug_frame   0x0000030c       0x40 C:\DAVE-3.1\eclipse\/../CMSIS/Lib/GCC\libarm_cortexM0l_math.a(arm_q31_to_float.o)
 .debug_frame   0x0000034c       0x30 C:\DAVE-3.1\eclipse\/../CMSIS/Lib/GCC\libarm_cortexM0l_math.a(arm_biquad_cascade_df1_32x64_init_q31.o)
 .debug_frame   0x0000037c       0x48 C:\DAVE-3.1\eclipse\/../CMSIS/Lib/GCC\libarm_cortexM0l_math.a(arm_biquad_cascade_df1_32x64_q31.o)
 .debug_frame   0x000003c4       0x30 C:\DAVE-3.1\eclipse\/../CMSIS/Lib/GCC\libarm_cortexM0l_math.a(arm_biquad_cascade_df1_init_q31.o)
 .debug_frame   0x000003f4       0x44 C:\DAVE-3.1\eclipse\/../CMSIS/Lib/GCC\libarm_cortexM0l_math.a(arm_biquad_cascade_df1_q31.o)
 .debug_frame   0x00000438       0x40 C:\DAVE-3.1\eclipse\/../CMSIS/Lib/GCC\libarm_cortexM0l_math.a(arm_scale_f32.o)
 .debug_frame   0x00000478       0x44 C:\DAVE-3.1\eclipse\/../CMSIS/Lib/GCC\libarm_cortexM0l_math.a(arm_scale_q31.o)
 .debug_frame   0x000004bc       0x38 c:/dave-3.1/arm-gcc/bin/../lib/gcc/arm-none-eabi/4.7.4/../../../../arm-none-eabi/lib/armv6-m\libm.a(lib_a-w_log10.o)
 .debug_frame   0x000004f4       0x38 c:/dave-3.1/arm-gcc/bin/../lib/gcc/arm-none-eabi/4.7.4/../../../../arm-none-eabi/lib/armv6-m\libm.a(lib_a-e_log10.o)
 .debug_frame   0x0000052c       0x2c c:/dave-3.1/arm-gcc/bin/../lib/gcc/arm-none-eabi/4.7.4/../../../../arm-none-eabi/lib/armv6-m\libm.a(lib_a-s_fpclassify.o)
 .debug_frame   0x00000558       0x20 c:/dave-3.1/arm-gcc/bin/../lib/gcc/arm-none-eabi/4.7.4/../../../../arm-none-eabi/lib/armv6-m\libm.a(lib_a-s_matherr.o)
 .debug_frame   0x00000578       0x20 c:/dave-3.1/arm-gcc/bin/../lib/gcc/arm-none-eabi/4.7.4/../../../../arm-none-eabi/lib/armv6-m\libm.a(lib_a-s_nan.o)
 .debug_frame   0x00000598       0x3c c:/dave-3.1/arm-gcc/bin/../lib/gcc/arm-none-eabi/4.7.4/../../../../arm-none-eabi/lib/armv6-m\libm.a(lib_a-e_log.o)
 .debug_frame   0x000005d4       0x20 c:/dave-3.1/arm-gcc/bin/../lib/gcc/arm-none-eabi/4.7.4/armv6-m\libgcc.a(_udivsi3.o)
 .debug_frame   0x000005f4       0x30 c:/dave-3.1/arm-gcc/bin/../lib/gcc/arm-none-eabi/4.7.4/armv6-m\libgcc.a(_muldi3.o)
 .debug_frame   0x00000624       0x28 c:/dave-3.1/arm-gcc/bin/../lib/gcc/arm-none-eabi/4.7.4/armv6-m\libgcc.a(_fixsfdi.o)
 .debug_frame   0x0000064c       0x2c c:/dave-3.1/arm-gcc/bin/../lib/gcc/arm-none-eabi/4.7.4/armv6-m\libgcc.a(_fixunssfdi.o)
 .debug_frame   0x00000678       0x30 c:/dave-3.1/arm-gcc/bin/../lib/gcc/arm-none-eabi/4.7.4/armv6-m\libgcc.a(addsf3.o)
 .debug_frame   0x000006a8       0x3c c:/dave-3.1/arm-gcc/bin/../lib/gcc/arm-none-eabi/4.7.4/armv6-m\libgcc.a(divsf3.o)
 .debug_frame   0x000006e4       0x2c c:/dave-3.1/arm-gcc/bin/../lib/gcc/arm-none-eabi/4.7.4/armv6-m\libgcc.a(eqsf2.o)
 .debug_frame   0x00000710       0x30 c:/dave-3.1/arm-gcc/bin/../lib/gcc/arm-none-eabi/4.7.4/armv6-m\libgcc.a(gesf2.o)
 .debug_frame   0x00000740       0x30 c:/dave-3.1/arm-gcc/bin/../lib/gcc/arm-none-eabi/4.7.4/armv6-m\libgcc.a(lesf2.o)
 .debug_frame   0x00000770       0x3c c:/dave-3.1/arm-gcc/bin/../lib/gcc/arm-none-eabi/4.7.4/armv6-m\libgcc.a(mulsf3.o)
 .debug_frame   0x000007ac       0x30 c:/dave-3.1/arm-gcc/bin/../lib/gcc/arm-none-eabi/4.7.4/armv6-m\libgcc.a(subsf3.o)
 .debug_frame   0x000007dc       0x20 c:/dave-3.1/arm-gcc/bin/../lib/gcc/arm-none-eabi/4.7.4/armv6-m\libgcc.a(fixsfsi.o)
 .debug_frame   0x000007fc       0x2c c:/dave-3.1/arm-gcc/bin/../lib/gcc/arm-none-eabi/4.7.4/armv6-m\libgcc.a(floatsisf.o)
 .debug_frame   0x00000828       0x28 c:/dave-3.1/arm-gcc/bin/../lib/gcc/arm-none-eabi/4.7.4/armv6-m\libgcc.a(floatunsisf.o)
 .debug_frame   0x00000850       0x3c c:/dave-3.1/arm-gcc/bin/../lib/gcc/arm-none-eabi/4.7.4/armv6-m\libgcc.a(adddf3.o)
 .debug_frame   0x0000088c       0x3c c:/dave-3.1/arm-gcc/bin/../lib/gcc/arm-none-eabi/4.7.4/armv6-m\libgcc.a(divdf3.o)
 .debug_frame   0x000008c8       0x34 c:/dave-3.1/arm-gcc/bin/../lib/gcc/arm-none-eabi/4.7.4/armv6-m\libgcc.a(eqdf2.o)
 .debug_frame   0x000008fc       0x38 c:/dave-3.1/arm-gcc/bin/../lib/gcc/arm-none-eabi/4.7.4/armv6-m\libgcc.a(gedf2.o)
 .debug_frame   0x00000934       0x38 c:/dave-3.1/arm-gcc/bin/../lib/gcc/arm-none-eabi/4.7.4/armv6-m\libgcc.a(ledf2.o)
 .debug_frame   0x0000096c       0x3c c:/dave-3.1/arm-gcc/bin/../lib/gcc/arm-none-eabi/4.7.4/armv6-m\libgcc.a(muldf3.o)
 .debug_frame   0x000009a8       0x38 c:/dave-3.1/arm-gcc/bin/../lib/gcc/arm-none-eabi/4.7.4/armv6-m\libgcc.a(subdf3.o)
 .debug_frame   0x000009e0       0x2c c:/dave-3.1/arm-gcc/bin/../lib/gcc/arm-none-eabi/4.7.4/armv6-m\libgcc.a(fixdfsi.o)
 .debug_frame   0x00000a0c       0x30 c:/dave-3.1/arm-gcc/bin/../lib/gcc/arm-none-eabi/4.7.4/armv6-m\libgcc.a(floatsidf.o)
 .debug_frame   0x00000a3c       0x2c c:/dave-3.1/arm-gcc/bin/../lib/gcc/arm-none-eabi/4.7.4/armv6-m\libgcc.a(floatunsidf.o)
 .debug_frame   0x00000a68       0x2c c:/dave-3.1/arm-gcc/bin/../lib/gcc/arm-none-eabi/4.7.4/armv6-m\libgcc.a(extendsfdf2.o)
 .debug_frame   0x00000a94       0x30 c:/dave-3.1/arm-gcc/bin/../lib/gcc/arm-none-eabi/4.7.4/armv6-m\libgcc.a(truncdfsf2.o)
 .debug_frame   0x00000ac4       0x2c c:/dave-3.1/arm-gcc/bin/../lib/gcc/arm-none-eabi/4.7.4/armv6-m\libgcc.a(_fixunsdfsi.o)
 .debug_frame   0x00000af0       0x20 c:/dave-3.1/arm-gcc/bin/../lib/gcc/arm-none-eabi/4.7.4/../../../../arm-none-eabi/lib/armv6-m\libg.a(lib_a-errno.o)
 .debug_frame   0x00000b10       0x30 c:/dave-3.1/arm-gcc/bin/../lib/gcc/arm-none-eabi/4.7.4/../../../../arm-none-eabi/lib/armv6-m\libg.a(lib_a-memset.o)

.debug_str      0x00000000    0x37967
 *(.debug_str)
 .debug_str     0x00000000     0x552d arm_graphic_equalizer_data.o
                               0x56b9 (size before relaxing)
 .debug_str     0x0000552d      0x25b arm_graphic_equalizer_example_q31.o
                               0x58fc (size before relaxing)
 .debug_str     0x00005788    0x31cac Startup/system_XMC1300.o
                              0x34cee (size before relaxing)
 .debug_str     0x00037434      0x1da Common/Source/math_helper.o
                               0x588b (size before relaxing)
 .debug_str     0x0003760e       0xd1 C:\DAVE-3.1\eclipse\/../CMSIS/Lib/GCC\libarm_cortexM0l_math.a(arm_float_to_q31.o)
                               0x571f (size before relaxing)
 .debug_str     0x000376df       0x3f C:\DAVE-3.1\eclipse\/../CMSIS/Lib/GCC\libarm_cortexM0l_math.a(arm_q31_to_float.o)
                               0x5701 (size before relaxing)
 .debug_str     0x0003771e       0x6e C:\DAVE-3.1\eclipse\/../CMSIS/Lib/GCC\libarm_cortexM0l_math.a(arm_biquad_cascade_df1_32x64_init_q31.o)
                               0x5765 (size before relaxing)
 .debug_str     0x0003778c       0x94 C:\DAVE-3.1\eclipse\/../CMSIS/Lib/GCC\libarm_cortexM0l_math.a(arm_biquad_cascade_df1_32x64_q31.o)
                               0x57a4 (size before relaxing)
 .debug_str     0x00037820       0x5f C:\DAVE-3.1\eclipse\/../CMSIS/Lib/GCC\libarm_cortexM0l_math.a(arm_biquad_cascade_df1_init_q31.o)
                               0x5752 (size before relaxing)
 .debug_str     0x0003787f       0x55 C:\DAVE-3.1\eclipse\/../CMSIS/Lib/GCC\libarm_cortexM0l_math.a(arm_biquad_cascade_df1_q31.o)
                               0x577c (size before relaxing)
 .debug_str     0x000378d4       0x41 C:\DAVE-3.1\eclipse\/../CMSIS/Lib/GCC\libarm_cortexM0l_math.a(arm_scale_f32.o)
                               0x56f5 (size before relaxing)
 .debug_str     0x00037915       0x52 C:\DAVE-3.1\eclipse\/../CMSIS/Lib/GCC\libarm_cortexM0l_math.a(arm_scale_q31.o)
                               0x5725 (size before relaxing)

.debug_loc      0x00000000     0x19d5
 *(.debug_loc)
 .debug_loc     0x00000000       0x3a arm_graphic_equalizer_example_q31.o
 .debug_loc     0x0000003a       0x64 Startup/system_XMC1300.o
 .debug_loc     0x0000009e      0x384 Common/Source/math_helper.o
 .debug_loc     0x00000422      0x12b C:\DAVE-3.1\eclipse\/../CMSIS/Lib/GCC\libarm_cortexM0l_math.a(arm_float_to_q31.o)
 .debug_loc     0x0000054d      0x116 C:\DAVE-3.1\eclipse\/../CMSIS/Lib/GCC\libarm_cortexM0l_math.a(arm_q31_to_float.o)
 .debug_loc     0x00000663       0xd3 C:\DAVE-3.1\eclipse\/../CMSIS/Lib/GCC\libarm_cortexM0l_math.a(arm_biquad_cascade_df1_32x64_init_q31.o)
 .debug_loc     0x00000736      0x890 C:\DAVE-3.1\eclipse\/../CMSIS/Lib/GCC\libarm_cortexM0l_math.a(arm_biquad_cascade_df1_32x64_q31.o)
 .debug_loc     0x00000fc6       0xc7 C:\DAVE-3.1\eclipse\/../CMSIS/Lib/GCC\libarm_cortexM0l_math.a(arm_biquad_cascade_df1_init_q31.o)
 .debug_loc     0x0000108d      0x65a C:\DAVE-3.1\eclipse\/../CMSIS/Lib/GCC\libarm_cortexM0l_math.a(arm_biquad_cascade_df1_q31.o)
 .debug_loc     0x000016e7      0x109 C:\DAVE-3.1\eclipse\/../CMSIS/Lib/GCC\libarm_cortexM0l_math.a(arm_scale_f32.o)
 .debug_loc     0x000017f0      0x1e5 C:\DAVE-3.1\eclipse\/../CMSIS/Lib/GCC\libarm_cortexM0l_math.a(arm_scale_q31.o)

.debug_macinfo
 *(.debug_macinfo)

.debug_ranges   0x00000000      0x1b8
 *(.debug_ranges)
 .debug_ranges  0x00000000       0x10 arm_graphic_equalizer_example_q31.o
 .debug_ranges  0x00000010       0x38 Startup/startup_XMC1300.o
 .debug_ranges  0x00000048       0x18 Startup/system_XMC1300.o
 .debug_ranges  0x00000060       0x80 Common/Source/math_helper.o
 .debug_ranges  0x000000e0       0x48 C:\DAVE-3.1\eclipse\/../CMSIS/Lib/GCC\libarm_cortexM0l_math.a(arm_float_to_q31.o)
 .debug_ranges  0x00000128       0x10 C:\DAVE-3.1\eclipse\/../CMSIS/Lib/GCC\libarm_cortexM0l_math.a(arm_q31_to_float.o)
 .debug_ranges  0x00000138       0x10 C:\DAVE-3.1\eclipse\/../CMSIS/Lib/GCC\libarm_cortexM0l_math.a(arm_biquad_cascade_df1_32x64_init_q31.o)
 .debug_ranges  0x00000148       0x30 C:\DAVE-3.1\eclipse\/../CMSIS/Lib/GCC\libarm_cortexM0l_math.a(arm_biquad_cascade_df1_32x64_q31.o)
 .debug_ranges  0x00000178       0x10 C:\DAVE-3.1\eclipse\/../CMSIS/Lib/GCC\libarm_cortexM0l_math.a(arm_biquad_cascade_df1_init_q31.o)
 .debug_ranges  0x00000188       0x10 C:\DAVE-3.1\eclipse\/../CMSIS/Lib/GCC\libarm_cortexM0l_math.a(arm_biquad_cascade_df1_q31.o)
 .debug_ranges  0x00000198       0x10 C:\DAVE-3.1\eclipse\/../CMSIS/Lib/GCC\libarm_cortexM0l_math.a(arm_scale_f32.o)
 .debug_ranges  0x000001a8       0x10 C:\DAVE-3.1\eclipse\/../CMSIS/Lib/GCC\libarm_cortexM0l_math.a(arm_scale_q31.o)

.debug_weaknames
 *(.debug_weaknames)

.debug_funcnames
 *(.debug_funcnames)

.debug_typenames
 *(.debug_typenames)

.debug_varnames
 *(.debug_varnames)

.build_attributes
                0x00000000      0x933
 *(.ARM.attributes)
 .ARM.attributes
                0x00000000       0x31 arm_graphic_equalizer_data.o
 .ARM.attributes
                0x00000031       0x31 arm_graphic_equalizer_example_q31.o
 .ARM.attributes
                0x00000062       0x21 Startup/startup_XMC1300.o
 .ARM.attributes
                0x00000083       0x31 Startup/system_XMC1300.o
 .ARM.attributes
                0x000000b4       0x31 Common/Source/math_helper.o
 .ARM.attributes
                0x000000e5       0x31 C:\DAVE-3.1\eclipse\/../CMSIS/Lib/GCC\libarm_cortexM0l_math.a(arm_float_to_q31.o)
 .ARM.attributes
                0x00000116       0x31 C:\DAVE-3.1\eclipse\/../CMSIS/Lib/GCC\libarm_cortexM0l_math.a(arm_q31_to_float.o)
 .ARM.attributes
                0x00000147       0x31 C:\DAVE-3.1\eclipse\/../CMSIS/Lib/GCC\libarm_cortexM0l_math.a(arm_biquad_cascade_df1_32x64_init_q31.o)
 .ARM.attributes
                0x00000178       0x31 C:\DAVE-3.1\eclipse\/../CMSIS/Lib/GCC\libarm_cortexM0l_math.a(arm_biquad_cascade_df1_32x64_q31.o)
 .ARM.attributes
                0x000001a9       0x31 C:\DAVE-3.1\eclipse\/../CMSIS/Lib/GCC\libarm_cortexM0l_math.a(arm_biquad_cascade_df1_init_q31.o)
 .ARM.attributes
                0x000001da       0x31 C:\DAVE-3.1\eclipse\/../CMSIS/Lib/GCC\libarm_cortexM0l_math.a(arm_biquad_cascade_df1_q31.o)
 .ARM.attributes
                0x0000020b       0x31 C:\DAVE-3.1\eclipse\/../CMSIS/Lib/GCC\libarm_cortexM0l_math.a(arm_scale_f32.o)
 .ARM.attributes
                0x0000023c       0x31 C:\DAVE-3.1\eclipse\/../CMSIS/Lib/GCC\libarm_cortexM0l_math.a(arm_scale_q31.o)
 .ARM.attributes
                0x0000026d       0x2c c:/dave-3.1/arm-gcc/bin/../lib/gcc/arm-none-eabi/4.7.4/../../../../arm-none-eabi/lib/armv6-m\libm.a(lib_a-w_log10.o)
 .ARM.attributes
                0x00000299       0x2c c:/dave-3.1/arm-gcc/bin/../lib/gcc/arm-none-eabi/4.7.4/../../../../arm-none-eabi/lib/armv6-m\libm.a(lib_a-e_log10.o)
 .ARM.attributes
                0x000002c5       0x2c c:/dave-3.1/arm-gcc/bin/../lib/gcc/arm-none-eabi/4.7.4/../../../../arm-none-eabi/lib/armv6-m\libm.a(lib_a-s_fpclassify.o)
 .ARM.attributes
                0x000002f1       0x2c c:/dave-3.1/arm-gcc/bin/../lib/gcc/arm-none-eabi/4.7.4/../../../../arm-none-eabi/lib/armv6-m\libm.a(lib_a-s_lib_ver.o)
 .ARM.attributes
                0x0000031d       0x2c c:/dave-3.1/arm-gcc/bin/../lib/gcc/arm-none-eabi/4.7.4/../../../../arm-none-eabi/lib/armv6-m\libm.a(lib_a-s_matherr.o)
 .ARM.attributes
                0x00000349       0x2c c:/dave-3.1/arm-gcc/bin/../lib/gcc/arm-none-eabi/4.7.4/../../../../arm-none-eabi/lib/armv6-m\libm.a(lib_a-s_nan.o)
 .ARM.attributes
                0x00000375       0x2c c:/dave-3.1/arm-gcc/bin/../lib/gcc/arm-none-eabi/4.7.4/../../../../arm-none-eabi/lib/armv6-m\libm.a(lib_a-e_log.o)
 .ARM.attributes
                0x000003a1       0x1e c:/dave-3.1/arm-gcc/bin/../lib/gcc/arm-none-eabi/4.7.4/armv6-m\libgcc.a(_udivsi3.o)
 .ARM.attributes
                0x000003bf       0x1e c:/dave-3.1/arm-gcc/bin/../lib/gcc/arm-none-eabi/4.7.4/armv6-m\libgcc.a(_dvmd_tls.o)
 .ARM.attributes
                0x000003dd       0x1e c:/dave-3.1/arm-gcc/bin/../lib/gcc/arm-none-eabi/4.7.4/armv6-m\libgcc.a(_arm_cmpdf2.o)
 .ARM.attributes
                0x000003fb       0x1e c:/dave-3.1/arm-gcc/bin/../lib/gcc/arm-none-eabi/4.7.4/armv6-m\libgcc.a(_arm_cmpsf2.o)
 .ARM.attributes
                0x00000419       0x2c c:/dave-3.1/arm-gcc/bin/../lib/gcc/arm-none-eabi/4.7.4/armv6-m\libgcc.a(_muldi3.o)
 .ARM.attributes
                0x00000445       0x2c c:/dave-3.1/arm-gcc/bin/../lib/gcc/arm-none-eabi/4.7.4/armv6-m\libgcc.a(_fixsfdi.o)
 .ARM.attributes
                0x00000471       0x2c c:/dave-3.1/arm-gcc/bin/../lib/gcc/arm-none-eabi/4.7.4/armv6-m\libgcc.a(_fixunssfdi.o)
 .ARM.attributes
                0x0000049d       0x2c c:/dave-3.1/arm-gcc/bin/../lib/gcc/arm-none-eabi/4.7.4/armv6-m\libgcc.a(addsf3.o)
 .ARM.attributes
                0x000004c9       0x2c c:/dave-3.1/arm-gcc/bin/../lib/gcc/arm-none-eabi/4.7.4/armv6-m\libgcc.a(divsf3.o)
 .ARM.attributes
                0x000004f5       0x2c c:/dave-3.1/arm-gcc/bin/../lib/gcc/arm-none-eabi/4.7.4/armv6-m\libgcc.a(eqsf2.o)
 .ARM.attributes
                0x00000521       0x2c c:/dave-3.1/arm-gcc/bin/../lib/gcc/arm-none-eabi/4.7.4/armv6-m\libgcc.a(gesf2.o)
 .ARM.attributes
                0x0000054d       0x2c c:/dave-3.1/arm-gcc/bin/../lib/gcc/arm-none-eabi/4.7.4/armv6-m\libgcc.a(lesf2.o)
 .ARM.attributes
                0x00000579       0x2c c:/dave-3.1/arm-gcc/bin/../lib/gcc/arm-none-eabi/4.7.4/armv6-m\libgcc.a(mulsf3.o)
 .ARM.attributes
                0x000005a5       0x2c c:/dave-3.1/arm-gcc/bin/../lib/gcc/arm-none-eabi/4.7.4/armv6-m\libgcc.a(subsf3.o)
 .ARM.attributes
                0x000005d1       0x2c c:/dave-3.1/arm-gcc/bin/../lib/gcc/arm-none-eabi/4.7.4/armv6-m\libgcc.a(fixsfsi.o)
 .ARM.attributes
                0x000005fd       0x2c c:/dave-3.1/arm-gcc/bin/../lib/gcc/arm-none-eabi/4.7.4/armv6-m\libgcc.a(floatsisf.o)
 .ARM.attributes
                0x00000629       0x2c c:/dave-3.1/arm-gcc/bin/../lib/gcc/arm-none-eabi/4.7.4/armv6-m\libgcc.a(floatunsisf.o)
 .ARM.attributes
                0x00000655       0x2c c:/dave-3.1/arm-gcc/bin/../lib/gcc/arm-none-eabi/4.7.4/armv6-m\libgcc.a(adddf3.o)
 .ARM.attributes
                0x00000681       0x2c c:/dave-3.1/arm-gcc/bin/../lib/gcc/arm-none-eabi/4.7.4/armv6-m\libgcc.a(divdf3.o)
 .ARM.attributes
                0x000006ad       0x2c c:/dave-3.1/arm-gcc/bin/../lib/gcc/arm-none-eabi/4.7.4/armv6-m\libgcc.a(eqdf2.o)
 .ARM.attributes
                0x000006d9       0x2c c:/dave-3.1/arm-gcc/bin/../lib/gcc/arm-none-eabi/4.7.4/armv6-m\libgcc.a(gedf2.o)
 .ARM.attributes
                0x00000705       0x2c c:/dave-3.1/arm-gcc/bin/../lib/gcc/arm-none-eabi/4.7.4/armv6-m\libgcc.a(ledf2.o)
 .ARM.attributes
                0x00000731       0x2c c:/dave-3.1/arm-gcc/bin/../lib/gcc/arm-none-eabi/4.7.4/armv6-m\libgcc.a(muldf3.o)
 .ARM.attributes
                0x0000075d       0x2c c:/dave-3.1/arm-gcc/bin/../lib/gcc/arm-none-eabi/4.7.4/armv6-m\libgcc.a(subdf3.o)
 .ARM.attributes
                0x00000789       0x2c c:/dave-3.1/arm-gcc/bin/../lib/gcc/arm-none-eabi/4.7.4/armv6-m\libgcc.a(fixdfsi.o)
 .ARM.attributes
                0x000007b5       0x2c c:/dave-3.1/arm-gcc/bin/../lib/gcc/arm-none-eabi/4.7.4/armv6-m\libgcc.a(floatsidf.o)
 .ARM.attributes
                0x000007e1       0x2c c:/dave-3.1/arm-gcc/bin/../lib/gcc/arm-none-eabi/4.7.4/armv6-m\libgcc.a(floatunsidf.o)
 .ARM.attributes
                0x0000080d       0x2c c:/dave-3.1/arm-gcc/bin/../lib/gcc/arm-none-eabi/4.7.4/armv6-m\libgcc.a(extendsfdf2.o)
 .ARM.attributes
                0x00000839       0x2c c:/dave-3.1/arm-gcc/bin/../lib/gcc/arm-none-eabi/4.7.4/armv6-m\libgcc.a(truncdfsf2.o)
 .ARM.attributes
                0x00000865       0x1e c:/dave-3.1/arm-gcc/bin/../lib/gcc/arm-none-eabi/4.7.4/armv6-m\libgcc.a(_clzsi2.o)
 .ARM.attributes
                0x00000883       0x2c c:/dave-3.1/arm-gcc/bin/../lib/gcc/arm-none-eabi/4.7.4/armv6-m\libgcc.a(_fixunsdfsi.o)
 .ARM.attributes
                0x000008af       0x2c c:/dave-3.1/arm-gcc/bin/../lib/gcc/arm-none-eabi/4.7.4/../../../../arm-none-eabi/lib/armv6-m\libg.a(lib_a-errno.o)
 .ARM.attributes
                0x000008db       0x2c c:/dave-3.1/arm-gcc/bin/../lib/gcc/arm-none-eabi/4.7.4/../../../../arm-none-eabi/lib/armv6-m\libg.a(lib_a-impure.o)
 .ARM.attributes
                0x00000907       0x2c c:/dave-3.1/arm-gcc/bin/../lib/gcc/arm-none-eabi/4.7.4/../../../../arm-none-eabi/lib/armv6-m\libg.a(lib_a-memset.o)
OUTPUT(Graphic_equalizer.elf elf32-littlearm)

.debug_macro    0x00000000     0xae15
 .debug_macro   0x00000000      0x114 arm_graphic_equalizer_data.o
 .debug_macro   0x00000114      0x7f0 arm_graphic_equalizer_data.o
 .debug_macro   0x00000904       0x12 arm_graphic_equalizer_data.o
 .debug_macro   0x00000916       0x3a arm_graphic_equalizer_data.o
 .debug_macro   0x00000950       0x3a arm_graphic_equalizer_data.o
 .debug_macro   0x0000098a       0x10 arm_graphic_equalizer_data.o
 .debug_macro   0x0000099a       0x2e arm_graphic_equalizer_data.o
 .debug_macro   0x000009c8       0xa3 arm_graphic_equalizer_data.o
 .debug_macro   0x00000a6b      0x20e arm_graphic_equalizer_data.o
 .debug_macro   0x00000c79       0x1f arm_graphic_equalizer_data.o
 .debug_macro   0x00000c98       0x12 arm_graphic_equalizer_data.o
 .debug_macro   0x00000caa       0x3a arm_graphic_equalizer_data.o
 .debug_macro   0x00000ce4       0x52 arm_graphic_equalizer_data.o
 .debug_macro   0x00000d36       0x19 arm_graphic_equalizer_data.o
 .debug_macro   0x00000d4f      0x16d arm_graphic_equalizer_data.o
 .debug_macro   0x00000ebc       0x89 arm_graphic_equalizer_data.o
 .debug_macro   0x00000f45       0x22 arm_graphic_equalizer_data.o
 .debug_macro   0x00000f67      0x1da arm_graphic_equalizer_data.o
 .debug_macro   0x00001141       0xb3 arm_graphic_equalizer_data.o
 .debug_macro   0x000011f4      0x143 arm_graphic_equalizer_example_q31.o
 .debug_macro   0x00001337       0xcf Startup/system_XMC1300.o
 .debug_macro   0x00001406       0x36 Startup/system_XMC1300.o
 .debug_macro   0x0000143c       0x22 Startup/system_XMC1300.o
 .debug_macro   0x0000145e      0x242 Startup/system_XMC1300.o
 .debug_macro   0x000016a0     0x83a5 Startup/system_XMC1300.o
 .debug_macro   0x00009a45      0x110 Common/Source/math_helper.o
 .debug_macro   0x00009b55      0x214 Common/Source/math_helper.o
 .debug_macro   0x00009d69       0x10 Common/Source/math_helper.o
 .debug_macro   0x00009d79      0x114 C:\DAVE-3.1\eclipse\/../CMSIS/Lib/GCC\libarm_cortexM0l_math.a(arm_float_to_q31.o)
 .debug_macro   0x00009e8d      0x7fc C:\DAVE-3.1\eclipse\/../CMSIS/Lib/GCC\libarm_cortexM0l_math.a(arm_float_to_q31.o)
 .debug_macro   0x0000a689      0x114 C:\DAVE-3.1\eclipse\/../CMSIS/Lib/GCC\libarm_cortexM0l_math.a(arm_q31_to_float.o)
 .debug_macro   0x0000a79d      0x114 C:\DAVE-3.1\eclipse\/../CMSIS/Lib/GCC\libarm_cortexM0l_math.a(arm_biquad_cascade_df1_32x64_init_q31.o)
 .debug_macro   0x0000a8b1      0x114 C:\DAVE-3.1\eclipse\/../CMSIS/Lib/GCC\libarm_cortexM0l_math.a(arm_biquad_cascade_df1_32x64_q31.o)
 .debug_macro   0x0000a9c5      0x114 C:\DAVE-3.1\eclipse\/../CMSIS/Lib/GCC\libarm_cortexM0l_math.a(arm_biquad_cascade_df1_init_q31.o)
 .debug_macro   0x0000aad9      0x114 C:\DAVE-3.1\eclipse\/../CMSIS/Lib/GCC\libarm_cortexM0l_math.a(arm_biquad_cascade_df1_q31.o)
 .debug_macro   0x0000abed      0x114 C:\DAVE-3.1\eclipse\/../CMSIS/Lib/GCC\libarm_cortexM0l_math.a(arm_scale_f32.o)
 .debug_macro   0x0000ad01      0x114 C:\DAVE-3.1\eclipse\/../CMSIS/Lib/GCC\libarm_cortexM0l_math.a(arm_scale_q31.o)
